[0.678s] Invoking command in '/root/ros_ws/build/my_interfaces': CMAKE_PREFIX_PATH=/opt/ros/humble _=/usr/bin/env /usr/bin/cmake /root/ros_ws/src/my_interfaces -DAMENT_CMAKE_SYMLINK_INSTALL=1 -DCMAKE_INSTALL_PREFIX=/root/ros_ws/install/my_interfaces
[0.747s] -- Found ament_cmake: 1.3.12 (/opt/ros/humble/share/ament_cmake/cmake)
[1.117s] -- Override CMake install command with custom implementation using symlinks instead of copying resources
[1.172s] -- Found rosidl_default_generators: 1.2.0 (/opt/ros/humble/share/rosidl_default_generators/cmake)
[1.180s] -- Using all available rosidl_typesupport_c: rosidl_typesupport_fastrtps_c;rosidl_typesupport_introspection_c
[1.192s] -- Found rosidl_adapter: 3.1.7 (/opt/ros/humble/share/rosidl_adapter/cmake)
[1.303s] -- Using all available rosidl_typesupport_cpp: rosidl_typesupport_fastrtps_cpp;rosidl_typesupport_introspection_cpp
[2.255s] -- Found ament_cmake_ros: 0.10.0 (/opt/ros/humble/share/ament_cmake_ros/cmake)
[2.906s] -- Using all available rosidl_typesupport_c: rosidl_typesupport_fastrtps_c;rosidl_typesupport_introspection_c
[3.649s] -- Using all available rosidl_typesupport_cpp: rosidl_typesupport_fastrtps_cpp;rosidl_typesupport_introspection_cpp
[3.710s] -- Found python_cmake_module: 0.10.0 (/opt/ros/humble/share/python_cmake_module/cmake)
[3.785s] -- Using PYTHON_EXECUTABLE: /usr/bin/python3
[3.785s] -- Using PYTHON_INCLUDE_DIRS: /usr/include/python3.10
[3.785s] -- Using PYTHON_LIBRARIES: /usr/lib/aarch64-linux-gnu/libpython3.10.so
[3.821s] -- Found ament_lint_auto: 0.12.14 (/opt/ros/humble/share/ament_lint_auto/cmake)
[3.913s] -- Added test 'lint_cmake' to check CMake code style
[3.917s] -- Added test 'xmllint' to check XML markup files
[3.977s] -- Configuring done
[4.180s] -- Generating done
[4.230s] -- Build files have been written to: /root/ros_ws/build/my_interfaces
[4.264s] Invoked command in '/root/ros_ws/build/my_interfaces' returned '0': CMAKE_PREFIX_PATH=/opt/ros/humble _=/usr/bin/env /usr/bin/cmake /root/ros_ws/src/my_interfaces -DAMENT_CMAKE_SYMLINK_INSTALL=1 -DCMAKE_INSTALL_PREFIX=/root/ros_ws/install/my_interfaces
[4.267s] Invoking command in '/root/ros_ws/build/my_interfaces': CMAKE_PREFIX_PATH=/opt/ros/humble _=/usr/bin/env /usr/bin/cmake --build /root/ros_ws/build/my_interfaces -- -j3 -l3
[4.395s] [  1%] Built target my_interfaces__cpp
[4.438s] failed to create symbolic link '/root/ros_ws/build/my_interfaces/ament_cmake_python/my_interfaces/my_interfaces' because existing path cannot be removed: Is a directory
[4.439s] gmake[2]: *** [CMakeFiles/ament_cmake_python_symlink_my_interfaces.dir/build.make:70: CMakeFiles/ament_cmake_python_symlink_my_interfaces] Error 1
[4.440s] gmake[1]: *** [CMakeFiles/Makefile2:421: CMakeFiles/ament_cmake_python_symlink_my_interfaces.dir/all] Error 2
[4.440s] gmake: *** [Makefile:146: all] Error 2
[4.449s] Invoked command in '/root/ros_ws/build/my_interfaces' returned '2': CMAKE_PREFIX_PATH=/opt/ros/humble _=/usr/bin/env /usr/bin/cmake --build /root/ros_ws/build/my_interfaces -- -j3 -l3
