[3.244s] Invoking command in '/root/ros_ws/build/control_py': PYTHONPATH=/root/ros_ws/build/control_py/prefix_override:/usr/lib/python3/dist-packages/colcon_core/task/python/colcon_distutils_commands:/root/ros_ws/install/control_py/lib/python3.10/site-packages:${PYTHONPATH} _=/usr/bin/env /usr/bin/python3 -W ignore:setup.py install is deprecated -W ignore:easy_install command is deprecated setup.py develop --editable --build-directory /root/ros_ws/build/control_py/build --no-deps symlink_data
[3.950s] running develop
[4.594s] running egg_info
[4.594s] writing control_py.egg-info/PKG-INFO
[4.594s] writing dependency_links to control_py.egg-info/dependency_links.txt
[4.594s] writing entry points to control_py.egg-info/entry_points.txt
[4.595s] writing requirements to control_py.egg-info/requires.txt
[4.595s] writing top-level names to control_py.egg-info/top_level.txt
[4.600s] reading manifest file 'control_py.egg-info/SOURCES.txt'
[4.610s] writing manifest file 'control_py.egg-info/SOURCES.txt'
[4.614s] running build_ext
[4.628s] Creating /root/ros_ws/install/control_py/lib/python3.10/site-packages/control-py.egg-link (link to .)
[4.631s] Installing combat script to /root/ros_ws/install/control_py/lib/control_py
[4.631s] Installing track_line script to /root/ros_ws/install/control_py/lib/control_py
[4.632s] 
[4.632s] Installed /root/ros_ws/build/control_py
[4.632s] running symlink_data
[4.632s] creating /root/ros_ws/install/control_py/share/control_py/config
[4.632s] symbolically linking /root/ros_ws/build/control_py/config/color_lim_lab.yaml -> /root/ros_ws/install/control_py/share/control_py/config
[4.633s] creating /root/ros_ws/install/control_py/share/control_py/launch
[4.633s] symbolically linking /root/ros_ws/build/control_py/launch/track_line_launch.yaml -> /root/ros_ws/install/control_py/share/control_py/launch
[4.826s] Invoked command in '/root/ros_ws/build/control_py' returned '0': PYTHONPATH=/root/ros_ws/build/control_py/prefix_override:/usr/lib/python3/dist-packages/colcon_core/task/python/colcon_distutils_commands:/root/ros_ws/install/control_py/lib/python3.10/site-packages:${PYTHONPATH} _=/usr/bin/env /usr/bin/python3 -W ignore:setup.py install is deprecated -W ignore:easy_install command is deprecated setup.py develop --editable --build-directory /root/ros_ws/build/control_py/build --no-deps symlink_data
