[0.273s] DEBUG:colcon:Command line arguments: ['/usr/bin/colcon', 'build', '--symlink-install']
[0.273s] DEBUG:colcon:Parsed command line arguments: Namespace(log_base=None, log_level=None, verb_name='build', build_base='build', install_base='install', merge_install=False, symlink_install=True, test_result_base=None, continue_on_error=False, executor='parallel', parallel_workers=3, event_handlers=None, ignore_user_meta=False, metas=['./colcon.meta'], base_paths=['.'], packages_ignore=None, packages_ignore_regex=None, paths=None, packages_up_to=None, packages_up_to_regex=None, packages_above=None, packages_above_and_dependencies=None, packages_above_depth=None, packages_select_by_dep=None, packages_skip_by_dep=None, packages_skip_up_to=None, packages_select_build_failed=False, packages_skip_build_finished=False, packages_select_test_failures=False, packages_skip_test_passed=False, packages_select=None, packages_skip=None, packages_select_regex=None, packages_skip_regex=None, packages_start=None, packages_end=None, allow_overriding=[], cmake_args=None, cmake_target=None, cmake_target_skip_unavailable=False, cmake_clean_cache=False, cmake_clean_first=False, cmake_force_configure=False, ament_cmake_args=None, catkin_cmake_args=None, catkin_skip_building_tests=False, verb_parser=<colcon_defaults.argument_parser.defaults.DefaultArgumentsDecorator object at 0xe7ffd2d2a5f0>, verb_extension=<colcon_core.verb.build.BuildVerb object at 0xe7ffd2eb7a30>, main=<bound method BuildVerb.main of <colcon_core.verb.build.BuildVerb object at 0xe7ffd2eb7a30>>)
[0.669s] Level 1:colcon.colcon_core.package_discovery:discover_packages(colcon_meta) check parameters
[0.669s] Level 1:colcon.colcon_core.package_discovery:discover_packages(recursive) check parameters
[0.669s] Level 1:colcon.colcon_core.package_discovery:discover_packages(ignore) check parameters
[0.670s] Level 1:colcon.colcon_core.package_discovery:discover_packages(path) check parameters
[0.670s] Level 1:colcon.colcon_core.package_discovery:discover_packages(colcon_meta) discover
[0.670s] Level 1:colcon.colcon_core.package_discovery:discover_packages(recursive) discover
[0.670s] INFO:colcon.colcon_core.package_discovery:Crawling recursively for packages in '/root/ros_ws'
[0.670s] Level 1:colcon.colcon_core.package_identification:_identify(.) by extensions ['ignore', 'ignore_ament_install']
[0.670s] Level 1:colcon.colcon_core.package_identification:_identify(.) by extension 'ignore'
[0.671s] Level 1:colcon.colcon_core.package_identification:_identify(.) by extension 'ignore_ament_install'
[0.671s] Level 1:colcon.colcon_core.package_identification:_identify(.) by extensions ['colcon_pkg']
[0.671s] Level 1:colcon.colcon_core.package_identification:_identify(.) by extension 'colcon_pkg'
[0.671s] Level 1:colcon.colcon_core.package_identification:_identify(.) by extensions ['colcon_meta']
[0.671s] Level 1:colcon.colcon_core.package_identification:_identify(.) by extension 'colcon_meta'
[0.671s] Level 1:colcon.colcon_core.package_identification:_identify(.) by extensions ['ros']
[0.671s] Level 1:colcon.colcon_core.package_identification:_identify(.) by extension 'ros'
[0.735s] Level 1:colcon.colcon_core.package_identification:_identify(.) by extensions ['cmake', 'python']
[0.735s] Level 1:colcon.colcon_core.package_identification:_identify(.) by extension 'cmake'
[0.735s] Level 1:colcon.colcon_core.package_identification:_identify(.) by extension 'python'
[0.735s] Level 1:colcon.colcon_core.package_identification:_identify(.) by extensions ['python_setup_py']
[0.735s] Level 1:colcon.colcon_core.package_identification:_identify(.) by extension 'python_setup_py'
[0.736s] Level 1:colcon.colcon_core.package_identification:_identify(build) by extensions ['ignore', 'ignore_ament_install']
[0.736s] Level 1:colcon.colcon_core.package_identification:_identify(build) by extension 'ignore'
[0.736s] Level 1:colcon.colcon_core.package_identification:_identify(build) ignored
[0.736s] Level 1:colcon.colcon_core.package_identification:_identify(install) by extensions ['ignore', 'ignore_ament_install']
[0.737s] Level 1:colcon.colcon_core.package_identification:_identify(install) by extension 'ignore'
[0.737s] Level 1:colcon.colcon_core.package_identification:_identify(install) ignored
[0.737s] Level 1:colcon.colcon_core.package_identification:_identify(log) by extensions ['ignore', 'ignore_ament_install']
[0.737s] Level 1:colcon.colcon_core.package_identification:_identify(log) by extension 'ignore'
[0.738s] Level 1:colcon.colcon_core.package_identification:_identify(log) ignored
[0.738s] Level 1:colcon.colcon_core.package_identification:_identify(src) by extensions ['ignore', 'ignore_ament_install']
[0.738s] Level 1:colcon.colcon_core.package_identification:_identify(src) by extension 'ignore'
[0.738s] Level 1:colcon.colcon_core.package_identification:_identify(src) by extension 'ignore_ament_install'
[0.738s] Level 1:colcon.colcon_core.package_identification:_identify(src) by extensions ['colcon_pkg']
[0.738s] Level 1:colcon.colcon_core.package_identification:_identify(src) by extension 'colcon_pkg'
[0.738s] Level 1:colcon.colcon_core.package_identification:_identify(src) by extensions ['colcon_meta']
[0.739s] Level 1:colcon.colcon_core.package_identification:_identify(src) by extension 'colcon_meta'
[0.739s] Level 1:colcon.colcon_core.package_identification:_identify(src) by extensions ['ros']
[0.739s] Level 1:colcon.colcon_core.package_identification:_identify(src) by extension 'ros'
[0.739s] Level 1:colcon.colcon_core.package_identification:_identify(src) by extensions ['cmake', 'python']
[0.739s] Level 1:colcon.colcon_core.package_identification:_identify(src) by extension 'cmake'
[0.739s] Level 1:colcon.colcon_core.package_identification:_identify(src) by extension 'python'
[0.739s] Level 1:colcon.colcon_core.package_identification:_identify(src) by extensions ['python_setup_py']
[0.739s] Level 1:colcon.colcon_core.package_identification:_identify(src) by extension 'python_setup_py'
[0.740s] Level 1:colcon.colcon_core.package_identification:_identify(src/control_py) by extensions ['ignore', 'ignore_ament_install']
[0.740s] Level 1:colcon.colcon_core.package_identification:_identify(src/control_py) by extension 'ignore'
[0.740s] Level 1:colcon.colcon_core.package_identification:_identify(src/control_py) by extension 'ignore_ament_install'
[0.740s] Level 1:colcon.colcon_core.package_identification:_identify(src/control_py) by extensions ['colcon_pkg']
[0.740s] Level 1:colcon.colcon_core.package_identification:_identify(src/control_py) by extension 'colcon_pkg'
[0.740s] Level 1:colcon.colcon_core.package_identification:_identify(src/control_py) by extensions ['colcon_meta']
[0.740s] Level 1:colcon.colcon_core.package_identification:_identify(src/control_py) by extension 'colcon_meta'
[0.741s] Level 1:colcon.colcon_core.package_identification:_identify(src/control_py) by extensions ['ros']
[0.741s] Level 1:colcon.colcon_core.package_identification:_identify(src/control_py) by extension 'ros'
[0.751s] DEBUG:colcon.colcon_core.package_identification:Package 'src/control_py' with type 'ros.ament_python' and name 'control_py'
[0.751s] Level 1:colcon.colcon_core.package_identification:_identify(src/decision) by extensions ['ignore', 'ignore_ament_install']
[0.752s] Level 1:colcon.colcon_core.package_identification:_identify(src/decision) by extension 'ignore'
[0.752s] Level 1:colcon.colcon_core.package_identification:_identify(src/decision) by extension 'ignore_ament_install'
[0.752s] Level 1:colcon.colcon_core.package_identification:_identify(src/decision) by extensions ['colcon_pkg']
[0.752s] Level 1:colcon.colcon_core.package_identification:_identify(src/decision) by extension 'colcon_pkg'
[0.752s] Level 1:colcon.colcon_core.package_identification:_identify(src/decision) by extensions ['colcon_meta']
[0.752s] Level 1:colcon.colcon_core.package_identification:_identify(src/decision) by extension 'colcon_meta'
[0.752s] Level 1:colcon.colcon_core.package_identification:_identify(src/decision) by extensions ['ros']
[0.752s] Level 1:colcon.colcon_core.package_identification:_identify(src/decision) by extension 'ros'
[0.755s] DEBUG:colcon.colcon_core.package_identification:Package 'src/decision' with type 'ros.ament_python' and name 'decision'
[0.755s] Level 1:colcon.colcon_core.package_identification:_identify(src/hardware_interface_py) by extensions ['ignore', 'ignore_ament_install']
[0.756s] Level 1:colcon.colcon_core.package_identification:_identify(src/hardware_interface_py) by extension 'ignore'
[0.756s] Level 1:colcon.colcon_core.package_identification:_identify(src/hardware_interface_py) by extension 'ignore_ament_install'
[0.756s] Level 1:colcon.colcon_core.package_identification:_identify(src/hardware_interface_py) by extensions ['colcon_pkg']
[0.756s] Level 1:colcon.colcon_core.package_identification:_identify(src/hardware_interface_py) by extension 'colcon_pkg'
[0.756s] Level 1:colcon.colcon_core.package_identification:_identify(src/hardware_interface_py) by extensions ['colcon_meta']
[0.756s] Level 1:colcon.colcon_core.package_identification:_identify(src/hardware_interface_py) by extension 'colcon_meta'
[0.756s] Level 1:colcon.colcon_core.package_identification:_identify(src/hardware_interface_py) by extensions ['ros']
[0.756s] Level 1:colcon.colcon_core.package_identification:_identify(src/hardware_interface_py) by extension 'ros'
[0.759s] DEBUG:colcon.colcon_core.package_identification:Package 'src/hardware_interface_py' with type 'ros.ament_python' and name 'hardware_interface_py'
[0.760s] Level 1:colcon.colcon_core.package_discovery:discover_packages(recursive) using defaults
[0.760s] Level 1:colcon.colcon_core.package_discovery:discover_packages(ignore) discover
[0.760s] Level 1:colcon.colcon_core.package_discovery:discover_packages(ignore) using defaults
[0.760s] Level 1:colcon.colcon_core.package_discovery:discover_packages(path) discover
[0.760s] Level 1:colcon.colcon_core.package_discovery:discover_packages(path) using defaults
[0.853s] Level 1:colcon.colcon_core.package_discovery:discover_packages(prefix_path) check parameters
[0.854s] Level 1:colcon.colcon_core.package_discovery:discover_packages(prefix_path) discover
[0.858s] DEBUG:colcon.colcon_installed_package_information.package_discovery:Found 7 installed packages in /root/ros_ws/install
[0.861s] DEBUG:colcon.colcon_installed_package_information.package_discovery:Found 272 installed packages in /opt/ros/humble
[0.865s] Level 1:colcon.colcon_core.package_discovery:discover_packages(prefix_path) using defaults
[0.962s] Level 5:colcon.colcon_core.verb:set package 'control_py' build argument 'cmake_args' from command line to 'None'
[0.963s] Level 5:colcon.colcon_core.verb:set package 'control_py' build argument 'cmake_target' from command line to 'None'
[0.963s] Level 5:colcon.colcon_core.verb:set package 'control_py' build argument 'cmake_target_skip_unavailable' from command line to 'False'
[0.963s] Level 5:colcon.colcon_core.verb:set package 'control_py' build argument 'cmake_clean_cache' from command line to 'False'
[0.963s] Level 5:colcon.colcon_core.verb:set package 'control_py' build argument 'cmake_clean_first' from command line to 'False'
[0.963s] Level 5:colcon.colcon_core.verb:set package 'control_py' build argument 'cmake_force_configure' from command line to 'False'
[0.963s] Level 5:colcon.colcon_core.verb:set package 'control_py' build argument 'ament_cmake_args' from command line to 'None'
[0.963s] Level 5:colcon.colcon_core.verb:set package 'control_py' build argument 'catkin_cmake_args' from command line to 'None'
[0.963s] Level 5:colcon.colcon_core.verb:set package 'control_py' build argument 'catkin_skip_building_tests' from command line to 'False'
[0.963s] DEBUG:colcon.colcon_core.verb:Building package 'control_py' with the following arguments: {'ament_cmake_args': None, 'build_base': '/root/ros_ws/build/control_py', 'catkin_cmake_args': None, 'catkin_skip_building_tests': False, 'cmake_args': None, 'cmake_clean_cache': False, 'cmake_clean_first': False, 'cmake_force_configure': False, 'cmake_target': None, 'cmake_target_skip_unavailable': False, 'install_base': '/root/ros_ws/install/control_py', 'merge_install': False, 'path': '/root/ros_ws/src/control_py', 'symlink_install': True, 'test_result_base': None}
[0.964s] Level 5:colcon.colcon_core.verb:set package 'decision' build argument 'cmake_args' from command line to 'None'
[0.964s] Level 5:colcon.colcon_core.verb:set package 'decision' build argument 'cmake_target' from command line to 'None'
[0.965s] Level 5:colcon.colcon_core.verb:set package 'decision' build argument 'cmake_target_skip_unavailable' from command line to 'False'
[0.965s] Level 5:colcon.colcon_core.verb:set package 'decision' build argument 'cmake_clean_cache' from command line to 'False'
[0.965s] Level 5:colcon.colcon_core.verb:set package 'decision' build argument 'cmake_clean_first' from command line to 'False'
[0.965s] Level 5:colcon.colcon_core.verb:set package 'decision' build argument 'cmake_force_configure' from command line to 'False'
[0.965s] Level 5:colcon.colcon_core.verb:set package 'decision' build argument 'ament_cmake_args' from command line to 'None'
[0.965s] Level 5:colcon.colcon_core.verb:set package 'decision' build argument 'catkin_cmake_args' from command line to 'None'
[0.965s] Level 5:colcon.colcon_core.verb:set package 'decision' build argument 'catkin_skip_building_tests' from command line to 'False'
[0.965s] DEBUG:colcon.colcon_core.verb:Building package 'decision' with the following arguments: {'ament_cmake_args': None, 'build_base': '/root/ros_ws/build/decision', 'catkin_cmake_args': None, 'catkin_skip_building_tests': False, 'cmake_args': None, 'cmake_clean_cache': False, 'cmake_clean_first': False, 'cmake_force_configure': False, 'cmake_target': None, 'cmake_target_skip_unavailable': False, 'install_base': '/root/ros_ws/install/decision', 'merge_install': False, 'path': '/root/ros_ws/src/decision', 'symlink_install': True, 'test_result_base': None}
[0.966s] Level 5:colcon.colcon_core.verb:set package 'hardware_interface_py' build argument 'cmake_args' from command line to 'None'
[0.966s] Level 5:colcon.colcon_core.verb:set package 'hardware_interface_py' build argument 'cmake_target' from command line to 'None'
[0.966s] Level 5:colcon.colcon_core.verb:set package 'hardware_interface_py' build argument 'cmake_target_skip_unavailable' from command line to 'False'
[0.966s] Level 5:colcon.colcon_core.verb:set package 'hardware_interface_py' build argument 'cmake_clean_cache' from command line to 'False'
[0.966s] Level 5:colcon.colcon_core.verb:set package 'hardware_interface_py' build argument 'cmake_clean_first' from command line to 'False'
[0.966s] Level 5:colcon.colcon_core.verb:set package 'hardware_interface_py' build argument 'cmake_force_configure' from command line to 'False'
[0.966s] Level 5:colcon.colcon_core.verb:set package 'hardware_interface_py' build argument 'ament_cmake_args' from command line to 'None'
[0.966s] Level 5:colcon.colcon_core.verb:set package 'hardware_interface_py' build argument 'catkin_cmake_args' from command line to 'None'
[0.966s] Level 5:colcon.colcon_core.verb:set package 'hardware_interface_py' build argument 'catkin_skip_building_tests' from command line to 'False'
[0.967s] DEBUG:colcon.colcon_core.verb:Building package 'hardware_interface_py' with the following arguments: {'ament_cmake_args': None, 'build_base': '/root/ros_ws/build/hardware_interface_py', 'catkin_cmake_args': None, 'catkin_skip_building_tests': False, 'cmake_args': None, 'cmake_clean_cache': False, 'cmake_clean_first': False, 'cmake_force_configure': False, 'cmake_target': None, 'cmake_target_skip_unavailable': False, 'install_base': '/root/ros_ws/install/hardware_interface_py', 'merge_install': False, 'path': '/root/ros_ws/src/hardware_interface_py', 'symlink_install': True, 'test_result_base': None}
[0.967s] INFO:colcon.colcon_core.executor:Executing jobs using 'parallel' executor
[0.969s] DEBUG:colcon.colcon_parallel_executor.executor.parallel:run_until_complete
[0.970s] INFO:colcon.colcon_ros.task.ament_python.build:Building ROS package in '/root/ros_ws/src/control_py' with build type 'ament_python'
[0.970s] Level 1:colcon.colcon_core.shell:create_environment_hook('control_py', 'ament_prefix_path')
[0.975s] INFO:colcon.colcon_core.plugin_system:Skipping extension 'colcon_core.shell.bat': Not used on non-Windows systems
[0.976s] INFO:colcon.colcon_core.shell:Creating environment hook '/root/ros_ws/install/control_py/share/control_py/hook/ament_prefix_path.ps1'
[0.978s] INFO:colcon.colcon_core.shell:Creating environment descriptor '/root/ros_ws/install/control_py/share/control_py/hook/ament_prefix_path.dsv'
[0.979s] INFO:colcon.colcon_core.shell:Creating environment hook '/root/ros_ws/install/control_py/share/control_py/hook/ament_prefix_path.sh'
[0.981s] INFO:colcon.colcon_core.shell:Skip shell extension 'powershell' for command environment: Not usable outside of PowerShell
[0.981s] DEBUG:colcon.colcon_core.shell:Skip shell extension 'dsv' for command environment
[0.989s] INFO:colcon.colcon_ros.task.ament_python.build:Building ROS package in '/root/ros_ws/src/decision' with build type 'ament_python'
[0.989s] Level 1:colcon.colcon_core.shell:create_environment_hook('decision', 'ament_prefix_path')
[0.990s] INFO:colcon.colcon_core.shell:Creating environment hook '/root/ros_ws/install/decision/share/decision/hook/ament_prefix_path.ps1'
[0.992s] INFO:colcon.colcon_core.shell:Creating environment descriptor '/root/ros_ws/install/decision/share/decision/hook/ament_prefix_path.dsv'
[0.993s] INFO:colcon.colcon_core.shell:Creating environment hook '/root/ros_ws/install/decision/share/decision/hook/ament_prefix_path.sh'
[0.995s] INFO:colcon.colcon_core.shell:Skip shell extension 'powershell' for command environment: Not usable outside of PowerShell
[0.996s] DEBUG:colcon.colcon_core.shell:Skip shell extension 'dsv' for command environment
[1.003s] INFO:colcon.colcon_ros.task.ament_python.build:Building ROS package in '/root/ros_ws/src/hardware_interface_py' with build type 'ament_python'
[1.004s] Level 1:colcon.colcon_core.shell:create_environment_hook('hardware_interface_py', 'ament_prefix_path')
[1.005s] INFO:colcon.colcon_core.shell:Creating environment hook '/root/ros_ws/install/hardware_interface_py/share/hardware_interface_py/hook/ament_prefix_path.ps1'
[1.006s] INFO:colcon.colcon_core.shell:Creating environment descriptor '/root/ros_ws/install/hardware_interface_py/share/hardware_interface_py/hook/ament_prefix_path.dsv'
[1.007s] INFO:colcon.colcon_core.shell:Creating environment hook '/root/ros_ws/install/hardware_interface_py/share/hardware_interface_py/hook/ament_prefix_path.sh'
[1.009s] INFO:colcon.colcon_core.shell:Skip shell extension 'powershell' for command environment: Not usable outside of PowerShell
[1.009s] DEBUG:colcon.colcon_core.shell:Skip shell extension 'dsv' for command environment
[1.691s] INFO:colcon.colcon_core.task.python.build:Building Python package in '/root/ros_ws/src/control_py'
[1.691s] INFO:colcon.colcon_core.shell:Skip shell extension 'powershell' for command environment: Not usable outside of PowerShell
[1.692s] DEBUG:colcon.colcon_core.shell:Skip shell extension 'dsv' for command environment
[2.361s] INFO:colcon.colcon_core.task.python.build:Building Python package in '/root/ros_ws/src/decision'
[2.362s] INFO:colcon.colcon_core.shell:Skip shell extension 'powershell' for command environment: Not usable outside of PowerShell
[2.362s] DEBUG:colcon.colcon_core.shell:Skip shell extension 'dsv' for command environment
[3.042s] INFO:colcon.colcon_core.task.python.build:Building Python package in '/root/ros_ws/src/hardware_interface_py'
[3.043s] INFO:colcon.colcon_core.shell:Skip shell extension 'powershell' for command environment: Not usable outside of PowerShell
[3.043s] DEBUG:colcon.colcon_core.shell:Skip shell extension 'dsv' for command environment
[4.009s] DEBUG:colcon.colcon_core.event_handler.log_command:Invoking command in '/root/ros_ws/build/control_py': PYTHONPATH=/root/ros_ws/build/control_py/prefix_override:/usr/lib/python3/dist-packages/colcon_core/task/python/colcon_distutils_commands:/root/ros_ws/install/control_py/lib/python3.10/site-packages:${PYTHONPATH} _=/usr/bin/env /usr/bin/python3 -W ignore:setup.py install is deprecated -W ignore:easy_install command is deprecated setup.py develop --editable --build-directory /root/ros_ws/build/control_py/build --no-deps symlink_data
[4.054s] DEBUG:colcon.colcon_core.event_handler.log_command:Invoking command in '/root/ros_ws/build/decision': PYTHONPATH=/root/ros_ws/build/decision/prefix_override:/usr/lib/python3/dist-packages/colcon_core/task/python/colcon_distutils_commands:/root/ros_ws/install/decision/lib/python3.10/site-packages:${PYTHONPATH} _=/usr/bin/env /usr/bin/python3 -W ignore:setup.py install is deprecated -W ignore:easy_install command is deprecated setup.py develop --editable --build-directory /root/ros_ws/build/decision/build --no-deps symlink_data
[4.093s] DEBUG:colcon.colcon_core.event_handler.log_command:Invoking command in '/root/ros_ws/build/hardware_interface_py': PYTHONPATH=/root/ros_ws/build/hardware_interface_py/prefix_override:/usr/lib/python3/dist-packages/colcon_core/task/python/colcon_distutils_commands:/root/ros_ws/install/hardware_interface_py/lib/python3.10/site-packages:${PYTHONPATH} _=/usr/bin/env /usr/bin/python3 -W ignore:setup.py install is deprecated -W ignore:easy_install command is deprecated setup.py develop --editable --build-directory /root/ros_ws/build/hardware_interface_py/build --no-deps symlink_data
[5.633s] Level 1:colcon.colcon_core.shell:create_environment_hook('control_py', 'pythonpath_develop')
[5.634s] INFO:colcon.colcon_core.shell:Creating environment hook '/root/ros_ws/build/control_py/share/control_py/hook/pythonpath_develop.ps1'
[5.636s] DEBUG:colcon.colcon_core.event_handler.log_command:Invoked command in '/root/ros_ws/build/control_py' returned '0': PYTHONPATH=/root/ros_ws/build/control_py/prefix_override:/usr/lib/python3/dist-packages/colcon_core/task/python/colcon_distutils_commands:/root/ros_ws/install/control_py/lib/python3.10/site-packages:${PYTHONPATH} _=/usr/bin/env /usr/bin/python3 -W ignore:setup.py install is deprecated -W ignore:easy_install command is deprecated setup.py develop --editable --build-directory /root/ros_ws/build/control_py/build --no-deps symlink_data
[5.640s] INFO:colcon.colcon_core.shell:Creating environment descriptor '/root/ros_ws/build/control_py/share/control_py/hook/pythonpath_develop.dsv'
[5.642s] INFO:colcon.colcon_core.shell:Creating environment hook '/root/ros_ws/build/control_py/share/control_py/hook/pythonpath_develop.sh'
[5.649s] Level 1:colcon.colcon_core.environment:checking '/root/ros_ws/install/control_py' for CMake module files
[5.651s] Level 1:colcon.colcon_core.environment:checking '/root/ros_ws/install/control_py' for CMake config files
[5.652s] Level 1:colcon.colcon_core.environment:checking '/root/ros_ws/install/control_py/lib'
[5.652s] Level 1:colcon.colcon_core.environment:checking '/root/ros_ws/install/control_py/bin'
[5.653s] Level 1:colcon.colcon_core.environment:checking '/root/ros_ws/install/control_py/lib/pkgconfig/control_py.pc'
[5.653s] Level 1:colcon.colcon_core.environment:checking '/root/ros_ws/install/control_py/lib/python3.10/site-packages'
[5.654s] Level 1:colcon.colcon_core.shell:create_environment_hook('control_py', 'pythonpath')
[5.654s] INFO:colcon.colcon_core.shell:Creating environment hook '/root/ros_ws/install/control_py/share/control_py/hook/pythonpath.ps1'
[5.656s] INFO:colcon.colcon_core.shell:Creating environment descriptor '/root/ros_ws/install/control_py/share/control_py/hook/pythonpath.dsv'
[5.657s] INFO:colcon.colcon_core.shell:Creating environment hook '/root/ros_ws/install/control_py/share/control_py/hook/pythonpath.sh'
[5.658s] Level 1:colcon.colcon_core.environment:checking '/root/ros_ws/install/control_py/bin'
[5.659s] Level 1:colcon.colcon_core.environment:create_environment_scripts_only(control_py)
[5.660s] INFO:colcon.colcon_core.shell:Creating package script '/root/ros_ws/install/control_py/share/control_py/package.ps1'
[5.662s] INFO:colcon.colcon_core.shell:Creating package descriptor '/root/ros_ws/install/control_py/share/control_py/package.dsv'
[5.664s] INFO:colcon.colcon_core.shell:Creating package script '/root/ros_ws/install/control_py/share/control_py/package.sh'
[5.667s] INFO:colcon.colcon_core.shell:Creating package script '/root/ros_ws/install/control_py/share/control_py/package.bash'
[5.668s] INFO:colcon.colcon_core.shell:Creating package script '/root/ros_ws/install/control_py/share/control_py/package.zsh'
[5.670s] Level 1:colcon.colcon_core.environment:create_file_with_runtime_dependencies(/root/ros_ws/install/control_py/share/colcon-core/packages/control_py)
[5.673s] Level 1:colcon.colcon_core.shell:create_environment_hook('decision', 'pythonpath_develop')
[5.674s] DEBUG:colcon.colcon_core.event_handler.log_command:Invoked command in '/root/ros_ws/build/decision' returned '0': PYTHONPATH=/root/ros_ws/build/decision/prefix_override:/usr/lib/python3/dist-packages/colcon_core/task/python/colcon_distutils_commands:/root/ros_ws/install/decision/lib/python3.10/site-packages:${PYTHONPATH} _=/usr/bin/env /usr/bin/python3 -W ignore:setup.py install is deprecated -W ignore:easy_install command is deprecated setup.py develop --editable --build-directory /root/ros_ws/build/decision/build --no-deps symlink_data
[5.675s] INFO:colcon.colcon_core.shell:Creating environment hook '/root/ros_ws/build/decision/share/decision/hook/pythonpath_develop.ps1'
[5.677s] INFO:colcon.colcon_core.shell:Creating environment descriptor '/root/ros_ws/build/decision/share/decision/hook/pythonpath_develop.dsv'
[5.679s] INFO:colcon.colcon_core.shell:Creating environment hook '/root/ros_ws/build/decision/share/decision/hook/pythonpath_develop.sh'
[5.682s] Level 1:colcon.colcon_core.environment:checking '/root/ros_ws/install/decision' for CMake module files
[5.683s] Level 1:colcon.colcon_core.environment:checking '/root/ros_ws/install/decision' for CMake config files
[5.685s] Level 1:colcon.colcon_core.environment:checking '/root/ros_ws/install/decision/lib'
[5.685s] Level 1:colcon.colcon_core.environment:checking '/root/ros_ws/install/decision/bin'
[5.685s] Level 1:colcon.colcon_core.environment:checking '/root/ros_ws/install/decision/lib/pkgconfig/decision.pc'
[5.686s] Level 1:colcon.colcon_core.environment:checking '/root/ros_ws/install/decision/lib/python3.10/site-packages'
[5.686s] Level 1:colcon.colcon_core.shell:create_environment_hook('decision', 'pythonpath')
[5.688s] INFO:colcon.colcon_core.shell:Creating environment hook '/root/ros_ws/install/decision/share/decision/hook/pythonpath.ps1'
[5.689s] INFO:colcon.colcon_core.shell:Creating environment descriptor '/root/ros_ws/install/decision/share/decision/hook/pythonpath.dsv'
[5.690s] INFO:colcon.colcon_core.shell:Creating environment hook '/root/ros_ws/install/decision/share/decision/hook/pythonpath.sh'
[5.692s] Level 1:colcon.colcon_core.environment:checking '/root/ros_ws/install/decision/bin'
[5.692s] Level 1:colcon.colcon_core.environment:create_environment_scripts_only(decision)
[5.693s] INFO:colcon.colcon_core.shell:Creating package script '/root/ros_ws/install/decision/share/decision/package.ps1'
[5.695s] INFO:colcon.colcon_core.shell:Creating package descriptor '/root/ros_ws/install/decision/share/decision/package.dsv'
[5.696s] INFO:colcon.colcon_core.shell:Creating package script '/root/ros_ws/install/decision/share/decision/package.sh'
[5.698s] INFO:colcon.colcon_core.shell:Creating package script '/root/ros_ws/install/decision/share/decision/package.bash'
[5.699s] INFO:colcon.colcon_core.shell:Creating package script '/root/ros_ws/install/decision/share/decision/package.zsh'
[5.700s] Level 1:colcon.colcon_core.environment:create_file_with_runtime_dependencies(/root/ros_ws/install/decision/share/colcon-core/packages/decision)
[5.790s] Level 1:colcon.colcon_core.shell:create_environment_hook('hardware_interface_py', 'pythonpath_develop')
[5.791s] DEBUG:colcon.colcon_core.event_handler.log_command:Invoked command in '/root/ros_ws/build/hardware_interface_py' returned '0': PYTHONPATH=/root/ros_ws/build/hardware_interface_py/prefix_override:/usr/lib/python3/dist-packages/colcon_core/task/python/colcon_distutils_commands:/root/ros_ws/install/hardware_interface_py/lib/python3.10/site-packages:${PYTHONPATH} _=/usr/bin/env /usr/bin/python3 -W ignore:setup.py install is deprecated -W ignore:easy_install command is deprecated setup.py develop --editable --build-directory /root/ros_ws/build/hardware_interface_py/build --no-deps symlink_data
[5.792s] INFO:colcon.colcon_core.shell:Creating environment hook '/root/ros_ws/build/hardware_interface_py/share/hardware_interface_py/hook/pythonpath_develop.ps1'
[5.802s] INFO:colcon.colcon_core.shell:Creating environment descriptor '/root/ros_ws/build/hardware_interface_py/share/hardware_interface_py/hook/pythonpath_develop.dsv'
[5.806s] INFO:colcon.colcon_core.shell:Creating environment hook '/root/ros_ws/build/hardware_interface_py/share/hardware_interface_py/hook/pythonpath_develop.sh'
[5.814s] Level 1:colcon.colcon_core.environment:checking '/root/ros_ws/install/hardware_interface_py' for CMake module files
[5.815s] Level 1:colcon.colcon_core.environment:checking '/root/ros_ws/install/hardware_interface_py' for CMake config files
[5.817s] Level 1:colcon.colcon_core.environment:checking '/root/ros_ws/install/hardware_interface_py/lib'
[5.817s] Level 1:colcon.colcon_core.environment:checking '/root/ros_ws/install/hardware_interface_py/bin'
[5.817s] Level 1:colcon.colcon_core.environment:checking '/root/ros_ws/install/hardware_interface_py/lib/pkgconfig/hardware_interface_py.pc'
[5.822s] Level 1:colcon.colcon_core.environment:checking '/root/ros_ws/install/hardware_interface_py/lib/python3.10/site-packages'
[5.822s] Level 1:colcon.colcon_core.shell:create_environment_hook('hardware_interface_py', 'pythonpath')
[5.823s] INFO:colcon.colcon_core.shell:Creating environment hook '/root/ros_ws/install/hardware_interface_py/share/hardware_interface_py/hook/pythonpath.ps1'
[5.828s] INFO:colcon.colcon_core.shell:Creating environment descriptor '/root/ros_ws/install/hardware_interface_py/share/hardware_interface_py/hook/pythonpath.dsv'
[5.834s] INFO:colcon.colcon_core.shell:Creating environment hook '/root/ros_ws/install/hardware_interface_py/share/hardware_interface_py/hook/pythonpath.sh'
[5.837s] Level 1:colcon.colcon_core.environment:checking '/root/ros_ws/install/hardware_interface_py/bin'
[5.837s] Level 1:colcon.colcon_core.environment:create_environment_scripts_only(hardware_interface_py)
[5.839s] INFO:colcon.colcon_core.shell:Creating package script '/root/ros_ws/install/hardware_interface_py/share/hardware_interface_py/package.ps1'
[5.852s] INFO:colcon.colcon_core.shell:Creating package descriptor '/root/ros_ws/install/hardware_interface_py/share/hardware_interface_py/package.dsv'
[5.854s] INFO:colcon.colcon_core.shell:Creating package script '/root/ros_ws/install/hardware_interface_py/share/hardware_interface_py/package.sh'
[5.856s] INFO:colcon.colcon_core.shell:Creating package script '/root/ros_ws/install/hardware_interface_py/share/hardware_interface_py/package.bash'
[5.858s] INFO:colcon.colcon_core.shell:Creating package script '/root/ros_ws/install/hardware_interface_py/share/hardware_interface_py/package.zsh'
[5.859s] Level 1:colcon.colcon_core.environment:create_file_with_runtime_dependencies(/root/ros_ws/install/hardware_interface_py/share/colcon-core/packages/hardware_interface_py)
[5.862s] DEBUG:colcon.colcon_parallel_executor.executor.parallel:closing loop
[5.865s] DEBUG:colcon.colcon_parallel_executor.executor.parallel:loop closed
[5.866s] DEBUG:colcon.colcon_parallel_executor.executor.parallel:run_until_complete finished with '0'
[5.866s] DEBUG:colcon.colcon_core.event_reactor:joining thread
[5.883s] INFO:colcon.colcon_core.plugin_system:Skipping extension 'colcon_notification.desktop_notification.terminal_notifier': Not used on non-Darwin systems
[5.884s] INFO:colcon.colcon_core.plugin_system:Skipping extension 'colcon_notification.desktop_notification.win32': Not used on non-Windows systems
[5.884s] INFO:colcon.colcon_notification.desktop_notification:Sending desktop notification using 'notify2'
[5.900s] DEBUG:colcon.colcon_core.event_reactor:joined thread
[5.902s] INFO:colcon.colcon_core.shell:Creating prefix script '/root/ros_ws/install/local_setup.ps1'
[5.905s] INFO:colcon.colcon_core.shell:Creating prefix util module '/root/ros_ws/install/_local_setup_util_ps1.py'
[5.921s] INFO:colcon.colcon_core.shell:Creating prefix chain script '/root/ros_ws/install/setup.ps1'
[5.929s] INFO:colcon.colcon_core.shell:Creating prefix script '/root/ros_ws/install/local_setup.sh'
[5.931s] INFO:colcon.colcon_core.shell:Creating prefix util module '/root/ros_ws/install/_local_setup_util_sh.py'
[5.934s] INFO:colcon.colcon_core.shell:Creating prefix chain script '/root/ros_ws/install/setup.sh'
[5.937s] INFO:colcon.colcon_core.shell:Creating prefix script '/root/ros_ws/install/local_setup.bash'
[5.940s] INFO:colcon.colcon_core.shell:Creating prefix chain script '/root/ros_ws/install/setup.bash'
[5.944s] INFO:colcon.colcon_core.shell:Creating prefix script '/root/ros_ws/install/local_setup.zsh'
[5.946s] INFO:colcon.colcon_core.shell:Creating prefix chain script '/root/ros_ws/install/setup.zsh'
