[0.254s] DEBUG:colcon:Command line arguments: ['/usr/bin/colcon', 'build']
[0.255s] DEBUG:colcon:Parsed command line arguments: Namespace(log_base=None, log_level=None, verb_name='build', build_base='build', install_base='install', merge_install=False, symlink_install=False, test_result_base=None, continue_on_error=False, executor='parallel', parallel_workers=3, event_handlers=None, ignore_user_meta=False, metas=['./colcon.meta'], base_paths=['.'], packages_ignore=None, packages_ignore_regex=None, paths=None, packages_up_to=None, packages_up_to_regex=None, packages_above=None, packages_above_and_dependencies=None, packages_above_depth=None, packages_select_by_dep=None, packages_skip_by_dep=None, packages_skip_up_to=None, packages_select_build_failed=False, packages_skip_build_finished=False, packages_select_test_failures=False, packages_skip_test_passed=False, packages_select=None, packages_skip=None, packages_select_regex=None, packages_skip_regex=None, packages_start=None, packages_end=None, allow_overriding=[], cmake_args=None, cmake_target=None, cmake_target_skip_unavailable=False, cmake_clean_cache=False, cmake_clean_first=False, cmake_force_configure=False, ament_cmake_args=None, catkin_cmake_args=None, catkin_skip_building_tests=False, verb_parser=<colcon_defaults.argument_parser.defaults.DefaultArgumentsDecorator object at 0xe7ffe2055f00>, verb_extension=<colcon_core.verb.build.BuildVerb object at 0xe7ffe21e7340>, main=<bound method BuildVerb.main of <colcon_core.verb.build.BuildVerb object at 0xe7ffe21e7340>>)
[0.638s] Level 1:colcon.colcon_core.package_discovery:discover_packages(colcon_meta) check parameters
[0.638s] Level 1:colcon.colcon_core.package_discovery:discover_packages(recursive) check parameters
[0.638s] Level 1:colcon.colcon_core.package_discovery:discover_packages(ignore) check parameters
[0.638s] Level 1:colcon.colcon_core.package_discovery:discover_packages(path) check parameters
[0.638s] Level 1:colcon.colcon_core.package_discovery:discover_packages(colcon_meta) discover
[0.639s] Level 1:colcon.colcon_core.package_discovery:discover_packages(recursive) discover
[0.639s] INFO:colcon.colcon_core.package_discovery:Crawling recursively for packages in '/root/ros_ws'
[0.639s] Level 1:colcon.colcon_core.package_identification:_identify(.) by extensions ['ignore', 'ignore_ament_install']
[0.639s] Level 1:colcon.colcon_core.package_identification:_identify(.) by extension 'ignore'
[0.639s] Level 1:colcon.colcon_core.package_identification:_identify(.) by extension 'ignore_ament_install'
[0.639s] Level 1:colcon.colcon_core.package_identification:_identify(.) by extensions ['colcon_pkg']
[0.640s] Level 1:colcon.colcon_core.package_identification:_identify(.) by extension 'colcon_pkg'
[0.640s] Level 1:colcon.colcon_core.package_identification:_identify(.) by extensions ['colcon_meta']
[0.640s] Level 1:colcon.colcon_core.package_identification:_identify(.) by extension 'colcon_meta'
[0.640s] Level 1:colcon.colcon_core.package_identification:_identify(.) by extensions ['ros']
[0.640s] Level 1:colcon.colcon_core.package_identification:_identify(.) by extension 'ros'
[0.702s] Level 1:colcon.colcon_core.package_identification:_identify(.) by extensions ['cmake', 'python']
[0.702s] Level 1:colcon.colcon_core.package_identification:_identify(.) by extension 'cmake'
[0.702s] Level 1:colcon.colcon_core.package_identification:_identify(.) by extension 'python'
[0.702s] Level 1:colcon.colcon_core.package_identification:_identify(.) by extensions ['python_setup_py']
[0.702s] Level 1:colcon.colcon_core.package_identification:_identify(.) by extension 'python_setup_py'
[0.703s] Level 1:colcon.colcon_core.package_identification:_identify(build) by extensions ['ignore', 'ignore_ament_install']
[0.703s] Level 1:colcon.colcon_core.package_identification:_identify(build) by extension 'ignore'
[0.703s] Level 1:colcon.colcon_core.package_identification:_identify(build) ignored
[0.703s] Level 1:colcon.colcon_core.package_identification:_identify(hiwonder_sdk) by extensions ['ignore', 'ignore_ament_install']
[0.704s] Level 1:colcon.colcon_core.package_identification:_identify(hiwonder_sdk) by extension 'ignore'
[0.704s] Level 1:colcon.colcon_core.package_identification:_identify(hiwonder_sdk) by extension 'ignore_ament_install'
[0.704s] Level 1:colcon.colcon_core.package_identification:_identify(hiwonder_sdk) by extensions ['colcon_pkg']
[0.704s] Level 1:colcon.colcon_core.package_identification:_identify(hiwonder_sdk) by extension 'colcon_pkg'
[0.704s] Level 1:colcon.colcon_core.package_identification:_identify(hiwonder_sdk) by extensions ['colcon_meta']
[0.704s] Level 1:colcon.colcon_core.package_identification:_identify(hiwonder_sdk) by extension 'colcon_meta'
[0.704s] Level 1:colcon.colcon_core.package_identification:_identify(hiwonder_sdk) by extensions ['ros']
[0.704s] Level 1:colcon.colcon_core.package_identification:_identify(hiwonder_sdk) by extension 'ros'
[0.705s] Level 1:colcon.colcon_core.package_identification:_identify(hiwonder_sdk) by extensions ['cmake', 'python']
[0.705s] Level 1:colcon.colcon_core.package_identification:_identify(hiwonder_sdk) by extension 'cmake'
[0.705s] Level 1:colcon.colcon_core.package_identification:_identify(hiwonder_sdk) by extension 'python'
[0.705s] Level 1:colcon.colcon_core.package_identification:_identify(hiwonder_sdk) by extensions ['python_setup_py']
[0.705s] Level 1:colcon.colcon_core.package_identification:_identify(hiwonder_sdk) by extension 'python_setup_py'
[1.312s] DEBUG:colcon.colcon_core.package_identification:Package 'hiwonder_sdk' with type 'python' and name 'hiwonder_sdk'
[1.313s] Level 1:colcon.colcon_core.package_identification:_identify(install) by extensions ['ignore', 'ignore_ament_install']
[1.313s] Level 1:colcon.colcon_core.package_identification:_identify(install) by extension 'ignore'
[1.313s] Level 1:colcon.colcon_core.package_identification:_identify(install) ignored
[1.313s] Level 1:colcon.colcon_core.package_identification:_identify(launch) by extensions ['ignore', 'ignore_ament_install']
[1.314s] Level 1:colcon.colcon_core.package_identification:_identify(launch) by extension 'ignore'
[1.314s] Level 1:colcon.colcon_core.package_identification:_identify(launch) by extension 'ignore_ament_install'
[1.314s] Level 1:colcon.colcon_core.package_identification:_identify(launch) by extensions ['colcon_pkg']
[1.314s] Level 1:colcon.colcon_core.package_identification:_identify(launch) by extension 'colcon_pkg'
[1.314s] Level 1:colcon.colcon_core.package_identification:_identify(launch) by extensions ['colcon_meta']
[1.314s] Level 1:colcon.colcon_core.package_identification:_identify(launch) by extension 'colcon_meta'
[1.314s] Level 1:colcon.colcon_core.package_identification:_identify(launch) by extensions ['ros']
[1.314s] Level 1:colcon.colcon_core.package_identification:_identify(launch) by extension 'ros'
[1.315s] Level 1:colcon.colcon_core.package_identification:_identify(launch) by extensions ['cmake', 'python']
[1.315s] Level 1:colcon.colcon_core.package_identification:_identify(launch) by extension 'cmake'
[1.315s] Level 1:colcon.colcon_core.package_identification:_identify(launch) by extension 'python'
[1.315s] Level 1:colcon.colcon_core.package_identification:_identify(launch) by extensions ['python_setup_py']
[1.315s] Level 1:colcon.colcon_core.package_identification:_identify(launch) by extension 'python_setup_py'
[1.315s] Level 1:colcon.colcon_core.package_identification:_identify(launch/__pycache__) by extensions ['ignore', 'ignore_ament_install']
[1.315s] Level 1:colcon.colcon_core.package_identification:_identify(launch/__pycache__) by extension 'ignore'
[1.315s] Level 1:colcon.colcon_core.package_identification:_identify(launch/__pycache__) by extension 'ignore_ament_install'
[1.316s] Level 1:colcon.colcon_core.package_identification:_identify(launch/__pycache__) by extensions ['colcon_pkg']
[1.316s] Level 1:colcon.colcon_core.package_identification:_identify(launch/__pycache__) by extension 'colcon_pkg'
[1.316s] Level 1:colcon.colcon_core.package_identification:_identify(launch/__pycache__) by extensions ['colcon_meta']
[1.316s] Level 1:colcon.colcon_core.package_identification:_identify(launch/__pycache__) by extension 'colcon_meta'
[1.316s] Level 1:colcon.colcon_core.package_identification:_identify(launch/__pycache__) by extensions ['ros']
[1.316s] Level 1:colcon.colcon_core.package_identification:_identify(launch/__pycache__) by extension 'ros'
[1.316s] Level 1:colcon.colcon_core.package_identification:_identify(launch/__pycache__) by extensions ['cmake', 'python']
[1.316s] Level 1:colcon.colcon_core.package_identification:_identify(launch/__pycache__) by extension 'cmake'
[1.317s] Level 1:colcon.colcon_core.package_identification:_identify(launch/__pycache__) by extension 'python'
[1.317s] Level 1:colcon.colcon_core.package_identification:_identify(launch/__pycache__) by extensions ['python_setup_py']
[1.317s] Level 1:colcon.colcon_core.package_identification:_identify(launch/__pycache__) by extension 'python_setup_py'
[1.317s] Level 1:colcon.colcon_core.package_identification:_identify(log) by extensions ['ignore', 'ignore_ament_install']
[1.317s] Level 1:colcon.colcon_core.package_identification:_identify(log) by extension 'ignore'
[1.317s] Level 1:colcon.colcon_core.package_identification:_identify(log) ignored
[1.318s] Level 1:colcon.colcon_core.package_identification:_identify(src) by extensions ['ignore', 'ignore_ament_install']
[1.318s] Level 1:colcon.colcon_core.package_identification:_identify(src) by extension 'ignore'
[1.318s] Level 1:colcon.colcon_core.package_identification:_identify(src) by extension 'ignore_ament_install'
[1.318s] Level 1:colcon.colcon_core.package_identification:_identify(src) by extensions ['colcon_pkg']
[1.318s] Level 1:colcon.colcon_core.package_identification:_identify(src) by extension 'colcon_pkg'
[1.318s] Level 1:colcon.colcon_core.package_identification:_identify(src) by extensions ['colcon_meta']
[1.318s] Level 1:colcon.colcon_core.package_identification:_identify(src) by extension 'colcon_meta'
[1.318s] Level 1:colcon.colcon_core.package_identification:_identify(src) by extensions ['ros']
[1.318s] Level 1:colcon.colcon_core.package_identification:_identify(src) by extension 'ros'
[1.319s] Level 1:colcon.colcon_core.package_identification:_identify(src) by extensions ['cmake', 'python']
[1.319s] Level 1:colcon.colcon_core.package_identification:_identify(src) by extension 'cmake'
[1.319s] Level 1:colcon.colcon_core.package_identification:_identify(src) by extension 'python'
[1.319s] Level 1:colcon.colcon_core.package_identification:_identify(src) by extensions ['python_setup_py']
[1.319s] Level 1:colcon.colcon_core.package_identification:_identify(src) by extension 'python_setup_py'
[1.319s] Level 1:colcon.colcon_core.package_identification:_identify(src/actuator) by extensions ['ignore', 'ignore_ament_install']
[1.319s] Level 1:colcon.colcon_core.package_identification:_identify(src/actuator) by extension 'ignore'
[1.320s] Level 1:colcon.colcon_core.package_identification:_identify(src/actuator) by extension 'ignore_ament_install'
[1.320s] Level 1:colcon.colcon_core.package_identification:_identify(src/actuator) by extensions ['colcon_pkg']
[1.320s] Level 1:colcon.colcon_core.package_identification:_identify(src/actuator) by extension 'colcon_pkg'
[1.320s] Level 1:colcon.colcon_core.package_identification:_identify(src/actuator) by extensions ['colcon_meta']
[1.320s] Level 1:colcon.colcon_core.package_identification:_identify(src/actuator) by extension 'colcon_meta'
[1.320s] Level 1:colcon.colcon_core.package_identification:_identify(src/actuator) by extensions ['ros']
[1.320s] Level 1:colcon.colcon_core.package_identification:_identify(src/actuator) by extension 'ros'
[1.326s] DEBUG:colcon.colcon_core.package_identification:Failed to parse potential ROS package manifest in'src/actuator': Error(s) in package 'src/actuator/package.xml':
The manifest contains invalid XML:
mismatched tag: line 23, column 2
[1.327s] Level 1:colcon.colcon_core.package_identification:_identify(src/actuator) by extensions ['cmake', 'python']
[1.327s] Level 1:colcon.colcon_core.package_identification:_identify(src/actuator) by extension 'cmake'
[1.327s] Level 1:colcon.colcon_core.package_identification:_identify(src/actuator) by extension 'python'
[1.327s] DEBUG:colcon.colcon_core.package_identification:Python package in 'src/actuator' passes arguments to the setup() function which requires a different identification extension than 'python'
[1.327s] Level 1:colcon.colcon_core.package_identification:_identify(src/actuator) by extensions ['python_setup_py']
[1.327s] Level 1:colcon.colcon_core.package_identification:_identify(src/actuator) by extension 'python_setup_py'
[1.964s] DEBUG:colcon.colcon_core.package_identification:Package 'src/actuator' with type 'python' and name 'actuator'
[1.964s] Level 1:colcon.colcon_core.package_identification:_identify(src/decision) by extensions ['ignore', 'ignore_ament_install']
[1.965s] Level 1:colcon.colcon_core.package_identification:_identify(src/decision) by extension 'ignore'
[1.965s] Level 1:colcon.colcon_core.package_identification:_identify(src/decision) by extension 'ignore_ament_install'
[1.965s] Level 1:colcon.colcon_core.package_identification:_identify(src/decision) by extensions ['colcon_pkg']
[1.965s] Level 1:colcon.colcon_core.package_identification:_identify(src/decision) by extension 'colcon_pkg'
[1.965s] Level 1:colcon.colcon_core.package_identification:_identify(src/decision) by extensions ['colcon_meta']
[1.965s] Level 1:colcon.colcon_core.package_identification:_identify(src/decision) by extension 'colcon_meta'
[1.965s] Level 1:colcon.colcon_core.package_identification:_identify(src/decision) by extensions ['ros']
[1.965s] Level 1:colcon.colcon_core.package_identification:_identify(src/decision) by extension 'ros'
[1.971s] DEBUG:colcon.colcon_core.package_identification:Package 'src/decision' with type 'ros.ament_python' and name 'decision'
[1.971s] Level 1:colcon.colcon_core.package_identification:_identify(src/my_interfaces) by extensions ['ignore', 'ignore_ament_install']
[1.971s] Level 1:colcon.colcon_core.package_identification:_identify(src/my_interfaces) by extension 'ignore'
[1.971s] Level 1:colcon.colcon_core.package_identification:_identify(src/my_interfaces) by extension 'ignore_ament_install'
[1.972s] Level 1:colcon.colcon_core.package_identification:_identify(src/my_interfaces) by extensions ['colcon_pkg']
[1.972s] Level 1:colcon.colcon_core.package_identification:_identify(src/my_interfaces) by extension 'colcon_pkg'
[1.972s] Level 1:colcon.colcon_core.package_identification:_identify(src/my_interfaces) by extensions ['colcon_meta']
[1.972s] Level 1:colcon.colcon_core.package_identification:_identify(src/my_interfaces) by extension 'colcon_meta'
[1.972s] Level 1:colcon.colcon_core.package_identification:_identify(src/my_interfaces) by extensions ['ros']
[1.972s] Level 1:colcon.colcon_core.package_identification:_identify(src/my_interfaces) by extension 'ros'
[1.974s] DEBUG:colcon.colcon_core.package_identification:Package 'src/my_interfaces' with type 'ros.ament_cmake' and name 'my_interfaces'
[1.974s] Level 1:colcon.colcon_core.package_identification:_identify(src/sensor) by extensions ['ignore', 'ignore_ament_install']
[2.016s] Level 1:colcon.colcon_core.package_identification:_identify(src/sensor) by extension 'ignore'
[2.017s] Level 1:colcon.colcon_core.package_identification:_identify(src/sensor) by extension 'ignore_ament_install'
[2.017s] Level 1:colcon.colcon_core.package_identification:_identify(src/sensor) by extensions ['colcon_pkg']
[2.017s] Level 1:colcon.colcon_core.package_identification:_identify(src/sensor) by extension 'colcon_pkg'
[2.017s] Level 1:colcon.colcon_core.package_identification:_identify(src/sensor) by extensions ['colcon_meta']
[2.017s] Level 1:colcon.colcon_core.package_identification:_identify(src/sensor) by extension 'colcon_meta'
[2.017s] Level 1:colcon.colcon_core.package_identification:_identify(src/sensor) by extensions ['ros']
[2.017s] Level 1:colcon.colcon_core.package_identification:_identify(src/sensor) by extension 'ros'
[2.020s] DEBUG:colcon.colcon_core.package_identification:Package 'src/sensor' with type 'ros.ament_python' and name 'sensor'
[2.020s] Level 1:colcon.colcon_core.package_discovery:discover_packages(recursive) using defaults
[2.020s] Level 1:colcon.colcon_core.package_discovery:discover_packages(ignore) discover
[2.020s] Level 1:colcon.colcon_core.package_discovery:discover_packages(ignore) using defaults
[2.020s] Level 1:colcon.colcon_core.package_discovery:discover_packages(path) discover
[2.020s] Level 1:colcon.colcon_core.package_discovery:discover_packages(path) using defaults
[2.067s] Level 1:colcon.colcon_core.package_discovery:discover_packages(prefix_path) check parameters
[2.067s] Level 1:colcon.colcon_core.package_discovery:discover_packages(prefix_path) discover
[2.069s] WARNING:colcon.colcon_ros.prefix_path.ament:The path '/root/ros_ws/install/sensor' in the environment variable AMENT_PREFIX_PATH doesn't exist
[2.069s] WARNING:colcon.colcon_ros.prefix_path.ament:The path '/root/ros_ws/install/my_interfaces' in the environment variable AMENT_PREFIX_PATH doesn't exist
[2.069s] WARNING:colcon.colcon_ros.prefix_path.ament:The path '/root/ros_ws/install/decision' in the environment variable AMENT_PREFIX_PATH doesn't exist
[2.070s] WARNING:colcon.colcon_ros.prefix_path.catkin:The path '/root/ros_ws/install/my_interfaces' in the environment variable CMAKE_PREFIX_PATH doesn't exist
[2.071s] DEBUG:colcon.colcon_installed_package_information.package_discovery:Found 0 installed packages in /root/ros_ws/install
[2.074s] DEBUG:colcon.colcon_installed_package_information.package_discovery:Found 271 installed packages in /opt/ros/humble
[2.077s] Level 1:colcon.colcon_core.package_discovery:discover_packages(prefix_path) using defaults
[2.170s] Level 5:colcon.colcon_core.verb:set package 'actuator' build argument 'cmake_args' from command line to 'None'
[2.171s] Level 5:colcon.colcon_core.verb:set package 'actuator' build argument 'cmake_target' from command line to 'None'
[2.171s] Level 5:colcon.colcon_core.verb:set package 'actuator' build argument 'cmake_target_skip_unavailable' from command line to 'False'
[2.171s] Level 5:colcon.colcon_core.verb:set package 'actuator' build argument 'cmake_clean_cache' from command line to 'False'
[2.171s] Level 5:colcon.colcon_core.verb:set package 'actuator' build argument 'cmake_clean_first' from command line to 'False'
[2.171s] Level 5:colcon.colcon_core.verb:set package 'actuator' build argument 'cmake_force_configure' from command line to 'False'
[2.171s] Level 5:colcon.colcon_core.verb:set package 'actuator' build argument 'ament_cmake_args' from command line to 'None'
[2.171s] Level 5:colcon.colcon_core.verb:set package 'actuator' build argument 'catkin_cmake_args' from command line to 'None'
[2.171s] Level 5:colcon.colcon_core.verb:set package 'actuator' build argument 'catkin_skip_building_tests' from command line to 'False'
[2.171s] DEBUG:colcon.colcon_core.verb:Building package 'actuator' with the following arguments: {'ament_cmake_args': None, 'build_base': '/root/ros_ws/build/actuator', 'catkin_cmake_args': None, 'catkin_skip_building_tests': False, 'cmake_args': None, 'cmake_clean_cache': False, 'cmake_clean_first': False, 'cmake_force_configure': False, 'cmake_target': None, 'cmake_target_skip_unavailable': False, 'install_base': '/root/ros_ws/install/actuator', 'merge_install': False, 'path': '/root/ros_ws/src/actuator', 'symlink_install': False, 'test_result_base': None}
[2.172s] Level 5:colcon.colcon_core.verb:set package 'decision' build argument 'cmake_args' from command line to 'None'
[2.172s] Level 5:colcon.colcon_core.verb:set package 'decision' build argument 'cmake_target' from command line to 'None'
[2.172s] Level 5:colcon.colcon_core.verb:set package 'decision' build argument 'cmake_target_skip_unavailable' from command line to 'False'
[2.172s] Level 5:colcon.colcon_core.verb:set package 'decision' build argument 'cmake_clean_cache' from command line to 'False'
[2.173s] Level 5:colcon.colcon_core.verb:set package 'decision' build argument 'cmake_clean_first' from command line to 'False'
[2.173s] Level 5:colcon.colcon_core.verb:set package 'decision' build argument 'cmake_force_configure' from command line to 'False'
[2.173s] Level 5:colcon.colcon_core.verb:set package 'decision' build argument 'ament_cmake_args' from command line to 'None'
[2.173s] Level 5:colcon.colcon_core.verb:set package 'decision' build argument 'catkin_cmake_args' from command line to 'None'
[2.173s] Level 5:colcon.colcon_core.verb:set package 'decision' build argument 'catkin_skip_building_tests' from command line to 'False'
[2.173s] DEBUG:colcon.colcon_core.verb:Building package 'decision' with the following arguments: {'ament_cmake_args': None, 'build_base': '/root/ros_ws/build/decision', 'catkin_cmake_args': None, 'catkin_skip_building_tests': False, 'cmake_args': None, 'cmake_clean_cache': False, 'cmake_clean_first': False, 'cmake_force_configure': False, 'cmake_target': None, 'cmake_target_skip_unavailable': False, 'install_base': '/root/ros_ws/install/decision', 'merge_install': False, 'path': '/root/ros_ws/src/decision', 'symlink_install': False, 'test_result_base': None}
[2.174s] Level 5:colcon.colcon_core.verb:set package 'hiwonder_sdk' build argument 'cmake_args' from command line to 'None'
[2.174s] Level 5:colcon.colcon_core.verb:set package 'hiwonder_sdk' build argument 'cmake_target' from command line to 'None'
[2.174s] Level 5:colcon.colcon_core.verb:set package 'hiwonder_sdk' build argument 'cmake_target_skip_unavailable' from command line to 'False'
[2.174s] Level 5:colcon.colcon_core.verb:set package 'hiwonder_sdk' build argument 'cmake_clean_cache' from command line to 'False'
[2.174s] Level 5:colcon.colcon_core.verb:set package 'hiwonder_sdk' build argument 'cmake_clean_first' from command line to 'False'
[2.174s] Level 5:colcon.colcon_core.verb:set package 'hiwonder_sdk' build argument 'cmake_force_configure' from command line to 'False'
[2.174s] Level 5:colcon.colcon_core.verb:set package 'hiwonder_sdk' build argument 'ament_cmake_args' from command line to 'None'
[2.174s] Level 5:colcon.colcon_core.verb:set package 'hiwonder_sdk' build argument 'catkin_cmake_args' from command line to 'None'
[2.174s] Level 5:colcon.colcon_core.verb:set package 'hiwonder_sdk' build argument 'catkin_skip_building_tests' from command line to 'False'
[2.174s] DEBUG:colcon.colcon_core.verb:Building package 'hiwonder_sdk' with the following arguments: {'ament_cmake_args': None, 'build_base': '/root/ros_ws/build/hiwonder_sdk', 'catkin_cmake_args': None, 'catkin_skip_building_tests': False, 'cmake_args': None, 'cmake_clean_cache': False, 'cmake_clean_first': False, 'cmake_force_configure': False, 'cmake_target': None, 'cmake_target_skip_unavailable': False, 'install_base': '/root/ros_ws/install/hiwonder_sdk', 'merge_install': False, 'path': '/root/ros_ws/hiwonder_sdk', 'symlink_install': False, 'test_result_base': None}
[2.175s] Level 5:colcon.colcon_core.verb:set package 'my_interfaces' build argument 'cmake_args' from command line to 'None'
[2.175s] Level 5:colcon.colcon_core.verb:set package 'my_interfaces' build argument 'cmake_target' from command line to 'None'
[2.175s] Level 5:colcon.colcon_core.verb:set package 'my_interfaces' build argument 'cmake_target_skip_unavailable' from command line to 'False'
[2.175s] Level 5:colcon.colcon_core.verb:set package 'my_interfaces' build argument 'cmake_clean_cache' from command line to 'False'
[2.175s] Level 5:colcon.colcon_core.verb:set package 'my_interfaces' build argument 'cmake_clean_first' from command line to 'False'
[2.176s] Level 5:colcon.colcon_core.verb:set package 'my_interfaces' build argument 'cmake_force_configure' from command line to 'False'
[2.176s] Level 5:colcon.colcon_core.verb:set package 'my_interfaces' build argument 'ament_cmake_args' from command line to 'None'
[2.176s] Level 5:colcon.colcon_core.verb:set package 'my_interfaces' build argument 'catkin_cmake_args' from command line to 'None'
[2.176s] Level 5:colcon.colcon_core.verb:set package 'my_interfaces' build argument 'catkin_skip_building_tests' from command line to 'False'
[2.176s] DEBUG:colcon.colcon_core.verb:Building package 'my_interfaces' with the following arguments: {'ament_cmake_args': None, 'build_base': '/root/ros_ws/build/my_interfaces', 'catkin_cmake_args': None, 'catkin_skip_building_tests': False, 'cmake_args': None, 'cmake_clean_cache': False, 'cmake_clean_first': False, 'cmake_force_configure': False, 'cmake_target': None, 'cmake_target_skip_unavailable': False, 'install_base': '/root/ros_ws/install/my_interfaces', 'merge_install': False, 'path': '/root/ros_ws/src/my_interfaces', 'symlink_install': False, 'test_result_base': None}
[2.177s] Level 5:colcon.colcon_core.verb:set package 'sensor' build argument 'cmake_args' from command line to 'None'
[2.177s] Level 5:colcon.colcon_core.verb:set package 'sensor' build argument 'cmake_target' from command line to 'None'
[2.177s] Level 5:colcon.colcon_core.verb:set package 'sensor' build argument 'cmake_target_skip_unavailable' from command line to 'False'
[2.177s] Level 5:colcon.colcon_core.verb:set package 'sensor' build argument 'cmake_clean_cache' from command line to 'False'
[2.177s] Level 5:colcon.colcon_core.verb:set package 'sensor' build argument 'cmake_clean_first' from command line to 'False'
[2.177s] Level 5:colcon.colcon_core.verb:set package 'sensor' build argument 'cmake_force_configure' from command line to 'False'
[2.177s] Level 5:colcon.colcon_core.verb:set package 'sensor' build argument 'ament_cmake_args' from command line to 'None'
[2.177s] Level 5:colcon.colcon_core.verb:set package 'sensor' build argument 'catkin_cmake_args' from command line to 'None'
[2.177s] Level 5:colcon.colcon_core.verb:set package 'sensor' build argument 'catkin_skip_building_tests' from command line to 'False'
[2.177s] DEBUG:colcon.colcon_core.verb:Building package 'sensor' with the following arguments: {'ament_cmake_args': None, 'build_base': '/root/ros_ws/build/sensor', 'catkin_cmake_args': None, 'catkin_skip_building_tests': False, 'cmake_args': None, 'cmake_clean_cache': False, 'cmake_clean_first': False, 'cmake_force_configure': False, 'cmake_target': None, 'cmake_target_skip_unavailable': False, 'install_base': '/root/ros_ws/install/sensor', 'merge_install': False, 'path': '/root/ros_ws/src/sensor', 'symlink_install': False, 'test_result_base': None}
[2.178s] INFO:colcon.colcon_core.executor:Executing jobs using 'parallel' executor
[2.180s] DEBUG:colcon.colcon_parallel_executor.executor.parallel:run_until_complete
[2.181s] INFO:colcon.colcon_core.task.python.build:Building Python package in '/root/ros_ws/hiwonder_sdk'
[2.186s] INFO:colcon.colcon_core.plugin_system:Skipping extension 'colcon_core.shell.bat': Not used on non-Windows systems
[2.186s] INFO:colcon.colcon_core.shell:Skip shell extension 'powershell' for command environment: Not usable outside of PowerShell
[2.187s] DEBUG:colcon.colcon_core.shell:Skip shell extension 'dsv' for command environment
[2.194s] INFO:colcon.colcon_core.task.python.build:Building Python package in '/root/ros_ws/src/actuator'
[2.194s] INFO:colcon.colcon_core.shell:Skip shell extension 'powershell' for command environment: Not usable outside of PowerShell
[2.195s] DEBUG:colcon.colcon_core.shell:Skip shell extension 'dsv' for command environment
[2.201s] INFO:colcon.colcon_ros.task.ament_python.build:Building ROS package in '/root/ros_ws/src/decision' with build type 'ament_python'
[2.201s] Level 1:colcon.colcon_core.shell:create_environment_hook('decision', 'ament_prefix_path')
[2.202s] INFO:colcon.colcon_core.shell:Creating environment hook '/root/ros_ws/install/decision/share/decision/hook/ament_prefix_path.ps1'
[2.204s] INFO:colcon.colcon_core.shell:Creating environment descriptor '/root/ros_ws/install/decision/share/decision/hook/ament_prefix_path.dsv'
[2.205s] INFO:colcon.colcon_core.shell:Creating environment hook '/root/ros_ws/install/decision/share/decision/hook/ament_prefix_path.sh'
[2.207s] INFO:colcon.colcon_core.shell:Skip shell extension 'powershell' for command environment: Not usable outside of PowerShell
[2.207s] DEBUG:colcon.colcon_core.shell:Skip shell extension 'dsv' for command environment
[4.135s] INFO:colcon.colcon_core.task.python.build:Building Python package in '/root/ros_ws/src/decision'
[4.136s] INFO:colcon.colcon_core.shell:Skip shell extension 'powershell' for command environment: Not usable outside of PowerShell
[4.136s] DEBUG:colcon.colcon_core.shell:Skip shell extension 'dsv' for command environment
[4.149s] DEBUG:colcon.colcon_core.event_handler.log_command:Invoking command in '/root/ros_ws/hiwonder_sdk': PYTHONPATH=/root/ros_ws/build/hiwonder_sdk/prefix_override:/usr/lib/python3/dist-packages/colcon_core/task/python/colcon_distutils_commands:/root/ros_ws/install/hiwonder_sdk/lib/python3.10/site-packages:${PYTHONPATH} _=/usr/bin/env /usr/bin/python3 -W ignore:setup.py install is deprecated -W ignore:easy_install command is deprecated setup.py egg_info --egg-base ../build/hiwonder_sdk build --build-base /root/ros_ws/build/hiwonder_sdk/build install --record /root/ros_ws/build/hiwonder_sdk/install.log --single-version-externally-managed
[4.473s] DEBUG:colcon.colcon_core.event_handler.log_command:Invoking command in '/root/ros_ws/src/actuator': PYTHONPATH=/root/ros_ws/build/actuator/prefix_override:/usr/lib/python3/dist-packages/colcon_core/task/python/colcon_distutils_commands:/root/ros_ws/install/actuator/lib/python3.10/site-packages:${PYTHONPATH} _=/usr/bin/env /usr/bin/python3 -W ignore:setup.py install is deprecated -W ignore:easy_install command is deprecated setup.py egg_info --egg-base ../../build/actuator build --build-base /root/ros_ws/build/actuator/build install --record /root/ros_ws/build/actuator/install.log --single-version-externally-managed install_data
[4.961s] DEBUG:colcon.colcon_core.event_handler.log_command:Invoked command in '/root/ros_ws/hiwonder_sdk' returned '0': PYTHONPATH=/root/ros_ws/build/hiwonder_sdk/prefix_override:/usr/lib/python3/dist-packages/colcon_core/task/python/colcon_distutils_commands:/root/ros_ws/install/hiwonder_sdk/lib/python3.10/site-packages:${PYTHONPATH} _=/usr/bin/env /usr/bin/python3 -W ignore:setup.py install is deprecated -W ignore:easy_install command is deprecated setup.py egg_info --egg-base ../build/hiwonder_sdk build --build-base /root/ros_ws/build/hiwonder_sdk/build install --record /root/ros_ws/build/hiwonder_sdk/install.log --single-version-externally-managed
[4.968s] Level 1:colcon.colcon_core.environment:checking '/root/ros_ws/install/hiwonder_sdk' for CMake module files
[4.969s] Level 1:colcon.colcon_core.environment:checking '/root/ros_ws/install/hiwonder_sdk' for CMake config files
[4.970s] Level 1:colcon.colcon_core.environment:checking '/root/ros_ws/install/hiwonder_sdk/lib'
[4.971s] Level 1:colcon.colcon_core.environment:checking '/root/ros_ws/install/hiwonder_sdk/bin'
[4.971s] Level 1:colcon.colcon_core.environment:checking '/root/ros_ws/install/hiwonder_sdk/lib/pkgconfig/hiwonder_sdk.pc'
[4.971s] Level 1:colcon.colcon_core.environment:checking '/root/ros_ws/install/hiwonder_sdk/lib/python3.10/site-packages'
[4.972s] Level 1:colcon.colcon_core.shell:create_environment_hook('hiwonder_sdk', 'pythonpath')
[4.972s] INFO:colcon.colcon_core.shell:Creating environment hook '/root/ros_ws/install/hiwonder_sdk/share/hiwonder_sdk/hook/pythonpath.ps1'
[4.974s] INFO:colcon.colcon_core.shell:Creating environment descriptor '/root/ros_ws/install/hiwonder_sdk/share/hiwonder_sdk/hook/pythonpath.dsv'
[4.976s] INFO:colcon.colcon_core.shell:Creating environment hook '/root/ros_ws/install/hiwonder_sdk/share/hiwonder_sdk/hook/pythonpath.sh'
[4.978s] Level 1:colcon.colcon_core.environment:checking '/root/ros_ws/install/hiwonder_sdk/bin'
[4.978s] Level 1:colcon.colcon_core.environment:create_environment_scripts_only(hiwonder_sdk)
[4.979s] INFO:colcon.colcon_core.shell:Creating package script '/root/ros_ws/install/hiwonder_sdk/share/hiwonder_sdk/package.ps1'
[4.981s] INFO:colcon.colcon_core.shell:Creating package descriptor '/root/ros_ws/install/hiwonder_sdk/share/hiwonder_sdk/package.dsv'
[4.983s] INFO:colcon.colcon_core.shell:Creating package script '/root/ros_ws/install/hiwonder_sdk/share/hiwonder_sdk/package.sh'
[4.985s] INFO:colcon.colcon_core.shell:Creating package script '/root/ros_ws/install/hiwonder_sdk/share/hiwonder_sdk/package.bash'
[4.988s] INFO:colcon.colcon_core.shell:Creating package script '/root/ros_ws/install/hiwonder_sdk/share/hiwonder_sdk/package.zsh'
[4.991s] Level 1:colcon.colcon_core.environment:create_file_with_runtime_dependencies(/root/ros_ws/install/hiwonder_sdk/share/colcon-core/packages/hiwonder_sdk)
[4.995s] INFO:colcon.colcon_ros.task.ament_cmake.build:Building ROS package in '/root/ros_ws/src/my_interfaces' with build type 'ament_cmake'
[4.995s] INFO:colcon.colcon_cmake.task.cmake.build:Building CMake package in '/root/ros_ws/src/my_interfaces'
[4.996s] INFO:colcon.colcon_core.shell:Skip shell extension 'powershell' for command environment: Not usable outside of PowerShell
[4.996s] DEBUG:colcon.colcon_core.shell:Skip shell extension 'dsv' for command environment
[5.020s] DEBUG:colcon.colcon_core.event_handler.log_command:Invoking command in '/root/ros_ws/build/my_interfaces': CMAKE_PREFIX_PATH=${CMAKE_PREFIX_PATH}:/root/ros_ws/install/sensor:/root/ros_ws/install/decision:/opt/ros/humble _=/usr/bin/env /usr/bin/cmake /root/ros_ws/src/my_interfaces -DCMAKE_INSTALL_PREFIX=/root/ros_ws/install/my_interfaces
[5.090s] DEBUG:colcon.colcon_core.event_handler.log_command:Invoking command in '/root/ros_ws/src/decision': PYTHONPATH=/root/ros_ws/build/decision/prefix_override:/usr/lib/python3/dist-packages/colcon_core/task/python/colcon_distutils_commands:/root/ros_ws/install/decision/lib/python3.10/site-packages:${PYTHONPATH} _=/usr/bin/env /usr/bin/python3 -W ignore:setup.py install is deprecated -W ignore:easy_install command is deprecated setup.py egg_info --egg-base ../../build/decision build --build-base /root/ros_ws/build/decision/build install --record /root/ros_ws/build/decision/install.log --single-version-externally-managed install_data
[5.397s] Level 1:colcon.colcon_core.environment:checking '/root/ros_ws/install/actuator' for CMake module files
[5.399s] Level 1:colcon.colcon_core.environment:checking '/root/ros_ws/install/actuator' for CMake config files
[5.400s] Level 1:colcon.colcon_core.environment:checking '/root/ros_ws/install/actuator/lib'
[5.400s] Level 1:colcon.colcon_core.environment:checking '/root/ros_ws/install/actuator/bin'
[5.400s] Level 1:colcon.colcon_core.environment:checking '/root/ros_ws/install/actuator/lib/pkgconfig/actuator.pc'
[5.401s] Level 1:colcon.colcon_core.environment:checking '/root/ros_ws/install/actuator/lib/python3.10/site-packages'
[5.402s] DEBUG:colcon.colcon_core.event_handler.log_command:Invoked command in '/root/ros_ws/src/actuator' returned '0': PYTHONPATH=/root/ros_ws/build/actuator/prefix_override:/usr/lib/python3/dist-packages/colcon_core/task/python/colcon_distutils_commands:/root/ros_ws/install/actuator/lib/python3.10/site-packages:${PYTHONPATH} _=/usr/bin/env /usr/bin/python3 -W ignore:setup.py install is deprecated -W ignore:easy_install command is deprecated setup.py egg_info --egg-base ../../build/actuator build --build-base /root/ros_ws/build/actuator/build install --record /root/ros_ws/build/actuator/install.log --single-version-externally-managed install_data
[5.403s] Level 1:colcon.colcon_core.shell:create_environment_hook('actuator', 'pythonpath')
[5.405s] INFO:colcon.colcon_core.shell:Creating environment hook '/root/ros_ws/install/actuator/share/actuator/hook/pythonpath.ps1'
[5.406s] INFO:colcon.colcon_core.shell:Creating environment descriptor '/root/ros_ws/install/actuator/share/actuator/hook/pythonpath.dsv'
[5.407s] INFO:colcon.colcon_core.shell:Creating environment hook '/root/ros_ws/install/actuator/share/actuator/hook/pythonpath.sh'
[5.409s] Level 1:colcon.colcon_core.environment:checking '/root/ros_ws/install/actuator/bin'
[5.409s] Level 1:colcon.colcon_core.environment:create_environment_scripts_only(actuator)
[5.410s] INFO:colcon.colcon_core.shell:Creating package script '/root/ros_ws/install/actuator/share/actuator/package.ps1'
[5.411s] INFO:colcon.colcon_core.shell:Creating package descriptor '/root/ros_ws/install/actuator/share/actuator/package.dsv'
[5.414s] INFO:colcon.colcon_core.shell:Creating package script '/root/ros_ws/install/actuator/share/actuator/package.sh'
[5.415s] INFO:colcon.colcon_core.shell:Creating package script '/root/ros_ws/install/actuator/share/actuator/package.bash'
[5.419s] INFO:colcon.colcon_core.shell:Creating package script '/root/ros_ws/install/actuator/share/actuator/package.zsh'
[5.422s] Level 1:colcon.colcon_core.environment:create_file_with_runtime_dependencies(/root/ros_ws/install/actuator/share/colcon-core/packages/actuator)
[5.425s] INFO:colcon.colcon_ros.task.ament_python.build:Building ROS package in '/root/ros_ws/src/sensor' with build type 'ament_python'
[5.426s] Level 1:colcon.colcon_core.shell:create_environment_hook('sensor', 'ament_prefix_path')
[5.427s] INFO:colcon.colcon_core.shell:Creating environment hook '/root/ros_ws/install/sensor/share/sensor/hook/ament_prefix_path.ps1'
[5.429s] INFO:colcon.colcon_core.shell:Creating environment descriptor '/root/ros_ws/install/sensor/share/sensor/hook/ament_prefix_path.dsv'
[5.431s] INFO:colcon.colcon_core.shell:Creating environment hook '/root/ros_ws/install/sensor/share/sensor/hook/ament_prefix_path.sh'
[5.434s] INFO:colcon.colcon_core.shell:Skip shell extension 'powershell' for command environment: Not usable outside of PowerShell
[5.434s] DEBUG:colcon.colcon_core.shell:Skip shell extension 'dsv' for command environment
[6.264s] INFO:colcon.colcon_core.task.python.build:Building Python package in '/root/ros_ws/src/sensor'
[6.265s] INFO:colcon.colcon_core.shell:Skip shell extension 'powershell' for command environment: Not usable outside of PowerShell
[6.266s] DEBUG:colcon.colcon_core.shell:Skip shell extension 'dsv' for command environment
[6.275s] Level 1:colcon.colcon_core.environment:checking '/root/ros_ws/install/decision' for CMake module files
[6.277s] Level 1:colcon.colcon_core.environment:checking '/root/ros_ws/install/decision' for CMake config files
[6.278s] Level 1:colcon.colcon_core.environment:checking '/root/ros_ws/install/decision/lib'
[6.278s] Level 1:colcon.colcon_core.environment:checking '/root/ros_ws/install/decision/bin'
[6.278s] Level 1:colcon.colcon_core.environment:checking '/root/ros_ws/install/decision/lib/pkgconfig/decision.pc'
[6.279s] Level 1:colcon.colcon_core.environment:checking '/root/ros_ws/install/decision/lib/python3.10/site-packages'
[6.279s] Level 1:colcon.colcon_core.shell:create_environment_hook('decision', 'pythonpath')
[6.280s] INFO:colcon.colcon_core.shell:Creating environment hook '/root/ros_ws/install/decision/share/decision/hook/pythonpath.ps1'
[6.276s] DEBUG:colcon.colcon_core.event_handler.log_command:Invoked command in '/root/ros_ws/src/decision' returned '0': PYTHONPATH=/root/ros_ws/build/decision/prefix_override:/usr/lib/python3/dist-packages/colcon_core/task/python/colcon_distutils_commands:/root/ros_ws/install/decision/lib/python3.10/site-packages:${PYTHONPATH} _=/usr/bin/env /usr/bin/python3 -W ignore:setup.py install is deprecated -W ignore:easy_install command is deprecated setup.py egg_info --egg-base ../../build/decision build --build-base /root/ros_ws/build/decision/build install --record /root/ros_ws/build/decision/install.log --single-version-externally-managed install_data
[6.282s] INFO:colcon.colcon_core.shell:Creating environment descriptor '/root/ros_ws/install/decision/share/decision/hook/pythonpath.dsv'
[6.283s] INFO:colcon.colcon_core.shell:Creating environment hook '/root/ros_ws/install/decision/share/decision/hook/pythonpath.sh'
[6.284s] Level 1:colcon.colcon_core.environment:checking '/root/ros_ws/install/decision/bin'
[6.284s] Level 1:colcon.colcon_core.environment:create_environment_scripts_only(decision)
[6.285s] INFO:colcon.colcon_core.shell:Creating package script '/root/ros_ws/install/decision/share/decision/package.ps1'
[6.287s] INFO:colcon.colcon_core.shell:Creating package descriptor '/root/ros_ws/install/decision/share/decision/package.dsv'
[6.288s] INFO:colcon.colcon_core.shell:Creating package script '/root/ros_ws/install/decision/share/decision/package.sh'
[6.289s] INFO:colcon.colcon_core.shell:Creating package script '/root/ros_ws/install/decision/share/decision/package.bash'
[6.289s] INFO:colcon.colcon_core.shell:Creating package script '/root/ros_ws/install/decision/share/decision/package.zsh'
[6.290s] Level 1:colcon.colcon_core.environment:create_file_with_runtime_dependencies(/root/ros_ws/install/decision/share/colcon-core/packages/decision)
[7.167s] DEBUG:colcon.colcon_core.event_handler.log_command:Invoking command in '/root/ros_ws/src/sensor': PYTHONPATH=/root/ros_ws/build/sensor/prefix_override:/usr/lib/python3/dist-packages/colcon_core/task/python/colcon_distutils_commands:/root/ros_ws/install/sensor/lib/python3.10/site-packages:/root/ros_ws/install/hiwonder_sdk/lib/python3.10/site-packages:/root/ros_ws/build/sensor:/root/ros_ws/build/hiwonder_sdk:/root/ros_ws/build/decision:/root/ros_ws/build/actuator:/root/ros_ws/install/sensor/lib/python3.10/site-packages:/root/ros_ws/install/my_interfaces/local/lib/python3.10/dist-packages:/root/ros_ws/install/decision/lib/python3.10/site-packages:/root/ros_ws/install/actuator/lib/python3.10/site-packages:/usr/local/Ascend/ascend-toolkit/latest/python/site-packages:/usr/local/Ascend/ascend-toolkit/latest/opp/built-in/op_impl/ai_core/tbe:/opt/ros/humble/lib/python3.10/site-packages:/opt/ros/humble/local/lib/python3.10/dist-packages:/usr/local/Ascend/ascend-toolkit/latest/python/site-packages:/usr/local/Ascend/ascend-toolkit/latest/opp/built-in/op_impl/ai_core/tbe:/usr/local/Ascend/ascend-toolkit/laster/python/site-packages:/usr/local/Ascend/ascend-toolkit/laster/opp/built-in/op_impl/ai_core/tbe _=/usr/bin/env /usr/bin/python3 -W ignore:setup.py install is deprecated -W ignore:easy_install command is deprecated setup.py egg_info --egg-base ../../build/sensor build --build-base /root/ros_ws/build/sensor/build install --record /root/ros_ws/build/sensor/install.log --single-version-externally-managed install_data
[7.944s] Level 1:colcon.colcon_core.environment:checking '/root/ros_ws/install/sensor' for CMake module files
[7.945s] DEBUG:colcon.colcon_core.event_handler.log_command:Invoked command in '/root/ros_ws/src/sensor' returned '0': PYTHONPATH=/root/ros_ws/build/sensor/prefix_override:/usr/lib/python3/dist-packages/colcon_core/task/python/colcon_distutils_commands:/root/ros_ws/install/sensor/lib/python3.10/site-packages:/root/ros_ws/install/hiwonder_sdk/lib/python3.10/site-packages:/root/ros_ws/build/sensor:/root/ros_ws/build/hiwonder_sdk:/root/ros_ws/build/decision:/root/ros_ws/build/actuator:/root/ros_ws/install/sensor/lib/python3.10/site-packages:/root/ros_ws/install/my_interfaces/local/lib/python3.10/dist-packages:/root/ros_ws/install/decision/lib/python3.10/site-packages:/root/ros_ws/install/actuator/lib/python3.10/site-packages:/usr/local/Ascend/ascend-toolkit/latest/python/site-packages:/usr/local/Ascend/ascend-toolkit/latest/opp/built-in/op_impl/ai_core/tbe:/opt/ros/humble/lib/python3.10/site-packages:/opt/ros/humble/local/lib/python3.10/dist-packages:/usr/local/Ascend/ascend-toolkit/latest/python/site-packages:/usr/local/Ascend/ascend-toolkit/latest/opp/built-in/op_impl/ai_core/tbe:/usr/local/Ascend/ascend-toolkit/laster/python/site-packages:/usr/local/Ascend/ascend-toolkit/laster/opp/built-in/op_impl/ai_core/tbe _=/usr/bin/env /usr/bin/python3 -W ignore:setup.py install is deprecated -W ignore:easy_install command is deprecated setup.py egg_info --egg-base ../../build/sensor build --build-base /root/ros_ws/build/sensor/build install --record /root/ros_ws/build/sensor/install.log --single-version-externally-managed install_data
[7.946s] Level 1:colcon.colcon_core.environment:checking '/root/ros_ws/install/sensor' for CMake config files
[7.947s] Level 1:colcon.colcon_core.environment:checking '/root/ros_ws/install/sensor/lib'
[7.947s] Level 1:colcon.colcon_core.environment:checking '/root/ros_ws/install/sensor/bin'
[7.947s] Level 1:colcon.colcon_core.environment:checking '/root/ros_ws/install/sensor/lib/pkgconfig/sensor.pc'
[7.948s] Level 1:colcon.colcon_core.environment:checking '/root/ros_ws/install/sensor/lib/python3.10/site-packages'
[7.948s] Level 1:colcon.colcon_core.shell:create_environment_hook('sensor', 'pythonpath')
[7.949s] INFO:colcon.colcon_core.shell:Creating environment hook '/root/ros_ws/install/sensor/share/sensor/hook/pythonpath.ps1'
[7.950s] INFO:colcon.colcon_core.shell:Creating environment descriptor '/root/ros_ws/install/sensor/share/sensor/hook/pythonpath.dsv'
[7.951s] INFO:colcon.colcon_core.shell:Creating environment hook '/root/ros_ws/install/sensor/share/sensor/hook/pythonpath.sh'
[7.952s] Level 1:colcon.colcon_core.environment:checking '/root/ros_ws/install/sensor/bin'
[7.952s] Level 1:colcon.colcon_core.environment:create_environment_scripts_only(sensor)
[7.953s] INFO:colcon.colcon_core.shell:Creating package script '/root/ros_ws/install/sensor/share/sensor/package.ps1'
[7.954s] INFO:colcon.colcon_core.shell:Creating package descriptor '/root/ros_ws/install/sensor/share/sensor/package.dsv'
[7.955s] INFO:colcon.colcon_core.shell:Creating package script '/root/ros_ws/install/sensor/share/sensor/package.sh'
[7.957s] INFO:colcon.colcon_core.shell:Creating package script '/root/ros_ws/install/sensor/share/sensor/package.bash'
[7.958s] INFO:colcon.colcon_core.shell:Creating package script '/root/ros_ws/install/sensor/share/sensor/package.zsh'
[7.958s] Level 1:colcon.colcon_core.environment:create_file_with_runtime_dependencies(/root/ros_ws/install/sensor/share/colcon-core/packages/sensor)
[8.999s] DEBUG:colcon.colcon_core.event_handler.log_command:Invoked command in '/root/ros_ws/build/my_interfaces' returned '0': CMAKE_PREFIX_PATH=${CMAKE_PREFIX_PATH}:/root/ros_ws/install/sensor:/root/ros_ws/install/decision:/opt/ros/humble _=/usr/bin/env /usr/bin/cmake /root/ros_ws/src/my_interfaces -DCMAKE_INSTALL_PREFIX=/root/ros_ws/install/my_interfaces
[9.002s] DEBUG:colcon.colcon_core.event_handler.log_command:Invoking command in '/root/ros_ws/build/my_interfaces': CMAKE_PREFIX_PATH=${CMAKE_PREFIX_PATH}:/root/ros_ws/install/sensor:/root/ros_ws/install/decision:/opt/ros/humble _=/usr/bin/env /usr/bin/cmake --build /root/ros_ws/build/my_interfaces -- -j3 -l3
[33.960s] DEBUG:colcon.colcon_core.event_handler.log_command:Invoked command in '/root/ros_ws/build/my_interfaces' returned '0': CMAKE_PREFIX_PATH=${CMAKE_PREFIX_PATH}:/root/ros_ws/install/sensor:/root/ros_ws/install/decision:/opt/ros/humble _=/usr/bin/env /usr/bin/cmake --build /root/ros_ws/build/my_interfaces -- -j3 -l3
[33.982s] DEBUG:colcon.colcon_core.event_handler.log_command:Invoking command in '/root/ros_ws/build/my_interfaces': CMAKE_PREFIX_PATH=${CMAKE_PREFIX_PATH}:/root/ros_ws/install/sensor:/root/ros_ws/install/decision:/opt/ros/humble _=/usr/bin/env /usr/bin/cmake --install /root/ros_ws/build/my_interfaces
[34.175s] Level 1:colcon.colcon_core.environment:create_environment_scripts_only(my_interfaces)
[34.176s] Level 1:colcon.colcon_core.environment:checking '/root/ros_ws/install/my_interfaces' for CMake module files
[34.177s] DEBUG:colcon.colcon_core.event_handler.log_command:Invoked command in '/root/ros_ws/build/my_interfaces' returned '0': CMAKE_PREFIX_PATH=${CMAKE_PREFIX_PATH}:/root/ros_ws/install/sensor:/root/ros_ws/install/decision:/opt/ros/humble _=/usr/bin/env /usr/bin/cmake --install /root/ros_ws/build/my_interfaces
[34.178s] Level 1:colcon.colcon_core.environment:checking '/root/ros_ws/install/my_interfaces' for CMake config files
[34.179s] Level 1:colcon.colcon_core.shell:create_environment_hook('my_interfaces', 'cmake_prefix_path')
[34.180s] INFO:colcon.colcon_core.shell:Creating environment hook '/root/ros_ws/install/my_interfaces/share/my_interfaces/hook/cmake_prefix_path.ps1'
[34.181s] INFO:colcon.colcon_core.shell:Creating environment descriptor '/root/ros_ws/install/my_interfaces/share/my_interfaces/hook/cmake_prefix_path.dsv'
[34.182s] INFO:colcon.colcon_core.shell:Creating environment hook '/root/ros_ws/install/my_interfaces/share/my_interfaces/hook/cmake_prefix_path.sh'
[34.184s] Level 1:colcon.colcon_core.environment:checking '/root/ros_ws/install/my_interfaces/lib'
[34.184s] Level 1:colcon.colcon_core.shell:create_environment_hook('my_interfaces', 'ld_library_path_lib')
[34.185s] INFO:colcon.colcon_core.shell:Creating environment hook '/root/ros_ws/install/my_interfaces/share/my_interfaces/hook/ld_library_path_lib.ps1'
[34.185s] INFO:colcon.colcon_core.shell:Creating environment descriptor '/root/ros_ws/install/my_interfaces/share/my_interfaces/hook/ld_library_path_lib.dsv'
[34.186s] INFO:colcon.colcon_core.shell:Creating environment hook '/root/ros_ws/install/my_interfaces/share/my_interfaces/hook/ld_library_path_lib.sh'
[34.187s] Level 1:colcon.colcon_core.environment:checking '/root/ros_ws/install/my_interfaces/bin'
[34.187s] Level 1:colcon.colcon_core.environment:checking '/root/ros_ws/install/my_interfaces/lib/pkgconfig/my_interfaces.pc'
[34.188s] Level 1:colcon.colcon_core.environment:checking '/root/ros_ws/install/my_interfaces/lib/python3.10/site-packages'
[34.188s] Level 1:colcon.colcon_core.environment:checking '/root/ros_ws/install/my_interfaces/bin'
[34.189s] INFO:colcon.colcon_core.shell:Creating package script '/root/ros_ws/install/my_interfaces/share/my_interfaces/package.ps1'
[34.190s] INFO:colcon.colcon_core.shell:Creating package descriptor '/root/ros_ws/install/my_interfaces/share/my_interfaces/package.dsv'
[34.192s] INFO:colcon.colcon_core.shell:Creating package script '/root/ros_ws/install/my_interfaces/share/my_interfaces/package.sh'
[34.193s] INFO:colcon.colcon_core.shell:Creating package script '/root/ros_ws/install/my_interfaces/share/my_interfaces/package.bash'
[34.194s] INFO:colcon.colcon_core.shell:Creating package script '/root/ros_ws/install/my_interfaces/share/my_interfaces/package.zsh'
[34.194s] Level 1:colcon.colcon_core.environment:create_file_with_runtime_dependencies(/root/ros_ws/install/my_interfaces/share/colcon-core/packages/my_interfaces)
[34.196s] Level 1:colcon.colcon_core.environment:create_environment_scripts_only(my_interfaces)
[34.196s] Level 1:colcon.colcon_core.environment:checking '/root/ros_ws/install/my_interfaces' for CMake module files
[34.198s] Level 1:colcon.colcon_core.environment:checking '/root/ros_ws/install/my_interfaces' for CMake config files
[34.198s] Level 1:colcon.colcon_core.shell:create_environment_hook('my_interfaces', 'cmake_prefix_path')
[34.199s] INFO:colcon.colcon_core.shell:Creating environment hook '/root/ros_ws/install/my_interfaces/share/my_interfaces/hook/cmake_prefix_path.ps1'
[34.200s] INFO:colcon.colcon_core.shell:Creating environment descriptor '/root/ros_ws/install/my_interfaces/share/my_interfaces/hook/cmake_prefix_path.dsv'
[34.201s] INFO:colcon.colcon_core.shell:Creating environment hook '/root/ros_ws/install/my_interfaces/share/my_interfaces/hook/cmake_prefix_path.sh'
[34.202s] Level 1:colcon.colcon_core.environment:checking '/root/ros_ws/install/my_interfaces/lib'
[34.202s] Level 1:colcon.colcon_core.shell:create_environment_hook('my_interfaces', 'ld_library_path_lib')
[34.203s] INFO:colcon.colcon_core.shell:Creating environment hook '/root/ros_ws/install/my_interfaces/share/my_interfaces/hook/ld_library_path_lib.ps1'
[34.204s] INFO:colcon.colcon_core.shell:Creating environment descriptor '/root/ros_ws/install/my_interfaces/share/my_interfaces/hook/ld_library_path_lib.dsv'
[34.205s] INFO:colcon.colcon_core.shell:Creating environment hook '/root/ros_ws/install/my_interfaces/share/my_interfaces/hook/ld_library_path_lib.sh'
[34.206s] Level 1:colcon.colcon_core.environment:checking '/root/ros_ws/install/my_interfaces/bin'
[34.206s] Level 1:colcon.colcon_core.environment:checking '/root/ros_ws/install/my_interfaces/lib/pkgconfig/my_interfaces.pc'
[34.207s] Level 1:colcon.colcon_core.environment:checking '/root/ros_ws/install/my_interfaces/lib/python3.10/site-packages'
[34.207s] Level 1:colcon.colcon_core.environment:checking '/root/ros_ws/install/my_interfaces/bin'
[34.208s] INFO:colcon.colcon_core.shell:Creating package script '/root/ros_ws/install/my_interfaces/share/my_interfaces/package.ps1'
[34.209s] INFO:colcon.colcon_core.shell:Creating package descriptor '/root/ros_ws/install/my_interfaces/share/my_interfaces/package.dsv'
[34.211s] INFO:colcon.colcon_core.shell:Creating package script '/root/ros_ws/install/my_interfaces/share/my_interfaces/package.sh'
[34.212s] INFO:colcon.colcon_core.shell:Creating package script '/root/ros_ws/install/my_interfaces/share/my_interfaces/package.bash'
[34.213s] INFO:colcon.colcon_core.shell:Creating package script '/root/ros_ws/install/my_interfaces/share/my_interfaces/package.zsh'
[34.214s] Level 1:colcon.colcon_core.environment:create_file_with_runtime_dependencies(/root/ros_ws/install/my_interfaces/share/colcon-core/packages/my_interfaces)
[34.215s] DEBUG:colcon.colcon_parallel_executor.executor.parallel:closing loop
[34.215s] DEBUG:colcon.colcon_parallel_executor.executor.parallel:loop closed
[34.216s] DEBUG:colcon.colcon_parallel_executor.executor.parallel:run_until_complete finished with '0'
[34.217s] DEBUG:colcon.colcon_core.event_reactor:joining thread
[34.230s] INFO:colcon.colcon_core.plugin_system:Skipping extension 'colcon_notification.desktop_notification.terminal_notifier': Not used on non-Darwin systems
[34.231s] INFO:colcon.colcon_core.plugin_system:Skipping extension 'colcon_notification.desktop_notification.win32': Not used on non-Windows systems
[34.231s] INFO:colcon.colcon_notification.desktop_notification:Sending desktop notification using 'notify2'
[34.245s] DEBUG:colcon.colcon_core.event_reactor:joined thread
[34.246s] INFO:colcon.colcon_core.shell:Creating prefix script '/root/ros_ws/install/local_setup.ps1'
[34.249s] INFO:colcon.colcon_core.shell:Creating prefix util module '/root/ros_ws/install/_local_setup_util_ps1.py'
[34.254s] INFO:colcon.colcon_core.shell:Creating prefix chain script '/root/ros_ws/install/setup.ps1'
[34.256s] INFO:colcon.colcon_core.shell:Creating prefix script '/root/ros_ws/install/local_setup.sh'
[34.258s] INFO:colcon.colcon_core.shell:Creating prefix util module '/root/ros_ws/install/_local_setup_util_sh.py'
[34.259s] INFO:colcon.colcon_core.shell:Creating prefix chain script '/root/ros_ws/install/setup.sh'
[34.261s] INFO:colcon.colcon_core.shell:Creating prefix script '/root/ros_ws/install/local_setup.bash'
[34.263s] INFO:colcon.colcon_core.shell:Creating prefix chain script '/root/ros_ws/install/setup.bash'
[34.265s] INFO:colcon.colcon_core.shell:Creating prefix script '/root/ros_ws/install/local_setup.zsh'
[34.266s] INFO:colcon.colcon_core.shell:Creating prefix chain script '/root/ros_ws/install/setup.zsh'
