[0.272s] DEBUG:colcon:Command line arguments: ['/usr/bin/colcon', 'build', '--symlink-install']
[0.273s] DEBUG:colcon:Parsed command line arguments: Namespace(log_base=None, log_level=None, verb_name='build', build_base='build', install_base='install', merge_install=False, symlink_install=True, test_result_base=None, continue_on_error=False, executor='parallel', parallel_workers=3, event_handlers=None, ignore_user_meta=False, metas=['./colcon.meta'], base_paths=['.'], packages_ignore=None, packages_ignore_regex=None, paths=None, packages_up_to=None, packages_up_to_regex=None, packages_above=None, packages_above_and_dependencies=None, packages_above_depth=None, packages_select_by_dep=None, packages_skip_by_dep=None, packages_skip_up_to=None, packages_select_build_failed=False, packages_skip_build_finished=False, packages_select_test_failures=False, packages_skip_test_passed=False, packages_select=None, packages_skip=None, packages_select_regex=None, packages_skip_regex=None, packages_start=None, packages_end=None, allow_overriding=[], cmake_args=None, cmake_target=None, cmake_target_skip_unavailable=False, cmake_clean_cache=False, cmake_clean_first=False, cmake_force_configure=False, ament_cmake_args=None, catkin_cmake_args=None, catkin_skip_building_tests=False, verb_parser=<colcon_defaults.argument_parser.defaults.DefaultArgumentsDecorator object at 0xe7ffe12965f0>, verb_extension=<colcon_core.verb.build.BuildVerb object at 0xe7ffe1423a30>, main=<bound method BuildVerb.main of <colcon_core.verb.build.BuildVerb object at 0xe7ffe1423a30>>)
[0.669s] Level 1:colcon.colcon_core.package_discovery:discover_packages(colcon_meta) check parameters
[0.670s] Level 1:colcon.colcon_core.package_discovery:discover_packages(recursive) check parameters
[0.670s] Level 1:colcon.colcon_core.package_discovery:discover_packages(ignore) check parameters
[0.670s] Level 1:colcon.colcon_core.package_discovery:discover_packages(path) check parameters
[0.670s] Level 1:colcon.colcon_core.package_discovery:discover_packages(colcon_meta) discover
[0.670s] Level 1:colcon.colcon_core.package_discovery:discover_packages(recursive) discover
[0.670s] INFO:colcon.colcon_core.package_discovery:Crawling recursively for packages in '/root/ros_ws'
[0.670s] Level 1:colcon.colcon_core.package_identification:_identify(.) by extensions ['ignore', 'ignore_ament_install']
[0.671s] Level 1:colcon.colcon_core.package_identification:_identify(.) by extension 'ignore'
[0.671s] Level 1:colcon.colcon_core.package_identification:_identify(.) by extension 'ignore_ament_install'
[0.671s] Level 1:colcon.colcon_core.package_identification:_identify(.) by extensions ['colcon_pkg']
[0.671s] Level 1:colcon.colcon_core.package_identification:_identify(.) by extension 'colcon_pkg'
[0.671s] Level 1:colcon.colcon_core.package_identification:_identify(.) by extensions ['colcon_meta']
[0.671s] Level 1:colcon.colcon_core.package_identification:_identify(.) by extension 'colcon_meta'
[0.671s] Level 1:colcon.colcon_core.package_identification:_identify(.) by extensions ['ros']
[0.671s] Level 1:colcon.colcon_core.package_identification:_identify(.) by extension 'ros'
[0.736s] Level 1:colcon.colcon_core.package_identification:_identify(.) by extensions ['cmake', 'python']
[0.736s] Level 1:colcon.colcon_core.package_identification:_identify(.) by extension 'cmake'
[0.736s] Level 1:colcon.colcon_core.package_identification:_identify(.) by extension 'python'
[0.736s] Level 1:colcon.colcon_core.package_identification:_identify(.) by extensions ['python_setup_py']
[0.737s] Level 1:colcon.colcon_core.package_identification:_identify(.) by extension 'python_setup_py'
[0.737s] Level 1:colcon.colcon_core.package_identification:_identify(build) by extensions ['ignore', 'ignore_ament_install']
[0.737s] Level 1:colcon.colcon_core.package_identification:_identify(build) by extension 'ignore'
[0.737s] Level 1:colcon.colcon_core.package_identification:_identify(build) ignored
[0.738s] Level 1:colcon.colcon_core.package_identification:_identify(install) by extensions ['ignore', 'ignore_ament_install']
[0.738s] Level 1:colcon.colcon_core.package_identification:_identify(install) by extension 'ignore'
[0.738s] Level 1:colcon.colcon_core.package_identification:_identify(install) ignored
[0.738s] Level 1:colcon.colcon_core.package_identification:_identify(log) by extensions ['ignore', 'ignore_ament_install']
[0.739s] Level 1:colcon.colcon_core.package_identification:_identify(log) by extension 'ignore'
[0.739s] Level 1:colcon.colcon_core.package_identification:_identify(log) ignored
[0.739s] Level 1:colcon.colcon_core.package_identification:_identify(src) by extensions ['ignore', 'ignore_ament_install']
[0.739s] Level 1:colcon.colcon_core.package_identification:_identify(src) by extension 'ignore'
[0.739s] Level 1:colcon.colcon_core.package_identification:_identify(src) by extension 'ignore_ament_install'
[0.739s] Level 1:colcon.colcon_core.package_identification:_identify(src) by extensions ['colcon_pkg']
[0.740s] Level 1:colcon.colcon_core.package_identification:_identify(src) by extension 'colcon_pkg'
[0.740s] Level 1:colcon.colcon_core.package_identification:_identify(src) by extensions ['colcon_meta']
[0.740s] Level 1:colcon.colcon_core.package_identification:_identify(src) by extension 'colcon_meta'
[0.740s] Level 1:colcon.colcon_core.package_identification:_identify(src) by extensions ['ros']
[0.740s] Level 1:colcon.colcon_core.package_identification:_identify(src) by extension 'ros'
[0.740s] Level 1:colcon.colcon_core.package_identification:_identify(src) by extensions ['cmake', 'python']
[0.740s] Level 1:colcon.colcon_core.package_identification:_identify(src) by extension 'cmake'
[0.740s] Level 1:colcon.colcon_core.package_identification:_identify(src) by extension 'python'
[0.741s] Level 1:colcon.colcon_core.package_identification:_identify(src) by extensions ['python_setup_py']
[0.741s] Level 1:colcon.colcon_core.package_identification:_identify(src) by extension 'python_setup_py'
[0.741s] Level 1:colcon.colcon_core.package_identification:_identify(src/control_py) by extensions ['ignore', 'ignore_ament_install']
[0.741s] Level 1:colcon.colcon_core.package_identification:_identify(src/control_py) by extension 'ignore'
[0.741s] Level 1:colcon.colcon_core.package_identification:_identify(src/control_py) by extension 'ignore_ament_install'
[0.742s] Level 1:colcon.colcon_core.package_identification:_identify(src/control_py) by extensions ['colcon_pkg']
[0.742s] Level 1:colcon.colcon_core.package_identification:_identify(src/control_py) by extension 'colcon_pkg'
[0.742s] Level 1:colcon.colcon_core.package_identification:_identify(src/control_py) by extensions ['colcon_meta']
[0.742s] Level 1:colcon.colcon_core.package_identification:_identify(src/control_py) by extension 'colcon_meta'
[0.742s] Level 1:colcon.colcon_core.package_identification:_identify(src/control_py) by extensions ['ros']
[0.742s] Level 1:colcon.colcon_core.package_identification:_identify(src/control_py) by extension 'ros'
[0.752s] DEBUG:colcon.colcon_core.package_identification:Package 'src/control_py' with type 'ros.ament_python' and name 'control_py'
[0.753s] Level 1:colcon.colcon_core.package_identification:_identify(src/decision) by extensions ['ignore', 'ignore_ament_install']
[0.753s] Level 1:colcon.colcon_core.package_identification:_identify(src/decision) by extension 'ignore'
[0.753s] Level 1:colcon.colcon_core.package_identification:_identify(src/decision) by extension 'ignore_ament_install'
[0.753s] Level 1:colcon.colcon_core.package_identification:_identify(src/decision) by extensions ['colcon_pkg']
[0.753s] Level 1:colcon.colcon_core.package_identification:_identify(src/decision) by extension 'colcon_pkg'
[0.754s] Level 1:colcon.colcon_core.package_identification:_identify(src/decision) by extensions ['colcon_meta']
[0.754s] Level 1:colcon.colcon_core.package_identification:_identify(src/decision) by extension 'colcon_meta'
[0.754s] Level 1:colcon.colcon_core.package_identification:_identify(src/decision) by extensions ['ros']
[0.754s] Level 1:colcon.colcon_core.package_identification:_identify(src/decision) by extension 'ros'
[0.756s] DEBUG:colcon.colcon_core.package_identification:Package 'src/decision' with type 'ros.ament_python' and name 'decision'
[0.757s] Level 1:colcon.colcon_core.package_identification:_identify(src/hardware_interface_py) by extensions ['ignore', 'ignore_ament_install']
[0.757s] Level 1:colcon.colcon_core.package_identification:_identify(src/hardware_interface_py) by extension 'ignore'
[0.757s] Level 1:colcon.colcon_core.package_identification:_identify(src/hardware_interface_py) by extension 'ignore_ament_install'
[0.757s] Level 1:colcon.colcon_core.package_identification:_identify(src/hardware_interface_py) by extensions ['colcon_pkg']
[0.758s] Level 1:colcon.colcon_core.package_identification:_identify(src/hardware_interface_py) by extension 'colcon_pkg'
[0.758s] Level 1:colcon.colcon_core.package_identification:_identify(src/hardware_interface_py) by extensions ['colcon_meta']
[0.758s] Level 1:colcon.colcon_core.package_identification:_identify(src/hardware_interface_py) by extension 'colcon_meta'
[0.758s] Level 1:colcon.colcon_core.package_identification:_identify(src/hardware_interface_py) by extensions ['ros']
[0.758s] Level 1:colcon.colcon_core.package_identification:_identify(src/hardware_interface_py) by extension 'ros'
[0.761s] DEBUG:colcon.colcon_core.package_identification:Package 'src/hardware_interface_py' with type 'ros.ament_python' and name 'hardware_interface_py'
[0.761s] Level 1:colcon.colcon_core.package_discovery:discover_packages(recursive) using defaults
[0.761s] Level 1:colcon.colcon_core.package_discovery:discover_packages(ignore) discover
[0.761s] Level 1:colcon.colcon_core.package_discovery:discover_packages(ignore) using defaults
[0.766s] Level 1:colcon.colcon_core.package_discovery:discover_packages(path) discover
[0.766s] Level 1:colcon.colcon_core.package_discovery:discover_packages(path) using defaults
[0.928s] Level 1:colcon.colcon_core.package_discovery:discover_packages(prefix_path) check parameters
[0.928s] Level 1:colcon.colcon_core.package_discovery:discover_packages(prefix_path) discover
[0.935s] DEBUG:colcon.colcon_installed_package_information.package_discovery:Found 7 installed packages in /root/ros_ws/install
[0.938s] DEBUG:colcon.colcon_installed_package_information.package_discovery:Found 272 installed packages in /opt/ros/humble
[0.943s] Level 1:colcon.colcon_core.package_discovery:discover_packages(prefix_path) using defaults
[1.040s] Level 5:colcon.colcon_core.verb:set package 'control_py' build argument 'cmake_args' from command line to 'None'
[1.040s] Level 5:colcon.colcon_core.verb:set package 'control_py' build argument 'cmake_target' from command line to 'None'
[1.040s] Level 5:colcon.colcon_core.verb:set package 'control_py' build argument 'cmake_target_skip_unavailable' from command line to 'False'
[1.040s] Level 5:colcon.colcon_core.verb:set package 'control_py' build argument 'cmake_clean_cache' from command line to 'False'
[1.040s] Level 5:colcon.colcon_core.verb:set package 'control_py' build argument 'cmake_clean_first' from command line to 'False'
[1.040s] Level 5:colcon.colcon_core.verb:set package 'control_py' build argument 'cmake_force_configure' from command line to 'False'
[1.041s] Level 5:colcon.colcon_core.verb:set package 'control_py' build argument 'ament_cmake_args' from command line to 'None'
[1.041s] Level 5:colcon.colcon_core.verb:set package 'control_py' build argument 'catkin_cmake_args' from command line to 'None'
[1.041s] Level 5:colcon.colcon_core.verb:set package 'control_py' build argument 'catkin_skip_building_tests' from command line to 'False'
[1.041s] DEBUG:colcon.colcon_core.verb:Building package 'control_py' with the following arguments: {'ament_cmake_args': None, 'build_base': '/root/ros_ws/build/control_py', 'catkin_cmake_args': None, 'catkin_skip_building_tests': False, 'cmake_args': None, 'cmake_clean_cache': False, 'cmake_clean_first': False, 'cmake_force_configure': False, 'cmake_target': None, 'cmake_target_skip_unavailable': False, 'install_base': '/root/ros_ws/install/control_py', 'merge_install': False, 'path': '/root/ros_ws/src/control_py', 'symlink_install': True, 'test_result_base': None}
[1.042s] Level 5:colcon.colcon_core.verb:set package 'decision' build argument 'cmake_args' from command line to 'None'
[1.042s] Level 5:colcon.colcon_core.verb:set package 'decision' build argument 'cmake_target' from command line to 'None'
[1.042s] Level 5:colcon.colcon_core.verb:set package 'decision' build argument 'cmake_target_skip_unavailable' from command line to 'False'
[1.042s] Level 5:colcon.colcon_core.verb:set package 'decision' build argument 'cmake_clean_cache' from command line to 'False'
[1.042s] Level 5:colcon.colcon_core.verb:set package 'decision' build argument 'cmake_clean_first' from command line to 'False'
[1.042s] Level 5:colcon.colcon_core.verb:set package 'decision' build argument 'cmake_force_configure' from command line to 'False'
[1.042s] Level 5:colcon.colcon_core.verb:set package 'decision' build argument 'ament_cmake_args' from command line to 'None'
[1.042s] Level 5:colcon.colcon_core.verb:set package 'decision' build argument 'catkin_cmake_args' from command line to 'None'
[1.042s] Level 5:colcon.colcon_core.verb:set package 'decision' build argument 'catkin_skip_building_tests' from command line to 'False'
[1.042s] DEBUG:colcon.colcon_core.verb:Building package 'decision' with the following arguments: {'ament_cmake_args': None, 'build_base': '/root/ros_ws/build/decision', 'catkin_cmake_args': None, 'catkin_skip_building_tests': False, 'cmake_args': None, 'cmake_clean_cache': False, 'cmake_clean_first': False, 'cmake_force_configure': False, 'cmake_target': None, 'cmake_target_skip_unavailable': False, 'install_base': '/root/ros_ws/install/decision', 'merge_install': False, 'path': '/root/ros_ws/src/decision', 'symlink_install': True, 'test_result_base': None}
[1.043s] Level 5:colcon.colcon_core.verb:set package 'hardware_interface_py' build argument 'cmake_args' from command line to 'None'
[1.043s] Level 5:colcon.colcon_core.verb:set package 'hardware_interface_py' build argument 'cmake_target' from command line to 'None'
[1.044s] Level 5:colcon.colcon_core.verb:set package 'hardware_interface_py' build argument 'cmake_target_skip_unavailable' from command line to 'False'
[1.044s] Level 5:colcon.colcon_core.verb:set package 'hardware_interface_py' build argument 'cmake_clean_cache' from command line to 'False'
[1.044s] Level 5:colcon.colcon_core.verb:set package 'hardware_interface_py' build argument 'cmake_clean_first' from command line to 'False'
[1.044s] Level 5:colcon.colcon_core.verb:set package 'hardware_interface_py' build argument 'cmake_force_configure' from command line to 'False'
[1.044s] Level 5:colcon.colcon_core.verb:set package 'hardware_interface_py' build argument 'ament_cmake_args' from command line to 'None'
[1.044s] Level 5:colcon.colcon_core.verb:set package 'hardware_interface_py' build argument 'catkin_cmake_args' from command line to 'None'
[1.044s] Level 5:colcon.colcon_core.verb:set package 'hardware_interface_py' build argument 'catkin_skip_building_tests' from command line to 'False'
[1.044s] DEBUG:colcon.colcon_core.verb:Building package 'hardware_interface_py' with the following arguments: {'ament_cmake_args': None, 'build_base': '/root/ros_ws/build/hardware_interface_py', 'catkin_cmake_args': None, 'catkin_skip_building_tests': False, 'cmake_args': None, 'cmake_clean_cache': False, 'cmake_clean_first': False, 'cmake_force_configure': False, 'cmake_target': None, 'cmake_target_skip_unavailable': False, 'install_base': '/root/ros_ws/install/hardware_interface_py', 'merge_install': False, 'path': '/root/ros_ws/src/hardware_interface_py', 'symlink_install': True, 'test_result_base': None}
[1.044s] INFO:colcon.colcon_core.executor:Executing jobs using 'parallel' executor
[1.047s] DEBUG:colcon.colcon_parallel_executor.executor.parallel:run_until_complete
[1.047s] INFO:colcon.colcon_ros.task.ament_python.build:Building ROS package in '/root/ros_ws/src/control_py' with build type 'ament_python'
[1.048s] Level 1:colcon.colcon_core.shell:create_environment_hook('control_py', 'ament_prefix_path')
[1.052s] INFO:colcon.colcon_core.plugin_system:Skipping extension 'colcon_core.shell.bat': Not used on non-Windows systems
[1.053s] INFO:colcon.colcon_core.shell:Creating environment hook '/root/ros_ws/install/control_py/share/control_py/hook/ament_prefix_path.ps1'
[1.055s] INFO:colcon.colcon_core.shell:Creating environment descriptor '/root/ros_ws/install/control_py/share/control_py/hook/ament_prefix_path.dsv'
[1.056s] INFO:colcon.colcon_core.shell:Creating environment hook '/root/ros_ws/install/control_py/share/control_py/hook/ament_prefix_path.sh'
[1.058s] INFO:colcon.colcon_core.shell:Skip shell extension 'powershell' for command environment: Not usable outside of PowerShell
[1.059s] DEBUG:colcon.colcon_core.shell:Skip shell extension 'dsv' for command environment
[1.066s] INFO:colcon.colcon_ros.task.ament_python.build:Building ROS package in '/root/ros_ws/src/decision' with build type 'ament_python'
[1.067s] Level 1:colcon.colcon_core.shell:create_environment_hook('decision', 'ament_prefix_path')
[1.067s] INFO:colcon.colcon_core.shell:Creating environment hook '/root/ros_ws/install/decision/share/decision/hook/ament_prefix_path.ps1'
[1.069s] INFO:colcon.colcon_core.shell:Creating environment descriptor '/root/ros_ws/install/decision/share/decision/hook/ament_prefix_path.dsv'
[1.070s] INFO:colcon.colcon_core.shell:Creating environment hook '/root/ros_ws/install/decision/share/decision/hook/ament_prefix_path.sh'
[1.071s] INFO:colcon.colcon_core.shell:Skip shell extension 'powershell' for command environment: Not usable outside of PowerShell
[1.072s] DEBUG:colcon.colcon_core.shell:Skip shell extension 'dsv' for command environment
[1.079s] INFO:colcon.colcon_ros.task.ament_python.build:Building ROS package in '/root/ros_ws/src/hardware_interface_py' with build type 'ament_python'
[1.080s] Level 1:colcon.colcon_core.shell:create_environment_hook('hardware_interface_py', 'ament_prefix_path')
[1.080s] INFO:colcon.colcon_core.shell:Creating environment hook '/root/ros_ws/install/hardware_interface_py/share/hardware_interface_py/hook/ament_prefix_path.ps1'
[1.082s] INFO:colcon.colcon_core.shell:Creating environment descriptor '/root/ros_ws/install/hardware_interface_py/share/hardware_interface_py/hook/ament_prefix_path.dsv'
[1.083s] INFO:colcon.colcon_core.shell:Creating environment hook '/root/ros_ws/install/hardware_interface_py/share/hardware_interface_py/hook/ament_prefix_path.sh'
[1.084s] INFO:colcon.colcon_core.shell:Skip shell extension 'powershell' for command environment: Not usable outside of PowerShell
[1.084s] DEBUG:colcon.colcon_core.shell:Skip shell extension 'dsv' for command environment
[1.760s] INFO:colcon.colcon_core.task.python.build:Building Python package in '/root/ros_ws/src/control_py'
[1.761s] INFO:colcon.colcon_core.shell:Skip shell extension 'powershell' for command environment: Not usable outside of PowerShell
[1.761s] DEBUG:colcon.colcon_core.shell:Skip shell extension 'dsv' for command environment
[2.425s] INFO:colcon.colcon_core.task.python.build:Building Python package in '/root/ros_ws/src/decision'
[2.426s] INFO:colcon.colcon_core.shell:Skip shell extension 'powershell' for command environment: Not usable outside of PowerShell
[2.426s] DEBUG:colcon.colcon_core.shell:Skip shell extension 'dsv' for command environment
[3.105s] INFO:colcon.colcon_core.task.python.build:Building Python package in '/root/ros_ws/src/hardware_interface_py'
[3.106s] INFO:colcon.colcon_core.shell:Skip shell extension 'powershell' for command environment: Not usable outside of PowerShell
[3.106s] DEBUG:colcon.colcon_core.shell:Skip shell extension 'dsv' for command environment
[4.070s] DEBUG:colcon.colcon_core.event_handler.log_command:Invoking command in '/root/ros_ws/build/hardware_interface_py': PYTHONPATH=/root/ros_ws/build/hardware_interface_py/prefix_override:/usr/lib/python3/dist-packages/colcon_core/task/python/colcon_distutils_commands:/root/ros_ws/install/hardware_interface_py/lib/python3.10/site-packages:${PYTHONPATH} _=/usr/bin/env /usr/bin/python3 -W ignore:setup.py install is deprecated -W ignore:easy_install command is deprecated setup.py develop --editable --build-directory /root/ros_ws/build/hardware_interface_py/build --no-deps symlink_data
[4.089s] DEBUG:colcon.colcon_core.event_handler.log_command:Invoking command in '/root/ros_ws/build/decision': PYTHONPATH=/root/ros_ws/build/decision/prefix_override:/usr/lib/python3/dist-packages/colcon_core/task/python/colcon_distutils_commands:/root/ros_ws/install/decision/lib/python3.10/site-packages:${PYTHONPATH} _=/usr/bin/env /usr/bin/python3 -W ignore:setup.py install is deprecated -W ignore:easy_install command is deprecated setup.py develop --editable --build-directory /root/ros_ws/build/decision/build --no-deps symlink_data
[4.138s] DEBUG:colcon.colcon_core.event_handler.log_command:Invoking command in '/root/ros_ws/build/control_py': PYTHONPATH=/root/ros_ws/build/control_py/prefix_override:/usr/lib/python3/dist-packages/colcon_core/task/python/colcon_distutils_commands:/root/ros_ws/install/control_py/lib/python3.10/site-packages:${PYTHONPATH} _=/usr/bin/env /usr/bin/python3 -W ignore:setup.py install is deprecated -W ignore:easy_install command is deprecated setup.py develop --editable --build-directory /root/ros_ws/build/control_py/build --no-deps symlink_data
[5.408s] Level 1:colcon.colcon_core.shell:create_environment_hook('hardware_interface_py', 'pythonpath_develop')
[5.409s] INFO:colcon.colcon_core.shell:Creating environment hook '/root/ros_ws/build/hardware_interface_py/share/hardware_interface_py/hook/pythonpath_develop.ps1'
[5.411s] DEBUG:colcon.colcon_core.event_handler.log_command:Invoked command in '/root/ros_ws/build/hardware_interface_py' returned '0': PYTHONPATH=/root/ros_ws/build/hardware_interface_py/prefix_override:/usr/lib/python3/dist-packages/colcon_core/task/python/colcon_distutils_commands:/root/ros_ws/install/hardware_interface_py/lib/python3.10/site-packages:${PYTHONPATH} _=/usr/bin/env /usr/bin/python3 -W ignore:setup.py install is deprecated -W ignore:easy_install command is deprecated setup.py develop --editable --build-directory /root/ros_ws/build/hardware_interface_py/build --no-deps symlink_data
[5.412s] INFO:colcon.colcon_core.shell:Creating environment descriptor '/root/ros_ws/build/hardware_interface_py/share/hardware_interface_py/hook/pythonpath_develop.dsv'
[5.414s] INFO:colcon.colcon_core.shell:Creating environment hook '/root/ros_ws/build/hardware_interface_py/share/hardware_interface_py/hook/pythonpath_develop.sh'
[5.425s] Level 1:colcon.colcon_core.environment:checking '/root/ros_ws/install/hardware_interface_py' for CMake module files
[5.426s] Level 1:colcon.colcon_core.environment:checking '/root/ros_ws/install/hardware_interface_py' for CMake config files
[5.428s] Level 1:colcon.colcon_core.environment:checking '/root/ros_ws/install/hardware_interface_py/lib'
[5.429s] Level 1:colcon.colcon_core.environment:checking '/root/ros_ws/install/hardware_interface_py/bin'
[5.429s] Level 1:colcon.colcon_core.environment:checking '/root/ros_ws/install/hardware_interface_py/lib/pkgconfig/hardware_interface_py.pc'
[5.430s] Level 1:colcon.colcon_core.environment:checking '/root/ros_ws/install/hardware_interface_py/lib/python3.10/site-packages'
[5.430s] Level 1:colcon.colcon_core.shell:create_environment_hook('hardware_interface_py', 'pythonpath')
[5.431s] INFO:colcon.colcon_core.shell:Creating environment hook '/root/ros_ws/install/hardware_interface_py/share/hardware_interface_py/hook/pythonpath.ps1'
[5.433s] INFO:colcon.colcon_core.shell:Creating environment descriptor '/root/ros_ws/install/hardware_interface_py/share/hardware_interface_py/hook/pythonpath.dsv'
[5.435s] INFO:colcon.colcon_core.shell:Creating environment hook '/root/ros_ws/install/hardware_interface_py/share/hardware_interface_py/hook/pythonpath.sh'
[5.438s] Level 1:colcon.colcon_core.environment:checking '/root/ros_ws/install/hardware_interface_py/bin'
[5.438s] Level 1:colcon.colcon_core.environment:create_environment_scripts_only(hardware_interface_py)
[5.440s] INFO:colcon.colcon_core.shell:Creating package script '/root/ros_ws/install/hardware_interface_py/share/hardware_interface_py/package.ps1'
[5.444s] INFO:colcon.colcon_core.shell:Creating package descriptor '/root/ros_ws/install/hardware_interface_py/share/hardware_interface_py/package.dsv'
[5.446s] INFO:colcon.colcon_core.shell:Creating package script '/root/ros_ws/install/hardware_interface_py/share/hardware_interface_py/package.sh'
[5.449s] INFO:colcon.colcon_core.shell:Creating package script '/root/ros_ws/install/hardware_interface_py/share/hardware_interface_py/package.bash'
[5.452s] INFO:colcon.colcon_core.shell:Creating package script '/root/ros_ws/install/hardware_interface_py/share/hardware_interface_py/package.zsh'
[5.455s] Level 1:colcon.colcon_core.environment:create_file_with_runtime_dependencies(/root/ros_ws/install/hardware_interface_py/share/colcon-core/packages/hardware_interface_py)
[5.462s] Level 1:colcon.colcon_core.shell:create_environment_hook('decision', 'pythonpath_develop')
[5.463s] INFO:colcon.colcon_core.shell:Creating environment hook '/root/ros_ws/build/decision/share/decision/hook/pythonpath_develop.ps1'
[5.464s] DEBUG:colcon.colcon_core.event_handler.log_command:Invoked command in '/root/ros_ws/build/decision' returned '0': PYTHONPATH=/root/ros_ws/build/decision/prefix_override:/usr/lib/python3/dist-packages/colcon_core/task/python/colcon_distutils_commands:/root/ros_ws/install/decision/lib/python3.10/site-packages:${PYTHONPATH} _=/usr/bin/env /usr/bin/python3 -W ignore:setup.py install is deprecated -W ignore:easy_install command is deprecated setup.py develop --editable --build-directory /root/ros_ws/build/decision/build --no-deps symlink_data
[5.466s] INFO:colcon.colcon_core.shell:Creating environment descriptor '/root/ros_ws/build/decision/share/decision/hook/pythonpath_develop.dsv'
[5.467s] INFO:colcon.colcon_core.shell:Creating environment hook '/root/ros_ws/build/decision/share/decision/hook/pythonpath_develop.sh'
[5.469s] Level 1:colcon.colcon_core.environment:checking '/root/ros_ws/install/decision' for CMake module files
[5.471s] Level 1:colcon.colcon_core.environment:checking '/root/ros_ws/install/decision' for CMake config files
[5.472s] Level 1:colcon.colcon_core.environment:checking '/root/ros_ws/install/decision/lib'
[5.473s] Level 1:colcon.colcon_core.environment:checking '/root/ros_ws/install/decision/bin'
[5.473s] Level 1:colcon.colcon_core.environment:checking '/root/ros_ws/install/decision/lib/pkgconfig/decision.pc'
[5.473s] Level 1:colcon.colcon_core.environment:checking '/root/ros_ws/install/decision/lib/python3.10/site-packages'
[5.474s] Level 1:colcon.colcon_core.shell:create_environment_hook('decision', 'pythonpath')
[5.474s] INFO:colcon.colcon_core.shell:Creating environment hook '/root/ros_ws/install/decision/share/decision/hook/pythonpath.ps1'
[5.476s] INFO:colcon.colcon_core.shell:Creating environment descriptor '/root/ros_ws/install/decision/share/decision/hook/pythonpath.dsv'
[5.477s] INFO:colcon.colcon_core.shell:Creating environment hook '/root/ros_ws/install/decision/share/decision/hook/pythonpath.sh'
[5.479s] Level 1:colcon.colcon_core.environment:checking '/root/ros_ws/install/decision/bin'
[5.479s] Level 1:colcon.colcon_core.environment:create_environment_scripts_only(decision)
[5.480s] INFO:colcon.colcon_core.shell:Creating package script '/root/ros_ws/install/decision/share/decision/package.ps1'
[5.482s] INFO:colcon.colcon_core.shell:Creating package descriptor '/root/ros_ws/install/decision/share/decision/package.dsv'
[5.483s] INFO:colcon.colcon_core.shell:Creating package script '/root/ros_ws/install/decision/share/decision/package.sh'
[5.485s] INFO:colcon.colcon_core.shell:Creating package script '/root/ros_ws/install/decision/share/decision/package.bash'
[5.486s] INFO:colcon.colcon_core.shell:Creating package script '/root/ros_ws/install/decision/share/decision/package.zsh'
[5.487s] Level 1:colcon.colcon_core.environment:create_file_with_runtime_dependencies(/root/ros_ws/install/decision/share/colcon-core/packages/decision)
[5.510s] Level 1:colcon.colcon_core.shell:create_environment_hook('control_py', 'pythonpath_develop')
[5.510s] INFO:colcon.colcon_core.shell:Creating environment hook '/root/ros_ws/build/control_py/share/control_py/hook/pythonpath_develop.ps1'
[5.511s] DEBUG:colcon.colcon_core.event_handler.log_command:Invoked command in '/root/ros_ws/build/control_py' returned '0': PYTHONPATH=/root/ros_ws/build/control_py/prefix_override:/usr/lib/python3/dist-packages/colcon_core/task/python/colcon_distutils_commands:/root/ros_ws/install/control_py/lib/python3.10/site-packages:${PYTHONPATH} _=/usr/bin/env /usr/bin/python3 -W ignore:setup.py install is deprecated -W ignore:easy_install command is deprecated setup.py develop --editable --build-directory /root/ros_ws/build/control_py/build --no-deps symlink_data
[5.512s] INFO:colcon.colcon_core.shell:Creating environment descriptor '/root/ros_ws/build/control_py/share/control_py/hook/pythonpath_develop.dsv'
[5.514s] INFO:colcon.colcon_core.shell:Creating environment hook '/root/ros_ws/build/control_py/share/control_py/hook/pythonpath_develop.sh'
[5.515s] Level 1:colcon.colcon_core.environment:checking '/root/ros_ws/install/control_py' for CMake module files
[5.516s] Level 1:colcon.colcon_core.environment:checking '/root/ros_ws/install/control_py' for CMake config files
[5.517s] Level 1:colcon.colcon_core.environment:checking '/root/ros_ws/install/control_py/lib'
[5.517s] Level 1:colcon.colcon_core.environment:checking '/root/ros_ws/install/control_py/bin'
[5.517s] Level 1:colcon.colcon_core.environment:checking '/root/ros_ws/install/control_py/lib/pkgconfig/control_py.pc'
[5.518s] Level 1:colcon.colcon_core.environment:checking '/root/ros_ws/install/control_py/lib/python3.10/site-packages'
[5.518s] Level 1:colcon.colcon_core.shell:create_environment_hook('control_py', 'pythonpath')
[5.519s] INFO:colcon.colcon_core.shell:Creating environment hook '/root/ros_ws/install/control_py/share/control_py/hook/pythonpath.ps1'
[5.520s] INFO:colcon.colcon_core.shell:Creating environment descriptor '/root/ros_ws/install/control_py/share/control_py/hook/pythonpath.dsv'
[5.521s] INFO:colcon.colcon_core.shell:Creating environment hook '/root/ros_ws/install/control_py/share/control_py/hook/pythonpath.sh'
[5.522s] Level 1:colcon.colcon_core.environment:checking '/root/ros_ws/install/control_py/bin'
[5.522s] Level 1:colcon.colcon_core.environment:create_environment_scripts_only(control_py)
[5.523s] INFO:colcon.colcon_core.shell:Creating package script '/root/ros_ws/install/control_py/share/control_py/package.ps1'
[5.524s] INFO:colcon.colcon_core.shell:Creating package descriptor '/root/ros_ws/install/control_py/share/control_py/package.dsv'
[5.526s] INFO:colcon.colcon_core.shell:Creating package script '/root/ros_ws/install/control_py/share/control_py/package.sh'
[5.527s] INFO:colcon.colcon_core.shell:Creating package script '/root/ros_ws/install/control_py/share/control_py/package.bash'
[5.528s] INFO:colcon.colcon_core.shell:Creating package script '/root/ros_ws/install/control_py/share/control_py/package.zsh'
[5.529s] Level 1:colcon.colcon_core.environment:create_file_with_runtime_dependencies(/root/ros_ws/install/control_py/share/colcon-core/packages/control_py)
[5.529s] DEBUG:colcon.colcon_parallel_executor.executor.parallel:closing loop
[5.530s] DEBUG:colcon.colcon_parallel_executor.executor.parallel:loop closed
[5.531s] DEBUG:colcon.colcon_parallel_executor.executor.parallel:run_until_complete finished with '0'
[5.531s] DEBUG:colcon.colcon_core.event_reactor:joining thread
[5.544s] INFO:colcon.colcon_core.plugin_system:Skipping extension 'colcon_notification.desktop_notification.terminal_notifier': Not used on non-Darwin systems
[5.544s] INFO:colcon.colcon_core.plugin_system:Skipping extension 'colcon_notification.desktop_notification.win32': Not used on non-Windows systems
[5.544s] INFO:colcon.colcon_notification.desktop_notification:Sending desktop notification using 'notify2'
[5.554s] DEBUG:colcon.colcon_core.event_reactor:joined thread
[5.555s] INFO:colcon.colcon_core.shell:Creating prefix script '/root/ros_ws/install/local_setup.ps1'
[5.558s] INFO:colcon.colcon_core.shell:Creating prefix util module '/root/ros_ws/install/_local_setup_util_ps1.py'
[5.561s] INFO:colcon.colcon_core.shell:Creating prefix chain script '/root/ros_ws/install/setup.ps1'
[5.564s] INFO:colcon.colcon_core.shell:Creating prefix script '/root/ros_ws/install/local_setup.sh'
[5.566s] INFO:colcon.colcon_core.shell:Creating prefix util module '/root/ros_ws/install/_local_setup_util_sh.py'
[5.567s] INFO:colcon.colcon_core.shell:Creating prefix chain script '/root/ros_ws/install/setup.sh'
[5.571s] INFO:colcon.colcon_core.shell:Creating prefix script '/root/ros_ws/install/local_setup.bash'
[5.572s] INFO:colcon.colcon_core.shell:Creating prefix chain script '/root/ros_ws/install/setup.bash'
[5.575s] INFO:colcon.colcon_core.shell:Creating prefix script '/root/ros_ws/install/local_setup.zsh'
[5.577s] INFO:colcon.colcon_core.shell:Creating prefix chain script '/root/ros_ws/install/setup.zsh'
