running develop
running egg_info
creating control_py.egg-info
writing control_py.egg-info/PKG-INFO
writing dependency_links to control_py.egg-info/dependency_links.txt
writing entry points to control_py.egg-info/entry_points.txt
writing requirements to control_py.egg-info/requires.txt
writing top-level names to control_py.egg-info/top_level.txt
writing manifest file 'control_py.egg-info/SOURCES.txt'
reading manifest file 'control_py.egg-info/SOURCES.txt'
writing manifest file 'control_py.egg-info/SOURCES.txt'
running build_ext
Creating /root/ros_ws/install/control_py/lib/python3.10/site-packages/control-py.egg-link (link to .)
Installing combat script to /root/ros_ws/install/control_py/lib/control_py

Installed /root/ros_ws/build/control_py
running symlink_data
creating /root/ros_ws/install/control_py/share/ament_index
creating /root/ros_ws/install/control_py/share/ament_index/resource_index
creating /root/ros_ws/install/control_py/share/ament_index/resource_index/packages
symbolically linking /root/ros_ws/build/control_py/resource/control_py -> /root/ros_ws/install/control_py/share/ament_index/resource_index/packages
symbolically linking /root/ros_ws/build/control_py/package.xml -> /root/ros_ws/install/control_py/share/control_py
