[0.274s] DEBUG:colcon:Command line arguments: ['/usr/bin/colcon', 'build', '--symlink-install']
[0.274s] DEBUG:colcon:Parsed command line arguments: Namespace(log_base=None, log_level=None, verb_name='build', build_base='build', install_base='install', merge_install=False, symlink_install=True, test_result_base=None, continue_on_error=False, executor='parallel', parallel_workers=3, event_handlers=None, ignore_user_meta=False, metas=['./colcon.meta'], base_paths=['.'], packages_ignore=None, packages_ignore_regex=None, paths=None, packages_up_to=None, packages_up_to_regex=None, packages_above=None, packages_above_and_dependencies=None, packages_above_depth=None, packages_select_by_dep=None, packages_skip_by_dep=None, packages_skip_up_to=None, packages_select_build_failed=False, packages_skip_build_finished=False, packages_select_test_failures=False, packages_skip_test_passed=False, packages_select=None, packages_skip=None, packages_select_regex=None, packages_skip_regex=None, packages_start=None, packages_end=None, allow_overriding=[], cmake_args=None, cmake_target=None, cmake_target_skip_unavailable=False, cmake_clean_cache=False, cmake_clean_first=False, cmake_force_configure=False, ament_cmake_args=None, catkin_cmake_args=None, catkin_skip_building_tests=False, verb_parser=<colcon_defaults.argument_parser.defaults.DefaultArgumentsDecorator object at 0xe7fff6b3a5f0>, verb_extension=<colcon_core.verb.build.BuildVerb object at 0xe7fff6cc7a30>, main=<bound method BuildVerb.main of <colcon_core.verb.build.BuildVerb object at 0xe7fff6cc7a30>>)
[0.681s] Level 1:colcon.colcon_core.package_discovery:discover_packages(colcon_meta) check parameters
[0.681s] Level 1:colcon.colcon_core.package_discovery:discover_packages(recursive) check parameters
[0.681s] Level 1:colcon.colcon_core.package_discovery:discover_packages(ignore) check parameters
[0.681s] Level 1:colcon.colcon_core.package_discovery:discover_packages(path) check parameters
[0.681s] Level 1:colcon.colcon_core.package_discovery:discover_packages(colcon_meta) discover
[0.682s] Level 1:colcon.colcon_core.package_discovery:discover_packages(recursive) discover
[0.682s] INFO:colcon.colcon_core.package_discovery:Crawling recursively for packages in '/root/ros_ws'
[0.682s] Level 1:colcon.colcon_core.package_identification:_identify(.) by extensions ['ignore', 'ignore_ament_install']
[0.682s] Level 1:colcon.colcon_core.package_identification:_identify(.) by extension 'ignore'
[0.682s] Level 1:colcon.colcon_core.package_identification:_identify(.) by extension 'ignore_ament_install'
[0.683s] Level 1:colcon.colcon_core.package_identification:_identify(.) by extensions ['colcon_pkg']
[0.683s] Level 1:colcon.colcon_core.package_identification:_identify(.) by extension 'colcon_pkg'
[0.683s] Level 1:colcon.colcon_core.package_identification:_identify(.) by extensions ['colcon_meta']
[0.683s] Level 1:colcon.colcon_core.package_identification:_identify(.) by extension 'colcon_meta'
[0.683s] Level 1:colcon.colcon_core.package_identification:_identify(.) by extensions ['ros']
[0.683s] Level 1:colcon.colcon_core.package_identification:_identify(.) by extension 'ros'
[0.748s] Level 1:colcon.colcon_core.package_identification:_identify(.) by extensions ['cmake', 'python']
[0.749s] Level 1:colcon.colcon_core.package_identification:_identify(.) by extension 'cmake'
[0.749s] Level 1:colcon.colcon_core.package_identification:_identify(.) by extension 'python'
[0.749s] Level 1:colcon.colcon_core.package_identification:_identify(.) by extensions ['python_setup_py']
[0.749s] Level 1:colcon.colcon_core.package_identification:_identify(.) by extension 'python_setup_py'
[0.749s] Level 1:colcon.colcon_core.package_identification:_identify(build) by extensions ['ignore', 'ignore_ament_install']
[0.750s] Level 1:colcon.colcon_core.package_identification:_identify(build) by extension 'ignore'
[0.750s] Level 1:colcon.colcon_core.package_identification:_identify(build) ignored
[0.750s] Level 1:colcon.colcon_core.package_identification:_identify(install) by extensions ['ignore', 'ignore_ament_install']
[0.750s] Level 1:colcon.colcon_core.package_identification:_identify(install) by extension 'ignore'
[0.751s] Level 1:colcon.colcon_core.package_identification:_identify(install) ignored
[0.751s] Level 1:colcon.colcon_core.package_identification:_identify(log) by extensions ['ignore', 'ignore_ament_install']
[0.751s] Level 1:colcon.colcon_core.package_identification:_identify(log) by extension 'ignore'
[0.751s] Level 1:colcon.colcon_core.package_identification:_identify(log) ignored
[0.751s] Level 1:colcon.colcon_core.package_identification:_identify(src) by extensions ['ignore', 'ignore_ament_install']
[0.752s] Level 1:colcon.colcon_core.package_identification:_identify(src) by extension 'ignore'
[0.752s] Level 1:colcon.colcon_core.package_identification:_identify(src) by extension 'ignore_ament_install'
[0.752s] Level 1:colcon.colcon_core.package_identification:_identify(src) by extensions ['colcon_pkg']
[0.752s] Level 1:colcon.colcon_core.package_identification:_identify(src) by extension 'colcon_pkg'
[0.752s] Level 1:colcon.colcon_core.package_identification:_identify(src) by extensions ['colcon_meta']
[0.752s] Level 1:colcon.colcon_core.package_identification:_identify(src) by extension 'colcon_meta'
[0.752s] Level 1:colcon.colcon_core.package_identification:_identify(src) by extensions ['ros']
[0.752s] Level 1:colcon.colcon_core.package_identification:_identify(src) by extension 'ros'
[0.753s] Level 1:colcon.colcon_core.package_identification:_identify(src) by extensions ['cmake', 'python']
[0.753s] Level 1:colcon.colcon_core.package_identification:_identify(src) by extension 'cmake'
[0.753s] Level 1:colcon.colcon_core.package_identification:_identify(src) by extension 'python'
[0.753s] Level 1:colcon.colcon_core.package_identification:_identify(src) by extensions ['python_setup_py']
[0.753s] Level 1:colcon.colcon_core.package_identification:_identify(src) by extension 'python_setup_py'
[0.753s] Level 1:colcon.colcon_core.package_identification:_identify(src/control_py) by extensions ['ignore', 'ignore_ament_install']
[0.754s] Level 1:colcon.colcon_core.package_identification:_identify(src/control_py) by extension 'ignore'
[0.754s] Level 1:colcon.colcon_core.package_identification:_identify(src/control_py) by extension 'ignore_ament_install'
[0.754s] Level 1:colcon.colcon_core.package_identification:_identify(src/control_py) by extensions ['colcon_pkg']
[0.754s] Level 1:colcon.colcon_core.package_identification:_identify(src/control_py) by extension 'colcon_pkg'
[0.754s] Level 1:colcon.colcon_core.package_identification:_identify(src/control_py) by extensions ['colcon_meta']
[0.754s] Level 1:colcon.colcon_core.package_identification:_identify(src/control_py) by extension 'colcon_meta'
[0.754s] Level 1:colcon.colcon_core.package_identification:_identify(src/control_py) by extensions ['ros']
[0.754s] Level 1:colcon.colcon_core.package_identification:_identify(src/control_py) by extension 'ros'
[0.764s] DEBUG:colcon.colcon_core.package_identification:Package 'src/control_py' with type 'ros.ament_python' and name 'control_py'
[0.765s] Level 1:colcon.colcon_core.package_identification:_identify(src/decision) by extensions ['ignore', 'ignore_ament_install']
[0.765s] Level 1:colcon.colcon_core.package_identification:_identify(src/decision) by extension 'ignore'
[0.765s] Level 1:colcon.colcon_core.package_identification:_identify(src/decision) by extension 'ignore_ament_install'
[0.765s] Level 1:colcon.colcon_core.package_identification:_identify(src/decision) by extensions ['colcon_pkg']
[0.766s] Level 1:colcon.colcon_core.package_identification:_identify(src/decision) by extension 'colcon_pkg'
[0.766s] Level 1:colcon.colcon_core.package_identification:_identify(src/decision) by extensions ['colcon_meta']
[0.766s] Level 1:colcon.colcon_core.package_identification:_identify(src/decision) by extension 'colcon_meta'
[0.766s] Level 1:colcon.colcon_core.package_identification:_identify(src/decision) by extensions ['ros']
[0.766s] Level 1:colcon.colcon_core.package_identification:_identify(src/decision) by extension 'ros'
[0.769s] DEBUG:colcon.colcon_core.package_identification:Package 'src/decision' with type 'ros.ament_python' and name 'decision'
[0.769s] Level 1:colcon.colcon_core.package_identification:_identify(src/hardware_interface_py) by extensions ['ignore', 'ignore_ament_install']
[0.769s] Level 1:colcon.colcon_core.package_identification:_identify(src/hardware_interface_py) by extension 'ignore'
[0.769s] Level 1:colcon.colcon_core.package_identification:_identify(src/hardware_interface_py) by extension 'ignore_ament_install'
[0.769s] Level 1:colcon.colcon_core.package_identification:_identify(src/hardware_interface_py) by extensions ['colcon_pkg']
[0.770s] Level 1:colcon.colcon_core.package_identification:_identify(src/hardware_interface_py) by extension 'colcon_pkg'
[0.770s] Level 1:colcon.colcon_core.package_identification:_identify(src/hardware_interface_py) by extensions ['colcon_meta']
[0.770s] Level 1:colcon.colcon_core.package_identification:_identify(src/hardware_interface_py) by extension 'colcon_meta'
[0.770s] Level 1:colcon.colcon_core.package_identification:_identify(src/hardware_interface_py) by extensions ['ros']
[0.770s] Level 1:colcon.colcon_core.package_identification:_identify(src/hardware_interface_py) by extension 'ros'
[0.773s] DEBUG:colcon.colcon_core.package_identification:Package 'src/hardware_interface_py' with type 'ros.ament_python' and name 'hardware_interface_py'
[0.773s] Level 1:colcon.colcon_core.package_discovery:discover_packages(recursive) using defaults
[0.773s] Level 1:colcon.colcon_core.package_discovery:discover_packages(ignore) discover
[0.773s] Level 1:colcon.colcon_core.package_discovery:discover_packages(ignore) using defaults
[0.774s] Level 1:colcon.colcon_core.package_discovery:discover_packages(path) discover
[0.774s] Level 1:colcon.colcon_core.package_discovery:discover_packages(path) using defaults
[0.868s] Level 1:colcon.colcon_core.package_discovery:discover_packages(prefix_path) check parameters
[0.868s] Level 1:colcon.colcon_core.package_discovery:discover_packages(prefix_path) discover
[0.873s] DEBUG:colcon.colcon_installed_package_information.package_discovery:Found 7 installed packages in /root/ros_ws/install
[0.875s] DEBUG:colcon.colcon_installed_package_information.package_discovery:Found 272 installed packages in /opt/ros/humble
[0.879s] Level 1:colcon.colcon_core.package_discovery:discover_packages(prefix_path) using defaults
[0.978s] Level 5:colcon.colcon_core.verb:set package 'control_py' build argument 'cmake_args' from command line to 'None'
[0.979s] Level 5:colcon.colcon_core.verb:set package 'control_py' build argument 'cmake_target' from command line to 'None'
[0.979s] Level 5:colcon.colcon_core.verb:set package 'control_py' build argument 'cmake_target_skip_unavailable' from command line to 'False'
[0.979s] Level 5:colcon.colcon_core.verb:set package 'control_py' build argument 'cmake_clean_cache' from command line to 'False'
[0.979s] Level 5:colcon.colcon_core.verb:set package 'control_py' build argument 'cmake_clean_first' from command line to 'False'
[0.979s] Level 5:colcon.colcon_core.verb:set package 'control_py' build argument 'cmake_force_configure' from command line to 'False'
[0.979s] Level 5:colcon.colcon_core.verb:set package 'control_py' build argument 'ament_cmake_args' from command line to 'None'
[0.979s] Level 5:colcon.colcon_core.verb:set package 'control_py' build argument 'catkin_cmake_args' from command line to 'None'
[0.979s] Level 5:colcon.colcon_core.verb:set package 'control_py' build argument 'catkin_skip_building_tests' from command line to 'False'
[0.979s] DEBUG:colcon.colcon_core.verb:Building package 'control_py' with the following arguments: {'ament_cmake_args': None, 'build_base': '/root/ros_ws/build/control_py', 'catkin_cmake_args': None, 'catkin_skip_building_tests': False, 'cmake_args': None, 'cmake_clean_cache': False, 'cmake_clean_first': False, 'cmake_force_configure': False, 'cmake_target': None, 'cmake_target_skip_unavailable': False, 'install_base': '/root/ros_ws/install/control_py', 'merge_install': False, 'path': '/root/ros_ws/src/control_py', 'symlink_install': True, 'test_result_base': None}
[0.980s] Level 5:colcon.colcon_core.verb:set package 'decision' build argument 'cmake_args' from command line to 'None'
[0.980s] Level 5:colcon.colcon_core.verb:set package 'decision' build argument 'cmake_target' from command line to 'None'
[0.981s] Level 5:colcon.colcon_core.verb:set package 'decision' build argument 'cmake_target_skip_unavailable' from command line to 'False'
[0.981s] Level 5:colcon.colcon_core.verb:set package 'decision' build argument 'cmake_clean_cache' from command line to 'False'
[0.981s] Level 5:colcon.colcon_core.verb:set package 'decision' build argument 'cmake_clean_first' from command line to 'False'
[0.981s] Level 5:colcon.colcon_core.verb:set package 'decision' build argument 'cmake_force_configure' from command line to 'False'
[0.981s] Level 5:colcon.colcon_core.verb:set package 'decision' build argument 'ament_cmake_args' from command line to 'None'
[0.981s] Level 5:colcon.colcon_core.verb:set package 'decision' build argument 'catkin_cmake_args' from command line to 'None'
[0.981s] Level 5:colcon.colcon_core.verb:set package 'decision' build argument 'catkin_skip_building_tests' from command line to 'False'
[0.981s] DEBUG:colcon.colcon_core.verb:Building package 'decision' with the following arguments: {'ament_cmake_args': None, 'build_base': '/root/ros_ws/build/decision', 'catkin_cmake_args': None, 'catkin_skip_building_tests': False, 'cmake_args': None, 'cmake_clean_cache': False, 'cmake_clean_first': False, 'cmake_force_configure': False, 'cmake_target': None, 'cmake_target_skip_unavailable': False, 'install_base': '/root/ros_ws/install/decision', 'merge_install': False, 'path': '/root/ros_ws/src/decision', 'symlink_install': True, 'test_result_base': None}
[0.982s] Level 5:colcon.colcon_core.verb:set package 'hardware_interface_py' build argument 'cmake_args' from command line to 'None'
[0.982s] Level 5:colcon.colcon_core.verb:set package 'hardware_interface_py' build argument 'cmake_target' from command line to 'None'
[0.982s] Level 5:colcon.colcon_core.verb:set package 'hardware_interface_py' build argument 'cmake_target_skip_unavailable' from command line to 'False'
[0.982s] Level 5:colcon.colcon_core.verb:set package 'hardware_interface_py' build argument 'cmake_clean_cache' from command line to 'False'
[0.982s] Level 5:colcon.colcon_core.verb:set package 'hardware_interface_py' build argument 'cmake_clean_first' from command line to 'False'
[0.982s] Level 5:colcon.colcon_core.verb:set package 'hardware_interface_py' build argument 'cmake_force_configure' from command line to 'False'
[0.982s] Level 5:colcon.colcon_core.verb:set package 'hardware_interface_py' build argument 'ament_cmake_args' from command line to 'None'
[0.982s] Level 5:colcon.colcon_core.verb:set package 'hardware_interface_py' build argument 'catkin_cmake_args' from command line to 'None'
[0.983s] Level 5:colcon.colcon_core.verb:set package 'hardware_interface_py' build argument 'catkin_skip_building_tests' from command line to 'False'
[0.983s] DEBUG:colcon.colcon_core.verb:Building package 'hardware_interface_py' with the following arguments: {'ament_cmake_args': None, 'build_base': '/root/ros_ws/build/hardware_interface_py', 'catkin_cmake_args': None, 'catkin_skip_building_tests': False, 'cmake_args': None, 'cmake_clean_cache': False, 'cmake_clean_first': False, 'cmake_force_configure': False, 'cmake_target': None, 'cmake_target_skip_unavailable': False, 'install_base': '/root/ros_ws/install/hardware_interface_py', 'merge_install': False, 'path': '/root/ros_ws/src/hardware_interface_py', 'symlink_install': True, 'test_result_base': None}
[0.983s] INFO:colcon.colcon_core.executor:Executing jobs using 'parallel' executor
[0.985s] DEBUG:colcon.colcon_parallel_executor.executor.parallel:run_until_complete
[0.986s] INFO:colcon.colcon_ros.task.ament_python.build:Building ROS package in '/root/ros_ws/src/control_py' with build type 'ament_python'
[0.986s] Level 1:colcon.colcon_core.shell:create_environment_hook('control_py', 'ament_prefix_path')
[0.991s] INFO:colcon.colcon_core.plugin_system:Skipping extension 'colcon_core.shell.bat': Not used on non-Windows systems
[0.992s] INFO:colcon.colcon_core.shell:Creating environment hook '/root/ros_ws/install/control_py/share/control_py/hook/ament_prefix_path.ps1'
[0.994s] INFO:colcon.colcon_core.shell:Creating environment descriptor '/root/ros_ws/install/control_py/share/control_py/hook/ament_prefix_path.dsv'
[0.995s] INFO:colcon.colcon_core.shell:Creating environment hook '/root/ros_ws/install/control_py/share/control_py/hook/ament_prefix_path.sh'
[0.998s] INFO:colcon.colcon_core.shell:Skip shell extension 'powershell' for command environment: Not usable outside of PowerShell
[0.998s] DEBUG:colcon.colcon_core.shell:Skip shell extension 'dsv' for command environment
[1.005s] INFO:colcon.colcon_ros.task.ament_python.build:Building ROS package in '/root/ros_ws/src/decision' with build type 'ament_python'
[1.006s] Level 1:colcon.colcon_core.shell:create_environment_hook('decision', 'ament_prefix_path')
[1.007s] INFO:colcon.colcon_core.shell:Creating environment hook '/root/ros_ws/install/decision/share/decision/hook/ament_prefix_path.ps1'
[1.008s] INFO:colcon.colcon_core.shell:Creating environment descriptor '/root/ros_ws/install/decision/share/decision/hook/ament_prefix_path.dsv'
[1.009s] INFO:colcon.colcon_core.shell:Creating environment hook '/root/ros_ws/install/decision/share/decision/hook/ament_prefix_path.sh'
[1.011s] INFO:colcon.colcon_core.shell:Skip shell extension 'powershell' for command environment: Not usable outside of PowerShell
[1.011s] DEBUG:colcon.colcon_core.shell:Skip shell extension 'dsv' for command environment
[1.018s] INFO:colcon.colcon_ros.task.ament_python.build:Building ROS package in '/root/ros_ws/src/hardware_interface_py' with build type 'ament_python'
[1.019s] Level 1:colcon.colcon_core.shell:create_environment_hook('hardware_interface_py', 'ament_prefix_path')
[1.019s] INFO:colcon.colcon_core.shell:Creating environment hook '/root/ros_ws/install/hardware_interface_py/share/hardware_interface_py/hook/ament_prefix_path.ps1'
[1.021s] INFO:colcon.colcon_core.shell:Creating environment descriptor '/root/ros_ws/install/hardware_interface_py/share/hardware_interface_py/hook/ament_prefix_path.dsv'
[1.022s] INFO:colcon.colcon_core.shell:Creating environment hook '/root/ros_ws/install/hardware_interface_py/share/hardware_interface_py/hook/ament_prefix_path.sh'
[1.023s] INFO:colcon.colcon_core.shell:Skip shell extension 'powershell' for command environment: Not usable outside of PowerShell
[1.024s] DEBUG:colcon.colcon_core.shell:Skip shell extension 'dsv' for command environment
[1.705s] INFO:colcon.colcon_core.task.python.build:Building Python package in '/root/ros_ws/src/control_py'
[1.706s] INFO:colcon.colcon_core.shell:Skip shell extension 'powershell' for command environment: Not usable outside of PowerShell
[1.706s] DEBUG:colcon.colcon_core.shell:Skip shell extension 'dsv' for command environment
[2.393s] INFO:colcon.colcon_core.task.python.build:Building Python package in '/root/ros_ws/src/decision'
[2.394s] INFO:colcon.colcon_core.shell:Skip shell extension 'powershell' for command environment: Not usable outside of PowerShell
[2.394s] DEBUG:colcon.colcon_core.shell:Skip shell extension 'dsv' for command environment
[3.081s] INFO:colcon.colcon_core.task.python.build:Building Python package in '/root/ros_ws/src/hardware_interface_py'
[3.081s] INFO:colcon.colcon_core.shell:Skip shell extension 'powershell' for command environment: Not usable outside of PowerShell
[3.082s] DEBUG:colcon.colcon_core.shell:Skip shell extension 'dsv' for command environment
[4.050s] DEBUG:colcon.colcon_core.event_handler.log_command:Invoking command in '/root/ros_ws/build/control_py': PYTHONPATH=/root/ros_ws/build/control_py/prefix_override:/usr/lib/python3/dist-packages/colcon_core/task/python/colcon_distutils_commands:/root/ros_ws/install/control_py/lib/python3.10/site-packages:${PYTHONPATH} _=/usr/bin/env /usr/bin/python3 -W ignore:setup.py install is deprecated -W ignore:easy_install command is deprecated setup.py develop --editable --build-directory /root/ros_ws/build/control_py/build --no-deps symlink_data
[4.111s] DEBUG:colcon.colcon_core.event_handler.log_command:Invoking command in '/root/ros_ws/build/decision': PYTHONPATH=/root/ros_ws/build/decision/prefix_override:/usr/lib/python3/dist-packages/colcon_core/task/python/colcon_distutils_commands:/root/ros_ws/install/decision/lib/python3.10/site-packages:${PYTHONPATH} _=/usr/bin/env /usr/bin/python3 -W ignore:setup.py install is deprecated -W ignore:easy_install command is deprecated setup.py develop --editable --build-directory /root/ros_ws/build/decision/build --no-deps symlink_data
[4.153s] DEBUG:colcon.colcon_core.event_handler.log_command:Invoking command in '/root/ros_ws/build/hardware_interface_py': PYTHONPATH=/root/ros_ws/build/hardware_interface_py/prefix_override:/usr/lib/python3/dist-packages/colcon_core/task/python/colcon_distutils_commands:/root/ros_ws/install/hardware_interface_py/lib/python3.10/site-packages:${PYTHONPATH} _=/usr/bin/env /usr/bin/python3 -W ignore:setup.py install is deprecated -W ignore:easy_install command is deprecated setup.py develop --editable --build-directory /root/ros_ws/build/hardware_interface_py/build --no-deps symlink_data
[5.453s] Level 1:colcon.colcon_core.shell:create_environment_hook('control_py', 'pythonpath_develop')
[5.454s] INFO:colcon.colcon_core.shell:Creating environment hook '/root/ros_ws/build/control_py/share/control_py/hook/pythonpath_develop.ps1'
[5.456s] DEBUG:colcon.colcon_core.event_handler.log_command:Invoked command in '/root/ros_ws/build/control_py' returned '0': PYTHONPATH=/root/ros_ws/build/control_py/prefix_override:/usr/lib/python3/dist-packages/colcon_core/task/python/colcon_distutils_commands:/root/ros_ws/install/control_py/lib/python3.10/site-packages:${PYTHONPATH} _=/usr/bin/env /usr/bin/python3 -W ignore:setup.py install is deprecated -W ignore:easy_install command is deprecated setup.py develop --editable --build-directory /root/ros_ws/build/control_py/build --no-deps symlink_data
[5.457s] INFO:colcon.colcon_core.shell:Creating environment descriptor '/root/ros_ws/build/control_py/share/control_py/hook/pythonpath_develop.dsv'
[5.460s] INFO:colcon.colcon_core.shell:Creating environment hook '/root/ros_ws/build/control_py/share/control_py/hook/pythonpath_develop.sh'
[5.468s] Level 1:colcon.colcon_core.environment:checking '/root/ros_ws/install/control_py' for CMake module files
[5.469s] Level 1:colcon.colcon_core.environment:checking '/root/ros_ws/install/control_py' for CMake config files
[5.471s] Level 1:colcon.colcon_core.environment:checking '/root/ros_ws/install/control_py/lib'
[5.472s] Level 1:colcon.colcon_core.environment:checking '/root/ros_ws/install/control_py/bin'
[5.472s] Level 1:colcon.colcon_core.environment:checking '/root/ros_ws/install/control_py/lib/pkgconfig/control_py.pc'
[5.473s] Level 1:colcon.colcon_core.environment:checking '/root/ros_ws/install/control_py/lib/python3.10/site-packages'
[5.473s] Level 1:colcon.colcon_core.shell:create_environment_hook('control_py', 'pythonpath')
[5.474s] INFO:colcon.colcon_core.shell:Creating environment hook '/root/ros_ws/install/control_py/share/control_py/hook/pythonpath.ps1'
[5.476s] INFO:colcon.colcon_core.shell:Creating environment descriptor '/root/ros_ws/install/control_py/share/control_py/hook/pythonpath.dsv'
[5.477s] INFO:colcon.colcon_core.shell:Creating environment hook '/root/ros_ws/install/control_py/share/control_py/hook/pythonpath.sh'
[5.478s] Level 1:colcon.colcon_core.environment:checking '/root/ros_ws/install/control_py/bin'
[5.478s] Level 1:colcon.colcon_core.environment:create_environment_scripts_only(control_py)
[5.479s] INFO:colcon.colcon_core.shell:Creating package script '/root/ros_ws/install/control_py/share/control_py/package.ps1'
[5.482s] INFO:colcon.colcon_core.shell:Creating package descriptor '/root/ros_ws/install/control_py/share/control_py/package.dsv'
[5.484s] INFO:colcon.colcon_core.shell:Creating package script '/root/ros_ws/install/control_py/share/control_py/package.sh'
[5.487s] INFO:colcon.colcon_core.shell:Creating package script '/root/ros_ws/install/control_py/share/control_py/package.bash'
[5.489s] INFO:colcon.colcon_core.shell:Creating package script '/root/ros_ws/install/control_py/share/control_py/package.zsh'
[5.490s] Level 1:colcon.colcon_core.environment:create_file_with_runtime_dependencies(/root/ros_ws/install/control_py/share/colcon-core/packages/control_py)
[5.493s] Level 1:colcon.colcon_core.shell:create_environment_hook('decision', 'pythonpath_develop')
[5.494s] INFO:colcon.colcon_core.shell:Creating environment hook '/root/ros_ws/build/decision/share/decision/hook/pythonpath_develop.ps1'
[5.496s] INFO:colcon.colcon_core.shell:Creating environment descriptor '/root/ros_ws/build/decision/share/decision/hook/pythonpath_develop.dsv'
[5.497s] DEBUG:colcon.colcon_core.event_handler.log_command:Invoked command in '/root/ros_ws/build/decision' returned '0': PYTHONPATH=/root/ros_ws/build/decision/prefix_override:/usr/lib/python3/dist-packages/colcon_core/task/python/colcon_distutils_commands:/root/ros_ws/install/decision/lib/python3.10/site-packages:${PYTHONPATH} _=/usr/bin/env /usr/bin/python3 -W ignore:setup.py install is deprecated -W ignore:easy_install command is deprecated setup.py develop --editable --build-directory /root/ros_ws/build/decision/build --no-deps symlink_data
[5.498s] INFO:colcon.colcon_core.shell:Creating environment hook '/root/ros_ws/build/decision/share/decision/hook/pythonpath_develop.sh'
[5.500s] Level 1:colcon.colcon_core.environment:checking '/root/ros_ws/install/decision' for CMake module files
[5.501s] Level 1:colcon.colcon_core.environment:checking '/root/ros_ws/install/decision' for CMake config files
[5.503s] Level 1:colcon.colcon_core.environment:checking '/root/ros_ws/install/decision/lib'
[5.503s] Level 1:colcon.colcon_core.environment:checking '/root/ros_ws/install/decision/bin'
[5.503s] Level 1:colcon.colcon_core.environment:checking '/root/ros_ws/install/decision/lib/pkgconfig/decision.pc'
[5.504s] Level 1:colcon.colcon_core.environment:checking '/root/ros_ws/install/decision/lib/python3.10/site-packages'
[5.504s] Level 1:colcon.colcon_core.shell:create_environment_hook('decision', 'pythonpath')
[5.505s] INFO:colcon.colcon_core.shell:Creating environment hook '/root/ros_ws/install/decision/share/decision/hook/pythonpath.ps1'
[5.507s] INFO:colcon.colcon_core.shell:Creating environment descriptor '/root/ros_ws/install/decision/share/decision/hook/pythonpath.dsv'
[5.508s] INFO:colcon.colcon_core.shell:Creating environment hook '/root/ros_ws/install/decision/share/decision/hook/pythonpath.sh'
[5.510s] Level 1:colcon.colcon_core.environment:checking '/root/ros_ws/install/decision/bin'
[5.511s] Level 1:colcon.colcon_core.environment:create_environment_scripts_only(decision)
[5.512s] INFO:colcon.colcon_core.shell:Creating package script '/root/ros_ws/install/decision/share/decision/package.ps1'
[5.514s] INFO:colcon.colcon_core.shell:Creating package descriptor '/root/ros_ws/install/decision/share/decision/package.dsv'
[5.515s] INFO:colcon.colcon_core.shell:Creating package script '/root/ros_ws/install/decision/share/decision/package.sh'
[5.517s] INFO:colcon.colcon_core.shell:Creating package script '/root/ros_ws/install/decision/share/decision/package.bash'
[5.518s] INFO:colcon.colcon_core.shell:Creating package script '/root/ros_ws/install/decision/share/decision/package.zsh'
[5.519s] Level 1:colcon.colcon_core.environment:create_file_with_runtime_dependencies(/root/ros_ws/install/decision/share/colcon-core/packages/decision)
[5.566s] Level 1:colcon.colcon_core.shell:create_environment_hook('hardware_interface_py', 'pythonpath_develop')
[5.568s] INFO:colcon.colcon_core.shell:Creating environment hook '/root/ros_ws/build/hardware_interface_py/share/hardware_interface_py/hook/pythonpath_develop.ps1'
[5.568s] DEBUG:colcon.colcon_core.event_handler.log_command:Invoked command in '/root/ros_ws/build/hardware_interface_py' returned '0': PYTHONPATH=/root/ros_ws/build/hardware_interface_py/prefix_override:/usr/lib/python3/dist-packages/colcon_core/task/python/colcon_distutils_commands:/root/ros_ws/install/hardware_interface_py/lib/python3.10/site-packages:${PYTHONPATH} _=/usr/bin/env /usr/bin/python3 -W ignore:setup.py install is deprecated -W ignore:easy_install command is deprecated setup.py develop --editable --build-directory /root/ros_ws/build/hardware_interface_py/build --no-deps symlink_data
[5.569s] INFO:colcon.colcon_core.shell:Creating environment descriptor '/root/ros_ws/build/hardware_interface_py/share/hardware_interface_py/hook/pythonpath_develop.dsv'
[5.570s] INFO:colcon.colcon_core.shell:Creating environment hook '/root/ros_ws/build/hardware_interface_py/share/hardware_interface_py/hook/pythonpath_develop.sh'
[5.572s] Level 1:colcon.colcon_core.environment:checking '/root/ros_ws/install/hardware_interface_py' for CMake module files
[5.573s] Level 1:colcon.colcon_core.environment:checking '/root/ros_ws/install/hardware_interface_py' for CMake config files
[5.574s] Level 1:colcon.colcon_core.environment:checking '/root/ros_ws/install/hardware_interface_py/lib'
[5.574s] Level 1:colcon.colcon_core.environment:checking '/root/ros_ws/install/hardware_interface_py/bin'
[5.574s] Level 1:colcon.colcon_core.environment:checking '/root/ros_ws/install/hardware_interface_py/lib/pkgconfig/hardware_interface_py.pc'
[5.575s] Level 1:colcon.colcon_core.environment:checking '/root/ros_ws/install/hardware_interface_py/lib/python3.10/site-packages'
[5.575s] Level 1:colcon.colcon_core.shell:create_environment_hook('hardware_interface_py', 'pythonpath')
[5.576s] INFO:colcon.colcon_core.shell:Creating environment hook '/root/ros_ws/install/hardware_interface_py/share/hardware_interface_py/hook/pythonpath.ps1'
[5.577s] INFO:colcon.colcon_core.shell:Creating environment descriptor '/root/ros_ws/install/hardware_interface_py/share/hardware_interface_py/hook/pythonpath.dsv'
[5.577s] INFO:colcon.colcon_core.shell:Creating environment hook '/root/ros_ws/install/hardware_interface_py/share/hardware_interface_py/hook/pythonpath.sh'
[5.579s] Level 1:colcon.colcon_core.environment:checking '/root/ros_ws/install/hardware_interface_py/bin'
[5.579s] Level 1:colcon.colcon_core.environment:create_environment_scripts_only(hardware_interface_py)
[5.580s] INFO:colcon.colcon_core.shell:Creating package script '/root/ros_ws/install/hardware_interface_py/share/hardware_interface_py/package.ps1'
[5.581s] INFO:colcon.colcon_core.shell:Creating package descriptor '/root/ros_ws/install/hardware_interface_py/share/hardware_interface_py/package.dsv'
[5.583s] INFO:colcon.colcon_core.shell:Creating package script '/root/ros_ws/install/hardware_interface_py/share/hardware_interface_py/package.sh'
[5.584s] INFO:colcon.colcon_core.shell:Creating package script '/root/ros_ws/install/hardware_interface_py/share/hardware_interface_py/package.bash'
[5.585s] INFO:colcon.colcon_core.shell:Creating package script '/root/ros_ws/install/hardware_interface_py/share/hardware_interface_py/package.zsh'
[5.586s] Level 1:colcon.colcon_core.environment:create_file_with_runtime_dependencies(/root/ros_ws/install/hardware_interface_py/share/colcon-core/packages/hardware_interface_py)
[5.586s] DEBUG:colcon.colcon_parallel_executor.executor.parallel:closing loop
[5.587s] DEBUG:colcon.colcon_parallel_executor.executor.parallel:loop closed
[5.587s] DEBUG:colcon.colcon_parallel_executor.executor.parallel:run_until_complete finished with '0'
[5.588s] DEBUG:colcon.colcon_core.event_reactor:joining thread
[5.601s] INFO:colcon.colcon_core.plugin_system:Skipping extension 'colcon_notification.desktop_notification.terminal_notifier': Not used on non-Darwin systems
[5.601s] INFO:colcon.colcon_core.plugin_system:Skipping extension 'colcon_notification.desktop_notification.win32': Not used on non-Windows systems
[5.601s] INFO:colcon.colcon_notification.desktop_notification:Sending desktop notification using 'notify2'
[5.610s] DEBUG:colcon.colcon_core.event_reactor:joined thread
[5.611s] INFO:colcon.colcon_core.shell:Creating prefix script '/root/ros_ws/install/local_setup.ps1'
[5.614s] INFO:colcon.colcon_core.shell:Creating prefix util module '/root/ros_ws/install/_local_setup_util_ps1.py'
[5.618s] INFO:colcon.colcon_core.shell:Creating prefix chain script '/root/ros_ws/install/setup.ps1'
[5.621s] INFO:colcon.colcon_core.shell:Creating prefix script '/root/ros_ws/install/local_setup.sh'
[5.622s] INFO:colcon.colcon_core.shell:Creating prefix util module '/root/ros_ws/install/_local_setup_util_sh.py'
[5.624s] INFO:colcon.colcon_core.shell:Creating prefix chain script '/root/ros_ws/install/setup.sh'
[5.627s] INFO:colcon.colcon_core.shell:Creating prefix script '/root/ros_ws/install/local_setup.bash'
[5.629s] INFO:colcon.colcon_core.shell:Creating prefix chain script '/root/ros_ws/install/setup.bash'
[5.631s] INFO:colcon.colcon_core.shell:Creating prefix script '/root/ros_ws/install/local_setup.zsh'
[5.633s] INFO:colcon.colcon_core.shell:Creating prefix chain script '/root/ros_ws/install/setup.zsh'
