running develop
Removing /root/ros_ws/install/control_py/lib/python3.10/site-packages/control-py.egg-link (link to .)
running egg_info
writing ../../build/control_py/control_py.egg-info/PKG-INFO
writing dependency_links to ../../build/control_py/control_py.egg-info/dependency_links.txt
writing entry points to ../../build/control_py/control_py.egg-info/entry_points.txt
writing requirements to ../../build/control_py/control_py.egg-info/requires.txt
writing top-level names to ../../build/control_py/control_py.egg-info/top_level.txt
reading manifest file '../../build/control_py/control_py.egg-info/SOURCES.txt'
writing manifest file '../../build/control_py/control_py.egg-info/SOURCES.txt'
running build
running build_py
creating /root/ros_ws/build/control_py/build
creating /root/ros_ws/build/control_py/build/lib
creating /root/ros_ws/build/control_py/build/lib/control_py
copying control_py/track_line.py -> /root/ros_ws/build/control_py/build/lib/control_py
copying control_py/__init__.py -> /root/ros_ws/build/control_py/build/lib/control_py
copying control_py/combat.py -> /root/ros_ws/build/control_py/build/lib/control_py
running install
running install_lib
creating /root/ros_ws/install/control_py/lib/python3.10/site-packages/control_py
copying /root/ros_ws/build/control_py/build/lib/control_py/track_line.py -> /root/ros_ws/install/control_py/lib/python3.10/site-packages/control_py
copying /root/ros_ws/build/control_py/build/lib/control_py/__init__.py -> /root/ros_ws/install/control_py/lib/python3.10/site-packages/control_py
copying /root/ros_ws/build/control_py/build/lib/control_py/combat.py -> /root/ros_ws/install/control_py/lib/python3.10/site-packages/control_py
byte-compiling /root/ros_ws/install/control_py/lib/python3.10/site-packages/control_py/track_line.py to track_line.cpython-310.pyc
byte-compiling /root/ros_ws/install/control_py/lib/python3.10/site-packages/control_py/__init__.py to __init__.cpython-310.pyc
byte-compiling /root/ros_ws/install/control_py/lib/python3.10/site-packages/control_py/combat.py to combat.cpython-310.pyc
running install_data
copying resource/control_py -> /root/ros_ws/install/control_py/share/ament_index/resource_index/packages
copying package.xml -> /root/ros_ws/install/control_py/share/control_py
copying config/color_lim_lab.yaml -> /root/ros_ws/install/control_py/share/control_py/config
copying launch/track_line_launch.yaml -> /root/ros_ws/install/control_py/share/control_py/launch
running install_egg_info
Copying ../../build/control_py/control_py.egg-info to /root/ros_ws/install/control_py/lib/python3.10/site-packages/control_py-0.0.0-py3.10.egg-info
running install_scripts
Installing combat script to /root/ros_ws/install/control_py/lib/control_py
Installing track_line script to /root/ros_ws/install/control_py/lib/control_py
writing list of installed files to '/root/ros_ws/build/control_py/install.log'
