running egg_info
creating ../../build/decision/decision.egg-info
writing ../../build/decision/decision.egg-info/PKG-INFO
writing dependency_links to ../../build/decision/decision.egg-info/dependency_links.txt
writing entry points to ../../build/decision/decision.egg-info/entry_points.txt
writing requirements to ../../build/decision/decision.egg-info/requires.txt
writing top-level names to ../../build/decision/decision.egg-info/top_level.txt
writing manifest file '../../build/decision/decision.egg-info/SOURCES.txt'
reading manifest file '../../build/decision/decision.egg-info/SOURCES.txt'
writing manifest file '../../build/decision/decision.egg-info/SOURCES.txt'
running build
running build_py
creating /root/ros_ws/build/decision/build
creating /root/ros_ws/build/decision/build/lib
creating /root/ros_ws/build/decision/build/lib/decision
copying decision/arm_grab.py -> /root/ros_ws/build/decision/build/lib/decision
copying decision/track_line.py -> /root/ros_ws/build/decision/build/lib/decision
copying decision/sonar_park.py -> /root/ros_ws/build/decision/build/lib/decision
copying decision/__init__.py -> /root/ros_ws/build/decision/build/lib/decision
copying decision/color_detect.py -> /root/ros_ws/build/decision/build/lib/decision
copying decision/aruco_detect.py -> /root/ros_ws/build/decision/build/lib/decision
copying decision/test_color_detect.py -> /root/ros_ws/build/decision/build/lib/decision
copying decision/test_calib.py -> /root/ros_ws/build/decision/build/lib/decision
running install
running install_lib
creating /root/ros_ws/install/decision/lib/python3.10/site-packages/decision
copying /root/ros_ws/build/decision/build/lib/decision/arm_grab.py -> /root/ros_ws/install/decision/lib/python3.10/site-packages/decision
copying /root/ros_ws/build/decision/build/lib/decision/track_line.py -> /root/ros_ws/install/decision/lib/python3.10/site-packages/decision
copying /root/ros_ws/build/decision/build/lib/decision/sonar_park.py -> /root/ros_ws/install/decision/lib/python3.10/site-packages/decision
copying /root/ros_ws/build/decision/build/lib/decision/__init__.py -> /root/ros_ws/install/decision/lib/python3.10/site-packages/decision
copying /root/ros_ws/build/decision/build/lib/decision/color_detect.py -> /root/ros_ws/install/decision/lib/python3.10/site-packages/decision
copying /root/ros_ws/build/decision/build/lib/decision/aruco_detect.py -> /root/ros_ws/install/decision/lib/python3.10/site-packages/decision
copying /root/ros_ws/build/decision/build/lib/decision/test_color_detect.py -> /root/ros_ws/install/decision/lib/python3.10/site-packages/decision
copying /root/ros_ws/build/decision/build/lib/decision/test_calib.py -> /root/ros_ws/install/decision/lib/python3.10/site-packages/decision
byte-compiling /root/ros_ws/install/decision/lib/python3.10/site-packages/decision/arm_grab.py to arm_grab.cpython-310.pyc
byte-compiling /root/ros_ws/install/decision/lib/python3.10/site-packages/decision/track_line.py to track_line.cpython-310.pyc
byte-compiling /root/ros_ws/install/decision/lib/python3.10/site-packages/decision/sonar_park.py to sonar_park.cpython-310.pyc
byte-compiling /root/ros_ws/install/decision/lib/python3.10/site-packages/decision/__init__.py to __init__.cpython-310.pyc
byte-compiling /root/ros_ws/install/decision/lib/python3.10/site-packages/decision/color_detect.py to color_detect.cpython-310.pyc
byte-compiling /root/ros_ws/install/decision/lib/python3.10/site-packages/decision/aruco_detect.py to aruco_detect.cpython-310.pyc
byte-compiling /root/ros_ws/install/decision/lib/python3.10/site-packages/decision/test_color_detect.py to test_color_detect.cpython-310.pyc
byte-compiling /root/ros_ws/install/decision/lib/python3.10/site-packages/decision/test_calib.py to test_calib.cpython-310.pyc
running install_data
creating /root/ros_ws/install/decision/share/ament_index
creating /root/ros_ws/install/decision/share/ament_index/resource_index
creating /root/ros_ws/install/decision/share/ament_index/resource_index/packages
copying resource/decision -> /root/ros_ws/install/decision/share/ament_index/resource_index/packages
copying package.xml -> /root/ros_ws/install/decision/share/decision
creating /root/ros_ws/install/decision/share/decision/data
copying data/color_config.yaml -> /root/ros_ws/install/decision/share/decision/data
running install_egg_info
Copying ../../build/decision/decision.egg-info to /root/ros_ws/install/decision/lib/python3.10/site-packages/decision-0.0.0-py3.10.egg-info
running install_scripts
Installing arm_grab script to /root/ros_ws/install/decision/lib/decision
Installing aruco_detect script to /root/ros_ws/install/decision/lib/decision
Installing color_detect script to /root/ros_ws/install/decision/lib/decision
Installing sonar_park script to /root/ros_ws/install/decision/lib/decision
Installing track_line script to /root/ros_ws/install/decision/lib/decision
writing list of installed files to '/root/ros_ws/build/decision/install.log'
