running egg_info
creating ../../build/decision/decision.egg-info
writing ../../build/decision/decision.egg-info/PKG-INFO
writing dependency_links to ../../build/decision/decision.egg-info/dependency_links.txt
writing entry points to ../../build/decision/decision.egg-info/entry_points.txt
writing requirements to ../../build/decision/decision.egg-info/requires.txt
writing top-level names to ../../build/decision/decision.egg-info/top_level.txt
writing manifest file '../../build/decision/decision.egg-info/SOURCES.txt'
reading manifest file '../../build/decision/decision.egg-info/SOURCES.txt'
writing manifest file '../../build/decision/decision.egg-info/SOURCES.txt'
running build
running build_py
creating /root/ros_ws/build/decision/build
creating /root/ros_ws/build/decision/build/lib
creating /root/ros_ws/build/decision/build/lib/decision
copying decision/__init__.py -> /root/ros_ws/build/decision/build/lib/decision
running install
running install_lib
creating /root/ros_ws/install/decision/lib/python3.10/site-packages/decision
copying /root/ros_ws/build/decision/build/lib/decision/__init__.py -> /root/ros_ws/install/decision/lib/python3.10/site-packages/decision
byte-compiling /root/ros_ws/install/decision/lib/python3.10/site-packages/decision/__init__.py to __init__.cpython-310.pyc
running install_data
creating /root/ros_ws/install/decision/share/ament_index
creating /root/ros_ws/install/decision/share/ament_index/resource_index
creating /root/ros_ws/install/decision/share/ament_index/resource_index/packages
copying resource/decision -> /root/ros_ws/install/decision/share/ament_index/resource_index/packages
copying package.xml -> /root/ros_ws/install/decision/share/decision
running install_egg_info
Copying ../../build/decision/decision.egg-info to /root/ros_ws/install/decision/lib/python3.10/site-packages/decision-0.0.0-py3.10.egg-info
running install_scripts
writing list of installed files to '/root/ros_ws/build/decision/install.log'
