[2.887s] Invoking command in '/root/ros_ws/src/decision': PYTHONPATH=/root/ros_ws/build/decision/prefix_override:/usr/lib/python3/dist-packages/colcon_core/task/python/colcon_distutils_commands:/root/ros_ws/install/decision/lib/python3.10/site-packages:${PYTHONPATH} _=/usr/bin/env /usr/bin/python3 -W ignore:setup.py install is deprecated -W ignore:easy_install command is deprecated setup.py egg_info --egg-base ../../build/decision build --build-base /root/ros_ws/build/decision/build install --record /root/ros_ws/build/decision/install.log --single-version-externally-managed install_data
[3.561s] running egg_info
[3.563s] creating ../../build/decision/decision.egg-info
[3.564s] writing ../../build/decision/decision.egg-info/PKG-INFO
[3.565s] writing dependency_links to ../../build/decision/decision.egg-info/dependency_links.txt
[3.566s] writing entry points to ../../build/decision/decision.egg-info/entry_points.txt
[3.566s] writing requirements to ../../build/decision/decision.egg-info/requires.txt
[3.567s] writing top-level names to ../../build/decision/decision.egg-info/top_level.txt
[3.568s] writing manifest file '../../build/decision/decision.egg-info/SOURCES.txt'
[3.574s] reading manifest file '../../build/decision/decision.egg-info/SOURCES.txt'
[3.576s] writing manifest file '../../build/decision/decision.egg-info/SOURCES.txt'
[3.577s] running build
[3.577s] running build_py
[3.578s] creating /root/ros_ws/build/decision/build
[3.579s] creating /root/ros_ws/build/decision/build/lib
[3.579s] creating /root/ros_ws/build/decision/build/lib/decision
[3.580s] copying decision/__init__.py -> /root/ros_ws/build/decision/build/lib/decision
[3.581s] running install
[3.582s] running install_lib
[3.584s] creating /root/ros_ws/install/decision/lib/python3.10/site-packages/decision
[3.585s] copying /root/ros_ws/build/decision/build/lib/decision/__init__.py -> /root/ros_ws/install/decision/lib/python3.10/site-packages/decision
[3.587s] byte-compiling /root/ros_ws/install/decision/lib/python3.10/site-packages/decision/__init__.py to __init__.cpython-310.pyc
[3.588s] running install_data
[3.589s] creating /root/ros_ws/install/decision/share/ament_index
[3.589s] creating /root/ros_ws/install/decision/share/ament_index/resource_index
[3.590s] creating /root/ros_ws/install/decision/share/ament_index/resource_index/packages
[3.590s] copying resource/decision -> /root/ros_ws/install/decision/share/ament_index/resource_index/packages
[3.591s] copying package.xml -> /root/ros_ws/install/decision/share/decision
[3.591s] running install_egg_info
[3.598s] Copying ../../build/decision/decision.egg-info to /root/ros_ws/install/decision/lib/python3.10/site-packages/decision-0.0.0-py3.10.egg-info
[3.600s] running install_scripts
[3.663s] writing list of installed files to '/root/ros_ws/build/decision/install.log'
[4.073s] Invoked command in '/root/ros_ws/src/decision' returned '0': PYTHONPATH=/root/ros_ws/build/decision/prefix_override:/usr/lib/python3/dist-packages/colcon_core/task/python/colcon_distutils_commands:/root/ros_ws/install/decision/lib/python3.10/site-packages:${PYTHONPATH} _=/usr/bin/env /usr/bin/python3 -W ignore:setup.py install is deprecated -W ignore:easy_install command is deprecated setup.py egg_info --egg-base ../../build/decision build --build-base /root/ros_ws/build/decision/build install --record /root/ros_ws/build/decision/install.log --single-version-externally-managed install_data
