[3.109s] Invoking command in '/root/ros_ws/build/decision': PYTHONPATH=/root/ros_ws/build/decision/prefix_override:/usr/lib/python3/dist-packages/colcon_core/task/python/colcon_distutils_commands:/root/ros_ws/install/decision/lib/python3.10/site-packages:${PYTHONPATH} _=/usr/bin/env /usr/bin/python3 -W ignore:setup.py install is deprecated -W ignore:easy_install command is deprecated setup.py develop --editable --build-directory /root/ros_ws/build/decision/build --no-deps symlink_data
[3.860s] running develop
[4.319s] running egg_info
[4.321s] writing decision.egg-info/PKG-INFO
[4.330s] writing dependency_links to decision.egg-info/dependency_links.txt
[4.332s] writing entry points to decision.egg-info/entry_points.txt
[4.333s] writing requirements to decision.egg-info/requires.txt
[4.336s] writing top-level names to decision.egg-info/top_level.txt
[4.344s] reading manifest file 'decision.egg-info/SOURCES.txt'
[4.347s] writing manifest file 'decision.egg-info/SOURCES.txt'
[4.352s] running build_ext
[4.353s] Creating /root/ros_ws/install/decision/lib/python3.10/site-packages/decision.egg-link (link to .)
[4.357s] Installing arm_grab_open_loop script to /root/ros_ws/install/decision/lib/decision
[4.358s] Installing aruco_detect script to /root/ros_ws/install/decision/lib/decision
[4.360s] Installing color_detect script to /root/ros_ws/install/decision/lib/decision
[4.361s] Installing sonar_park script to /root/ros_ws/install/decision/lib/decision
[4.362s] Installing track_line script to /root/ros_ws/install/decision/lib/decision
[4.363s] 
[4.363s] Installed /root/ros_ws/build/decision
[4.364s] running symlink_data
[4.563s] Invoked command in '/root/ros_ws/build/decision' returned '0': PYTHONPATH=/root/ros_ws/build/decision/prefix_override:/usr/lib/python3/dist-packages/colcon_core/task/python/colcon_distutils_commands:/root/ros_ws/install/decision/lib/python3.10/site-packages:${PYTHONPATH} _=/usr/bin/env /usr/bin/python3 -W ignore:setup.py install is deprecated -W ignore:easy_install command is deprecated setup.py develop --editable --build-directory /root/ros_ws/build/decision/build --no-deps symlink_data
