/root/ros_ws/install/actuator/lib/python3.10/site-packages/actuator/clamp.py
/root/ros_ws/install/actuator/lib/python3.10/site-packages/actuator/__init__.py
/root/ros_ws/install/actuator/lib/python3.10/site-packages/actuator/arm.py
/root/ros_ws/install/actuator/lib/python3.10/site-packages/actuator/wheel.py
/root/ros_ws/install/actuator/lib/python3.10/site-packages/actuator/__pycache__/clamp.cpython-310.pyc
/root/ros_ws/install/actuator/lib/python3.10/site-packages/actuator/__pycache__/__init__.cpython-310.pyc
/root/ros_ws/install/actuator/lib/python3.10/site-packages/actuator/__pycache__/arm.cpython-310.pyc
/root/ros_ws/install/actuator/lib/python3.10/site-packages/actuator/__pycache__/wheel.cpython-310.pyc
/root/ros_ws/install/actuator/share/ament_index/resource_index/packages/actuator
/root/ros_ws/install/actuator/share/actuator/package.xml
/root/ros_ws/install/actuator/lib/python3.10/site-packages/actuator-0.0.0-py3.10.egg-info/top_level.txt
/root/ros_ws/install/actuator/lib/python3.10/site-packages/actuator-0.0.0-py3.10.egg-info/PKG-INFO
/root/ros_ws/install/actuator/lib/python3.10/site-packages/actuator-0.0.0-py3.10.egg-info/SOURCES.txt
/root/ros_ws/install/actuator/lib/python3.10/site-packages/actuator-0.0.0-py3.10.egg-info/zip-safe
/root/ros_ws/install/actuator/lib/python3.10/site-packages/actuator-0.0.0-py3.10.egg-info/requires.txt
/root/ros_ws/install/actuator/lib/python3.10/site-packages/actuator-0.0.0-py3.10.egg-info/dependency_links.txt
/root/ros_ws/install/actuator/lib/python3.10/site-packages/actuator-0.0.0-py3.10.egg-info/entry_points.txt
/root/ros_ws/install/actuator/lib/actuator/arm
/root/ros_ws/install/actuator/lib/actuator/clamp
/root/ros_ws/install/actuator/lib/actuator/wheel
