running egg_info
creating ../build/hiwonder_sdk/hiwonder_sdk.egg-info
writing ../build/hiwonder_sdk/hiwonder_sdk.egg-info/PKG-INFO
writing dependency_links to ../build/hiwonder_sdk/hiwonder_sdk.egg-info/dependency_links.txt
writing top-level names to ../build/hiwonder_sdk/hiwonder_sdk.egg-info/top_level.txt
writing manifest file '../build/hiwonder_sdk/hiwonder_sdk.egg-info/SOURCES.txt'
reading manifest file '../build/hiwonder_sdk/hiwonder_sdk.egg-info/SOURCES.txt'
reading manifest template 'MANIFEST.in'
warning: no files found matching 'hiwonder_sdk/data/*'
writing manifest file '../build/hiwonder_sdk/hiwonder_sdk.egg-info/SOURCES.txt'
running build
running build_py
creating /root/ros_ws/build/hiwonder_sdk/build
creating /root/ros_ws/build/hiwonder_sdk/build/lib
creating /root/ros_ws/build/hiwonder_sdk/build/lib/hiwonder_sdk
copying hiwonder_sdk/Board.py -> /root/ros_ws/build/hiwonder_sdk/build/lib/hiwonder_sdk
copying hiwonder_sdk/yaml_handle.py -> /root/ros_ws/build/hiwonder_sdk/build/lib/hiwonder_sdk
copying hiwonder_sdk/__init__.py -> /root/ros_ws/build/hiwonder_sdk/build/lib/hiwonder_sdk
copying hiwonder_sdk/Sonar.py -> /root/ros_ws/build/hiwonder_sdk/build/lib/hiwonder_sdk
copying hiwonder_sdk/ActionGroupControl.py -> /root/ros_ws/build/hiwonder_sdk/build/lib/hiwonder_sdk
copying hiwonder_sdk/mecanum.py -> /root/ros_ws/build/hiwonder_sdk/build/lib/hiwonder_sdk
copying hiwonder_sdk/Misc.py -> /root/ros_ws/build/hiwonder_sdk/build/lib/hiwonder_sdk
copying hiwonder_sdk/PWMServoControlDemo.py -> /root/ros_ws/build/hiwonder_sdk/build/lib/hiwonder_sdk
copying hiwonder_sdk/PID.py -> /root/ros_ws/build/hiwonder_sdk/build/lib/hiwonder_sdk
copying hiwonder_sdk/ai_pro_pin_map.py -> /root/ros_ws/build/hiwonder_sdk/build/lib/hiwonder_sdk
running install
running install_lib
creating /root/ros_ws/install/hiwonder_sdk/lib/python3.10/site-packages/hiwonder_sdk
copying /root/ros_ws/build/hiwonder_sdk/build/lib/hiwonder_sdk/Board.py -> /root/ros_ws/install/hiwonder_sdk/lib/python3.10/site-packages/hiwonder_sdk
copying /root/ros_ws/build/hiwonder_sdk/build/lib/hiwonder_sdk/yaml_handle.py -> /root/ros_ws/install/hiwonder_sdk/lib/python3.10/site-packages/hiwonder_sdk
copying /root/ros_ws/build/hiwonder_sdk/build/lib/hiwonder_sdk/__init__.py -> /root/ros_ws/install/hiwonder_sdk/lib/python3.10/site-packages/hiwonder_sdk
copying /root/ros_ws/build/hiwonder_sdk/build/lib/hiwonder_sdk/Sonar.py -> /root/ros_ws/install/hiwonder_sdk/lib/python3.10/site-packages/hiwonder_sdk
copying /root/ros_ws/build/hiwonder_sdk/build/lib/hiwonder_sdk/ActionGroupControl.py -> /root/ros_ws/install/hiwonder_sdk/lib/python3.10/site-packages/hiwonder_sdk
copying /root/ros_ws/build/hiwonder_sdk/build/lib/hiwonder_sdk/mecanum.py -> /root/ros_ws/install/hiwonder_sdk/lib/python3.10/site-packages/hiwonder_sdk
copying /root/ros_ws/build/hiwonder_sdk/build/lib/hiwonder_sdk/Misc.py -> /root/ros_ws/install/hiwonder_sdk/lib/python3.10/site-packages/hiwonder_sdk
copying /root/ros_ws/build/hiwonder_sdk/build/lib/hiwonder_sdk/PWMServoControlDemo.py -> /root/ros_ws/install/hiwonder_sdk/lib/python3.10/site-packages/hiwonder_sdk
copying /root/ros_ws/build/hiwonder_sdk/build/lib/hiwonder_sdk/PID.py -> /root/ros_ws/install/hiwonder_sdk/lib/python3.10/site-packages/hiwonder_sdk
copying /root/ros_ws/build/hiwonder_sdk/build/lib/hiwonder_sdk/ai_pro_pin_map.py -> /root/ros_ws/install/hiwonder_sdk/lib/python3.10/site-packages/hiwonder_sdk
byte-compiling /root/ros_ws/install/hiwonder_sdk/lib/python3.10/site-packages/hiwonder_sdk/Board.py to Board.cpython-310.pyc
byte-compiling /root/ros_ws/install/hiwonder_sdk/lib/python3.10/site-packages/hiwonder_sdk/yaml_handle.py to yaml_handle.cpython-310.pyc
byte-compiling /root/ros_ws/install/hiwonder_sdk/lib/python3.10/site-packages/hiwonder_sdk/__init__.py to __init__.cpython-310.pyc
byte-compiling /root/ros_ws/install/hiwonder_sdk/lib/python3.10/site-packages/hiwonder_sdk/Sonar.py to Sonar.cpython-310.pyc
byte-compiling /root/ros_ws/install/hiwonder_sdk/lib/python3.10/site-packages/hiwonder_sdk/ActionGroupControl.py to ActionGroupControl.cpython-310.pyc
byte-compiling /root/ros_ws/install/hiwonder_sdk/lib/python3.10/site-packages/hiwonder_sdk/mecanum.py to mecanum.cpython-310.pyc
byte-compiling /root/ros_ws/install/hiwonder_sdk/lib/python3.10/site-packages/hiwonder_sdk/Misc.py to Misc.cpython-310.pyc
byte-compiling /root/ros_ws/install/hiwonder_sdk/lib/python3.10/site-packages/hiwonder_sdk/PWMServoControlDemo.py to PWMServoControlDemo.cpython-310.pyc
byte-compiling /root/ros_ws/install/hiwonder_sdk/lib/python3.10/site-packages/hiwonder_sdk/PID.py to PID.cpython-310.pyc
byte-compiling /root/ros_ws/install/hiwonder_sdk/lib/python3.10/site-packages/hiwonder_sdk/ai_pro_pin_map.py to ai_pro_pin_map.cpython-310.pyc
running install_egg_info
Copying ../build/hiwonder_sdk/hiwonder_sdk.egg-info to /root/ros_ws/install/hiwonder_sdk/lib/python3.10/site-packages/hiwonder_sdk-0.0.1-py3.10.egg-info
running install_scripts
writing list of installed files to '/root/ros_ws/build/hiwonder_sdk/install.log'
