[1.531s] Invoking command in '/root/ros_ws/hiwonder_sdk': PYTHONPATH=/root/ros_ws/build/hiwonder_sdk/prefix_override:/usr/lib/python3/dist-packages/colcon_core/task/python/colcon_distutils_commands:/root/ros_ws/install/hiwonder_sdk/lib/python3.10/site-packages:${PYTHONPATH} _=/usr/bin/env /usr/bin/python3 -W ignore:setup.py install is deprecated -W ignore:easy_install command is deprecated setup.py egg_info --egg-base ../build/hiwonder_sdk build --build-base /root/ros_ws/build/hiwonder_sdk/build install --record /root/ros_ws/build/hiwonder_sdk/install.log --single-version-externally-managed
[2.165s] running egg_info
[2.166s] creating ../build/hiwonder_sdk/hiwonder_sdk.egg-info
[2.167s] writing ../build/hiwonder_sdk/hiwonder_sdk.egg-info/PKG-INFO
[2.167s] writing dependency_links to ../build/hiwonder_sdk/hiwonder_sdk.egg-info/dependency_links.txt
[2.168s] writing top-level names to ../build/hiwonder_sdk/hiwonder_sdk.egg-info/top_level.txt
[2.168s] writing manifest file '../build/hiwonder_sdk/hiwonder_sdk.egg-info/SOURCES.txt'
[2.172s] reading manifest file '../build/hiwonder_sdk/hiwonder_sdk.egg-info/SOURCES.txt'
[2.173s] reading manifest template 'MANIFEST.in'
[2.173s] warning: no files found matching 'hiwonder_sdk/data/*'
[2.175s] writing manifest file '../build/hiwonder_sdk/hiwonder_sdk.egg-info/SOURCES.txt'
[2.175s] running build
[2.175s] running build_py
[2.176s] creating /root/ros_ws/build/hiwonder_sdk/build
[2.176s] creating /root/ros_ws/build/hiwonder_sdk/build/lib
[2.176s] creating /root/ros_ws/build/hiwonder_sdk/build/lib/hiwonder_sdk
[2.176s] copying hiwonder_sdk/Board.py -> /root/ros_ws/build/hiwonder_sdk/build/lib/hiwonder_sdk
[2.177s] copying hiwonder_sdk/yaml_handle.py -> /root/ros_ws/build/hiwonder_sdk/build/lib/hiwonder_sdk
[2.177s] copying hiwonder_sdk/__init__.py -> /root/ros_ws/build/hiwonder_sdk/build/lib/hiwonder_sdk
[2.177s] copying hiwonder_sdk/Sonar.py -> /root/ros_ws/build/hiwonder_sdk/build/lib/hiwonder_sdk
[2.177s] copying hiwonder_sdk/ActionGroupControl.py -> /root/ros_ws/build/hiwonder_sdk/build/lib/hiwonder_sdk
[2.178s] copying hiwonder_sdk/mecanum.py -> /root/ros_ws/build/hiwonder_sdk/build/lib/hiwonder_sdk
[2.178s] copying hiwonder_sdk/Misc.py -> /root/ros_ws/build/hiwonder_sdk/build/lib/hiwonder_sdk
[2.178s] copying hiwonder_sdk/PWMServoControlDemo.py -> /root/ros_ws/build/hiwonder_sdk/build/lib/hiwonder_sdk
[2.178s] copying hiwonder_sdk/PID.py -> /root/ros_ws/build/hiwonder_sdk/build/lib/hiwonder_sdk
[2.178s] copying hiwonder_sdk/ai_pro_pin_map.py -> /root/ros_ws/build/hiwonder_sdk/build/lib/hiwonder_sdk
[2.179s] running install
[2.180s] running install_lib
[2.182s] creating /root/ros_ws/install/hiwonder_sdk/lib/python3.10/site-packages/hiwonder_sdk
[2.182s] copying /root/ros_ws/build/hiwonder_sdk/build/lib/hiwonder_sdk/Board.py -> /root/ros_ws/install/hiwonder_sdk/lib/python3.10/site-packages/hiwonder_sdk
[2.182s] copying /root/ros_ws/build/hiwonder_sdk/build/lib/hiwonder_sdk/yaml_handle.py -> /root/ros_ws/install/hiwonder_sdk/lib/python3.10/site-packages/hiwonder_sdk
[2.183s] copying /root/ros_ws/build/hiwonder_sdk/build/lib/hiwonder_sdk/__init__.py -> /root/ros_ws/install/hiwonder_sdk/lib/python3.10/site-packages/hiwonder_sdk
[2.183s] copying /root/ros_ws/build/hiwonder_sdk/build/lib/hiwonder_sdk/Sonar.py -> /root/ros_ws/install/hiwonder_sdk/lib/python3.10/site-packages/hiwonder_sdk
[2.183s] copying /root/ros_ws/build/hiwonder_sdk/build/lib/hiwonder_sdk/ActionGroupControl.py -> /root/ros_ws/install/hiwonder_sdk/lib/python3.10/site-packages/hiwonder_sdk
[2.183s] copying /root/ros_ws/build/hiwonder_sdk/build/lib/hiwonder_sdk/mecanum.py -> /root/ros_ws/install/hiwonder_sdk/lib/python3.10/site-packages/hiwonder_sdk
[2.184s] copying /root/ros_ws/build/hiwonder_sdk/build/lib/hiwonder_sdk/Misc.py -> /root/ros_ws/install/hiwonder_sdk/lib/python3.10/site-packages/hiwonder_sdk
[2.184s] copying /root/ros_ws/build/hiwonder_sdk/build/lib/hiwonder_sdk/PWMServoControlDemo.py -> /root/ros_ws/install/hiwonder_sdk/lib/python3.10/site-packages/hiwonder_sdk
[2.184s] copying /root/ros_ws/build/hiwonder_sdk/build/lib/hiwonder_sdk/PID.py -> /root/ros_ws/install/hiwonder_sdk/lib/python3.10/site-packages/hiwonder_sdk
[2.184s] copying /root/ros_ws/build/hiwonder_sdk/build/lib/hiwonder_sdk/ai_pro_pin_map.py -> /root/ros_ws/install/hiwonder_sdk/lib/python3.10/site-packages/hiwonder_sdk
[2.187s] byte-compiling /root/ros_ws/install/hiwonder_sdk/lib/python3.10/site-packages/hiwonder_sdk/Board.py to Board.cpython-310.pyc
[2.190s] byte-compiling /root/ros_ws/install/hiwonder_sdk/lib/python3.10/site-packages/hiwonder_sdk/yaml_handle.py to yaml_handle.cpython-310.pyc
[2.190s] byte-compiling /root/ros_ws/install/hiwonder_sdk/lib/python3.10/site-packages/hiwonder_sdk/__init__.py to __init__.cpython-310.pyc
[2.191s] byte-compiling /root/ros_ws/install/hiwonder_sdk/lib/python3.10/site-packages/hiwonder_sdk/Sonar.py to Sonar.cpython-310.pyc
[2.193s] byte-compiling /root/ros_ws/install/hiwonder_sdk/lib/python3.10/site-packages/hiwonder_sdk/ActionGroupControl.py to ActionGroupControl.cpython-310.pyc
[2.194s] byte-compiling /root/ros_ws/install/hiwonder_sdk/lib/python3.10/site-packages/hiwonder_sdk/mecanum.py to mecanum.cpython-310.pyc
[2.196s] byte-compiling /root/ros_ws/install/hiwonder_sdk/lib/python3.10/site-packages/hiwonder_sdk/Misc.py to Misc.cpython-310.pyc
[2.196s] byte-compiling /root/ros_ws/install/hiwonder_sdk/lib/python3.10/site-packages/hiwonder_sdk/PWMServoControlDemo.py to PWMServoControlDemo.cpython-310.pyc
[2.197s] byte-compiling /root/ros_ws/install/hiwonder_sdk/lib/python3.10/site-packages/hiwonder_sdk/PID.py to PID.cpython-310.pyc
[2.198s] byte-compiling /root/ros_ws/install/hiwonder_sdk/lib/python3.10/site-packages/hiwonder_sdk/ai_pro_pin_map.py to ai_pro_pin_map.cpython-310.pyc
[2.199s] running install_egg_info
[2.204s] Copying ../build/hiwonder_sdk/hiwonder_sdk.egg-info to /root/ros_ws/install/hiwonder_sdk/lib/python3.10/site-packages/hiwonder_sdk-0.0.1-py3.10.egg-info
[2.205s] running install_scripts
[2.260s] writing list of installed files to '/root/ros_ws/build/hiwonder_sdk/install.log'
[2.370s] Invoked command in '/root/ros_ws/hiwonder_sdk' returned '0': PYTHONPATH=/root/ros_ws/build/hiwonder_sdk/prefix_override:/usr/lib/python3/dist-packages/colcon_core/task/python/colcon_distutils_commands:/root/ros_ws/install/hiwonder_sdk/lib/python3.10/site-packages:${PYTHONPATH} _=/usr/bin/env /usr/bin/python3 -W ignore:setup.py install is deprecated -W ignore:easy_install command is deprecated setup.py egg_info --egg-base ../build/hiwonder_sdk build --build-base /root/ros_ws/build/hiwonder_sdk/build install --record /root/ros_ws/build/hiwonder_sdk/install.log --single-version-externally-managed
