[0.022s] Invoking command in '/root/ros_ws/build/my_interfaces': CMAKE_PREFIX_PATH=/opt/ros/humble _=/usr/bin/env /usr/bin/cmake --build /root/ros_ws/build/my_interfaces -- -j3 -l3
[0.079s] -- Found ament_cmake: 1.3.12 (/opt/ros/humble/share/ament_cmake/cmake)
[0.395s] -- Found rosidl_default_generators: 1.2.0 (/opt/ros/humble/share/rosidl_default_generators/cmake)
[0.399s] -- Using all available rosidl_typesupport_c: rosidl_typesupport_fastrtps_c;rosidl_typesupport_introspection_c
[0.405s] -- Found rosidl_adapter: 3.1.7 (/opt/ros/humble/share/rosidl_adapter/cmake)
[0.471s] -- Using all available rosidl_typesupport_cpp: rosidl_typesupport_fastrtps_cpp;rosidl_typesupport_introspection_cpp
[1.278s] -- Found ament_cmake_ros: 0.10.0 (/opt/ros/humble/share/ament_cmake_ros/cmake)
[1.723s] -- Using all available rosidl_typesupport_c: rosidl_typesupport_fastrtps_c;rosidl_typesupport_introspection_c
[2.305s] -- Using all available rosidl_typesupport_cpp: rosidl_typesupport_fastrtps_cpp;rosidl_typesupport_introspection_cpp
[2.359s] -- Found python_cmake_module: 0.10.0 (/opt/ros/humble/share/python_cmake_module/cmake)
[2.413s] -- Using PYTHON_EXECUTABLE: /usr/bin/python3
[2.413s] -- Using PYTHON_INCLUDE_DIRS: /usr/include/python3.10
[2.413s] -- Using PYTHON_LIBRARIES: /usr/lib/aarch64-linux-gnu/libpython3.10.so
[2.435s] -- Found ament_lint_auto: 0.12.14 (/opt/ros/humble/share/ament_lint_auto/cmake)
[2.453s] -- Added test 'lint_cmake' to check CMake code style
[2.455s] -- Added test 'xmllint' to check XML markup files
[2.458s] -- Configuring done
[2.530s] -- Generating done
[2.555s] -- Build files have been written to: /root/ros_ws/build/my_interfaces
[2.631s] [  1%] [34m[1mGenerating C++ code for ROS interfaces[0m
[4.296s] [  1%] Built target my_interfaces__cpp
[4.362s] [  1%] Built target ament_cmake_python_copy_my_interfaces
[4.383s] [  3%] [34m[1mGenerating C++ type support dispatch for ROS interfaces[0m
[5.305s] [35m[1mConsolidate compiler generated dependencies of target my_interfaces__rosidl_typesupport_cpp[0m
[5.338s] [  5%] [32mBuilding CXX object CMakeFiles/my_interfaces__rosidl_typesupport_cpp.dir/rosidl_typesupport_cpp/my_interfaces/srv/armabs__type_support.cpp.o[0m
[5.984s] [  7%] [32mBuilding CXX object CMakeFiles/my_interfaces__rosidl_typesupport_cpp.dir/rosidl_typesupport_cpp/my_interfaces/srv/armrel__type_support.cpp.o[0m
[6.612s] [  9%] [32mBuilding CXX object CMakeFiles/my_interfaces__rosidl_typesupport_cpp.dir/rosidl_typesupport_cpp/my_interfaces/srv/doclamp__type_support.cpp.o[0m
[7.263s] [ 10%] [32mBuilding CXX object CMakeFiles/my_interfaces__rosidl_typesupport_cpp.dir/rosidl_typesupport_cpp/my_interfaces/srv/allservos__type_support.cpp.o[0m
[7.904s] [ 12%] [32m[1mLinking CXX shared library libmy_interfaces__rosidl_typesupport_cpp.so[0m
[7.989s] [ 12%] Built target my_interfaces__rosidl_typesupport_cpp
[8.011s] [ 14%] [34m[1mGenerating C++ type support for eProsima Fast-RTPS[0m
[9.264s] [35m[1mConsolidate compiler generated dependencies of target my_interfaces__rosidl_typesupport_fastrtps_cpp[0m
[9.299s] [ 16%] [32mBuilding CXX object CMakeFiles/my_interfaces__rosidl_typesupport_fastrtps_cpp.dir/rosidl_typesupport_fastrtps_cpp/my_interfaces/srv/detail/dds_fastrtps/armabs__type_support.cpp.o[0m
[10.257s] [ 18%] [32mBuilding CXX object CMakeFiles/my_interfaces__rosidl_typesupport_fastrtps_cpp.dir/rosidl_typesupport_fastrtps_cpp/my_interfaces/srv/detail/dds_fastrtps/armrel__type_support.cpp.o[0m
[11.244s] [ 20%] [32mBuilding CXX object CMakeFiles/my_interfaces__rosidl_typesupport_fastrtps_cpp.dir/rosidl_typesupport_fastrtps_cpp/my_interfaces/srv/detail/dds_fastrtps/doclamp__type_support.cpp.o[0m
[12.232s] [ 21%] [32mBuilding CXX object CMakeFiles/my_interfaces__rosidl_typesupport_fastrtps_cpp.dir/rosidl_typesupport_fastrtps_cpp/my_interfaces/srv/detail/dds_fastrtps/allservos__type_support.cpp.o[0m
[13.233s] [ 23%] [32m[1mLinking CXX shared library libmy_interfaces__rosidl_typesupport_fastrtps_cpp.so[0m
[13.438s] [ 23%] Built target my_interfaces__rosidl_typesupport_fastrtps_cpp
[13.462s] [ 25%] [34m[1mGenerating C++ introspection for ROS interfaces[0m
[14.599s] [35m[1mConsolidate compiler generated dependencies of target my_interfaces__rosidl_typesupport_introspection_cpp[0m
[14.632s] [ 27%] [32mBuilding CXX object CMakeFiles/my_interfaces__rosidl_typesupport_introspection_cpp.dir/rosidl_typesupport_introspection_cpp/my_interfaces/srv/detail/armabs__type_support.cpp.o[0m
[15.536s] [ 29%] [32mBuilding CXX object CMakeFiles/my_interfaces__rosidl_typesupport_introspection_cpp.dir/rosidl_typesupport_introspection_cpp/my_interfaces/srv/detail/armrel__type_support.cpp.o[0m
[16.467s] [ 30%] [32mBuilding CXX object CMakeFiles/my_interfaces__rosidl_typesupport_introspection_cpp.dir/rosidl_typesupport_introspection_cpp/my_interfaces/srv/detail/doclamp__type_support.cpp.o[0m
[17.372s] [ 32%] [32mBuilding CXX object CMakeFiles/my_interfaces__rosidl_typesupport_introspection_cpp.dir/rosidl_typesupport_introspection_cpp/my_interfaces/srv/detail/allservos__type_support.cpp.o[0m
[18.332s] [ 34%] [32m[1mLinking CXX shared library libmy_interfaces__rosidl_typesupport_introspection_cpp.so[0m
[18.513s] [ 34%] Built target my_interfaces__rosidl_typesupport_introspection_cpp
[19.100s] running egg_info
[19.102s] writing my_interfaces.egg-info/PKG-INFO
[19.103s] writing dependency_links to my_interfaces.egg-info/dependency_links.txt
[19.103s] writing top-level names to my_interfaces.egg-info/top_level.txt
[19.110s] reading manifest file 'my_interfaces.egg-info/SOURCES.txt'
[19.111s] writing manifest file 'my_interfaces.egg-info/SOURCES.txt'
[19.207s] [ 34%] Built target ament_cmake_python_build_my_interfaces_egg
[19.231s] [ 36%] [34m[1mGenerating C code for ROS interfaces[0m
[20.871s] [35m[1mConsolidate compiler generated dependencies of target my_interfaces__rosidl_generator_c[0m
[20.910s] [ 38%] [32mBuilding C object CMakeFiles/my_interfaces__rosidl_generator_c.dir/rosidl_generator_c/my_interfaces/srv/detail/armabs__functions.c.o[0m
[21.057s] [ 40%] [32mBuilding C object CMakeFiles/my_interfaces__rosidl_generator_c.dir/rosidl_generator_c/my_interfaces/srv/detail/doclamp__functions.c.o[0m
[21.195s] [ 41%] [32mBuilding C object CMakeFiles/my_interfaces__rosidl_generator_c.dir/rosidl_generator_c/my_interfaces/srv/detail/allservos__functions.c.o[0m
[21.336s] [ 43%] [32mBuilding C object CMakeFiles/my_interfaces__rosidl_generator_c.dir/rosidl_generator_c/my_interfaces/srv/detail/armrel__functions.c.o[0m
[21.481s] [ 45%] [32m[1mLinking C shared library libmy_interfaces__rosidl_generator_c.so[0m
[21.568s] [ 45%] Built target my_interfaces__rosidl_generator_c
[21.592s] [ 47%] [34m[1mGenerating C type support for eProsima Fast-RTPS[0m
[22.910s] [35m[1mConsolidate compiler generated dependencies of target my_interfaces__rosidl_typesupport_fastrtps_c[0m
[22.947s] [ 49%] [32mBuilding CXX object CMakeFiles/my_interfaces__rosidl_typesupport_fastrtps_c.dir/rosidl_typesupport_fastrtps_c/my_interfaces/srv/detail/armabs__type_support_c.cpp.o[0m
[23.791s] [ 50%] [32mBuilding CXX object CMakeFiles/my_interfaces__rosidl_typesupport_fastrtps_c.dir/rosidl_typesupport_fastrtps_c/my_interfaces/srv/detail/armrel__type_support_c.cpp.o[0m
[24.628s] [ 52%] [32mBuilding CXX object CMakeFiles/my_interfaces__rosidl_typesupport_fastrtps_c.dir/rosidl_typesupport_fastrtps_c/my_interfaces/srv/detail/doclamp__type_support_c.cpp.o[0m
[25.438s] [ 54%] [32mBuilding CXX object CMakeFiles/my_interfaces__rosidl_typesupport_fastrtps_c.dir/rosidl_typesupport_fastrtps_c/my_interfaces/srv/detail/allservos__type_support_c.cpp.o[0m
[26.241s] [ 56%] [32m[1mLinking CXX shared library libmy_interfaces__rosidl_typesupport_fastrtps_c.so[0m
[26.440s] [ 56%] Built target my_interfaces__rosidl_typesupport_fastrtps_c
[26.463s] [ 58%] [34m[1mGenerating C type support dispatch for ROS interfaces[0m
[27.359s] [35m[1mConsolidate compiler generated dependencies of target my_interfaces__rosidl_typesupport_c[0m
[27.384s] [ 60%] [32mBuilding CXX object CMakeFiles/my_interfaces__rosidl_typesupport_c.dir/rosidl_typesupport_c/my_interfaces/srv/armabs__type_support.cpp.o[0m
[27.457s] [ 61%] [32mBuilding CXX object CMakeFiles/my_interfaces__rosidl_typesupport_c.dir/rosidl_typesupport_c/my_interfaces/srv/armrel__type_support.cpp.o[0m
[27.529s] [ 63%] [32mBuilding CXX object CMakeFiles/my_interfaces__rosidl_typesupport_c.dir/rosidl_typesupport_c/my_interfaces/srv/doclamp__type_support.cpp.o[0m
[27.600s] [ 65%] [32mBuilding CXX object CMakeFiles/my_interfaces__rosidl_typesupport_c.dir/rosidl_typesupport_c/my_interfaces/srv/allservos__type_support.cpp.o[0m
[27.672s] [ 67%] [32m[1mLinking CXX shared library libmy_interfaces__rosidl_typesupport_c.so[0m
[27.764s] [ 67%] Built target my_interfaces__rosidl_typesupport_c
[27.787s] [ 69%] [34m[1mGenerating C introspection for ROS interfaces[0m
[28.949s] [35m[1mConsolidate compiler generated dependencies of target my_interfaces__rosidl_typesupport_introspection_c[0m
[28.978s] [ 70%] [32mBuilding C object CMakeFiles/my_interfaces__rosidl_typesupport_introspection_c.dir/rosidl_typesupport_introspection_c/my_interfaces/srv/detail/armabs__type_support.c.o[0m
[29.057s] [ 72%] [32mBuilding C object CMakeFiles/my_interfaces__rosidl_typesupport_introspection_c.dir/rosidl_typesupport_introspection_c/my_interfaces/srv/detail/doclamp__type_support.c.o[0m
[29.136s] [ 74%] [32mBuilding C object CMakeFiles/my_interfaces__rosidl_typesupport_introspection_c.dir/rosidl_typesupport_introspection_c/my_interfaces/srv/detail/allservos__type_support.c.o[0m
[29.219s] [ 76%] [32mBuilding C object CMakeFiles/my_interfaces__rosidl_typesupport_introspection_c.dir/rosidl_typesupport_introspection_c/my_interfaces/srv/detail/armrel__type_support.c.o[0m
[29.300s] [ 78%] [32m[1mLinking C shared library libmy_interfaces__rosidl_typesupport_introspection_c.so[0m
[29.365s] [ 78%] Built target my_interfaces__rosidl_typesupport_introspection_c
[29.411s] [ 78%] Built target my_interfaces
[29.457s] [ 80%] [34m[1mGenerating Python code for ROS interfaces[0m
[31.709s] [ 80%] Built target my_interfaces__py
[31.734s] [35m[1mConsolidate compiler generated dependencies of target my_interfaces__rosidl_generator_py[0m
[31.770s] [ 81%] [32mBuilding C object CMakeFiles/my_interfaces__rosidl_generator_py.dir/rosidl_generator_py/my_interfaces/srv/_armabs_s.c.o[0m
[32.011s] [ 83%] [32mBuilding C object CMakeFiles/my_interfaces__rosidl_generator_py.dir/rosidl_generator_py/my_interfaces/srv/_doclamp_s.c.o[0m
[32.245s] [ 85%] [32mBuilding C object CMakeFiles/my_interfaces__rosidl_generator_py.dir/rosidl_generator_py/my_interfaces/srv/_allservos_s.c.o[0m
[32.497s] [ 87%] [32mBuilding C object CMakeFiles/my_interfaces__rosidl_generator_py.dir/rosidl_generator_py/my_interfaces/srv/_armrel_s.c.o[0m
[32.748s] [ 89%] [32m[1mLinking C shared library rosidl_generator_py/my_interfaces/libmy_interfaces__rosidl_generator_py.so[0m
[32.835s] [ 89%] Built target my_interfaces__rosidl_generator_py
[32.858s] [35m[1mConsolidate compiler generated dependencies of target my_interfaces__rosidl_typesupport_fastrtps_c__pyext[0m
[32.886s] [ 90%] [32mBuilding C object CMakeFiles/my_interfaces__rosidl_typesupport_fastrtps_c__pyext.dir/rosidl_generator_py/my_interfaces/_my_interfaces_s.ep.rosidl_typesupport_fastrtps_c.c.o[0m
[33.152s] [ 92%] [32m[1mLinking C shared library rosidl_generator_py/my_interfaces/my_interfaces_s__rosidl_typesupport_fastrtps_c.cpython-310-aarch64-linux-gnu.so[0m
[33.229s] [ 92%] Built target my_interfaces__rosidl_typesupport_fastrtps_c__pyext
[33.253s] [35m[1mConsolidate compiler generated dependencies of target my_interfaces__rosidl_typesupport_c__pyext[0m
[33.282s] [ 94%] [32mBuilding C object CMakeFiles/my_interfaces__rosidl_typesupport_c__pyext.dir/rosidl_generator_py/my_interfaces/_my_interfaces_s.ep.rosidl_typesupport_c.c.o[0m
[33.543s] [ 96%] [32m[1mLinking C shared library rosidl_generator_py/my_interfaces/my_interfaces_s__rosidl_typesupport_c.cpython-310-aarch64-linux-gnu.so[0m
[33.614s] [ 96%] Built target my_interfaces__rosidl_typesupport_c__pyext
[33.638s] [35m[1mConsolidate compiler generated dependencies of target my_interfaces__rosidl_typesupport_introspection_c__pyext[0m
[33.666s] [ 98%] [32mBuilding C object CMakeFiles/my_interfaces__rosidl_typesupport_introspection_c__pyext.dir/rosidl_generator_py/my_interfaces/_my_interfaces_s.ep.rosidl_typesupport_introspection_c.c.o[0m
[33.931s] [100%] [32m[1mLinking C shared library rosidl_generator_py/my_interfaces/my_interfaces_s__rosidl_typesupport_introspection_c.cpython-310-aarch64-linux-gnu.so[0m
[34.003s] [100%] Built target my_interfaces__rosidl_typesupport_introspection_c__pyext
[34.027s] Invoked command in '/root/ros_ws/build/my_interfaces' returned '0': CMAKE_PREFIX_PATH=/opt/ros/humble _=/usr/bin/env /usr/bin/cmake --build /root/ros_ws/build/my_interfaces -- -j3 -l3
[34.049s] Invoking command in '/root/ros_ws/build/my_interfaces': CMAKE_PREFIX_PATH=/opt/ros/humble _=/usr/bin/env /usr/bin/cmake --install /root/ros_ws/build/my_interfaces
[34.066s] -- Install configuration: ""
[34.067s] -- Up-to-date: /root/ros_ws/install/my_interfaces/share/ament_index/resource_index/rosidl_interfaces/my_interfaces
[34.069s] -- Up-to-date: /root/ros_ws/install/my_interfaces/include/my_interfaces/my_interfaces
[34.069s] -- Up-to-date: /root/ros_ws/install/my_interfaces/include/my_interfaces/my_interfaces/msg
[34.069s] -- Up-to-date: /root/ros_ws/install/my_interfaces/include/my_interfaces/my_interfaces/msg/rosidl_generator_c__visibility_control.h
[34.070s] -- Up-to-date: /root/ros_ws/install/my_interfaces/include/my_interfaces/my_interfaces/srv
[34.070s] -- Installing: /root/ros_ws/install/my_interfaces/include/my_interfaces/my_interfaces/srv/doclamp.h
[34.070s] -- Up-to-date: /root/ros_ws/install/my_interfaces/include/my_interfaces/my_interfaces/srv/detail
[34.070s] -- Installing: /root/ros_ws/install/my_interfaces/include/my_interfaces/my_interfaces/srv/detail/armabs__functions.c
[34.070s] -- Installing: /root/ros_ws/install/my_interfaces/include/my_interfaces/my_interfaces/srv/detail/doclamp__type_support.h
[34.071s] -- Installing: /root/ros_ws/install/my_interfaces/include/my_interfaces/my_interfaces/srv/detail/allservos__struct.h
[34.071s] -- Installing: /root/ros_ws/install/my_interfaces/include/my_interfaces/my_interfaces/srv/detail/armrel__functions.h
[34.071s] -- Installing: /root/ros_ws/install/my_interfaces/include/my_interfaces/my_interfaces/srv/detail/armrel__functions.c
[34.071s] -- Installing: /root/ros_ws/install/my_interfaces/include/my_interfaces/my_interfaces/srv/detail/armrel__struct.h
[34.071s] -- Installing: /root/ros_ws/install/my_interfaces/include/my_interfaces/my_interfaces/srv/detail/allservos__type_support.h
[34.071s] -- Installing: /root/ros_ws/install/my_interfaces/include/my_interfaces/my_interfaces/srv/detail/doclamp__functions.h
[34.071s] -- Installing: /root/ros_ws/install/my_interfaces/include/my_interfaces/my_interfaces/srv/detail/armabs__type_support.h
[34.072s] -- Installing: /root/ros_ws/install/my_interfaces/include/my_interfaces/my_interfaces/srv/detail/doclamp__struct.h
[34.073s] -- Installing: /root/ros_ws/install/my_interfaces/include/my_interfaces/my_interfaces/srv/detail/armabs__struct.h
[34.073s] -- Installing: /root/ros_ws/install/my_interfaces/include/my_interfaces/my_interfaces/srv/detail/armabs__functions.h
[34.073s] -- Installing: /root/ros_ws/install/my_interfaces/include/my_interfaces/my_interfaces/srv/detail/allservos__functions.c
[34.074s] -- Installing: /root/ros_ws/install/my_interfaces/include/my_interfaces/my_interfaces/srv/detail/doclamp__functions.c
[34.074s] -- Installing: /root/ros_ws/install/my_interfaces/include/my_interfaces/my_interfaces/srv/detail/allservos__functions.h
[34.074s] -- Installing: /root/ros_ws/install/my_interfaces/include/my_interfaces/my_interfaces/srv/detail/armrel__type_support.h
[34.074s] -- Installing: /root/ros_ws/install/my_interfaces/include/my_interfaces/my_interfaces/srv/allservos.h
[34.074s] -- Installing: /root/ros_ws/install/my_interfaces/include/my_interfaces/my_interfaces/srv/armabs.h
[34.074s] -- Installing: /root/ros_ws/install/my_interfaces/include/my_interfaces/my_interfaces/srv/armrel.h
[34.075s] -- Up-to-date: /root/ros_ws/install/my_interfaces/share/my_interfaces/environment/library_path.sh
[34.075s] -- Installing: /root/ros_ws/install/my_interfaces/share/my_interfaces/environment/library_path.dsv
[34.075s] -- Installing: /root/ros_ws/install/my_interfaces/lib/libmy_interfaces__rosidl_generator_c.so
[34.075s] -- Set runtime path of "/root/ros_ws/install/my_interfaces/lib/libmy_interfaces__rosidl_generator_c.so" to ""
[34.076s] -- Up-to-date: /root/ros_ws/install/my_interfaces/include/my_interfaces/my_interfaces
[34.076s] -- Up-to-date: /root/ros_ws/install/my_interfaces/include/my_interfaces/my_interfaces/msg
[34.076s] -- Up-to-date: /root/ros_ws/install/my_interfaces/include/my_interfaces/my_interfaces/msg/rosidl_typesupport_fastrtps_c__visibility_control.h
[34.077s] -- Up-to-date: /root/ros_ws/install/my_interfaces/include/my_interfaces/my_interfaces/srv
[34.077s] -- Up-to-date: /root/ros_ws/install/my_interfaces/include/my_interfaces/my_interfaces/srv/detail
[34.077s] -- Installing: /root/ros_ws/install/my_interfaces/include/my_interfaces/my_interfaces/srv/detail/doclamp__rosidl_typesupport_fastrtps_c.h
[34.078s] -- Installing: /root/ros_ws/install/my_interfaces/include/my_interfaces/my_interfaces/srv/detail/allservos__rosidl_typesupport_fastrtps_c.h
[34.078s] -- Installing: /root/ros_ws/install/my_interfaces/include/my_interfaces/my_interfaces/srv/detail/armrel__rosidl_typesupport_fastrtps_c.h
[34.078s] -- Installing: /root/ros_ws/install/my_interfaces/include/my_interfaces/my_interfaces/srv/detail/armabs__rosidl_typesupport_fastrtps_c.h
[34.078s] -- Installing: /root/ros_ws/install/my_interfaces/lib/libmy_interfaces__rosidl_typesupport_fastrtps_c.so
[34.079s] -- Set runtime path of "/root/ros_ws/install/my_interfaces/lib/libmy_interfaces__rosidl_typesupport_fastrtps_c.so" to ""
[34.079s] -- Up-to-date: /root/ros_ws/install/my_interfaces/include/my_interfaces/my_interfaces
[34.079s] -- Up-to-date: /root/ros_ws/install/my_interfaces/include/my_interfaces/my_interfaces/msg
[34.080s] -- Up-to-date: /root/ros_ws/install/my_interfaces/include/my_interfaces/my_interfaces/msg/rosidl_typesupport_introspection_c__visibility_control.h
[34.080s] -- Up-to-date: /root/ros_ws/install/my_interfaces/include/my_interfaces/my_interfaces/srv
[34.080s] -- Up-to-date: /root/ros_ws/install/my_interfaces/include/my_interfaces/my_interfaces/srv/detail
[34.080s] -- Installing: /root/ros_ws/install/my_interfaces/include/my_interfaces/my_interfaces/srv/detail/doclamp__type_support.c
[34.081s] -- Installing: /root/ros_ws/install/my_interfaces/include/my_interfaces/my_interfaces/srv/detail/allservos__rosidl_typesupport_introspection_c.h
[34.081s] -- Installing: /root/ros_ws/install/my_interfaces/include/my_interfaces/my_interfaces/srv/detail/armrel__type_support.c
[34.081s] -- Installing: /root/ros_ws/install/my_interfaces/include/my_interfaces/my_interfaces/srv/detail/armabs__rosidl_typesupport_introspection_c.h
[34.081s] -- Installing: /root/ros_ws/install/my_interfaces/include/my_interfaces/my_interfaces/srv/detail/armabs__type_support.c
[34.082s] -- Installing: /root/ros_ws/install/my_interfaces/include/my_interfaces/my_interfaces/srv/detail/armrel__rosidl_typesupport_introspection_c.h
[34.082s] -- Installing: /root/ros_ws/install/my_interfaces/include/my_interfaces/my_interfaces/srv/detail/doclamp__rosidl_typesupport_introspection_c.h
[34.082s] -- Installing: /root/ros_ws/install/my_interfaces/include/my_interfaces/my_interfaces/srv/detail/allservos__type_support.c
[34.082s] -- Installing: /root/ros_ws/install/my_interfaces/lib/libmy_interfaces__rosidl_typesupport_introspection_c.so
[34.083s] -- Set runtime path of "/root/ros_ws/install/my_interfaces/lib/libmy_interfaces__rosidl_typesupport_introspection_c.so" to ""
[34.083s] -- Installing: /root/ros_ws/install/my_interfaces/lib/libmy_interfaces__rosidl_typesupport_c.so
[34.083s] -- Set runtime path of "/root/ros_ws/install/my_interfaces/lib/libmy_interfaces__rosidl_typesupport_c.so" to ""
[34.083s] -- Up-to-date: /root/ros_ws/install/my_interfaces/include/my_interfaces/my_interfaces
[34.084s] -- Up-to-date: /root/ros_ws/install/my_interfaces/include/my_interfaces/my_interfaces/msg
[34.084s] -- Up-to-date: /root/ros_ws/install/my_interfaces/include/my_interfaces/my_interfaces/msg/rosidl_generator_cpp__visibility_control.hpp
[34.084s] -- Up-to-date: /root/ros_ws/install/my_interfaces/include/my_interfaces/my_interfaces/srv
[34.085s] -- Installing: /root/ros_ws/install/my_interfaces/include/my_interfaces/my_interfaces/srv/armabs.hpp
[34.085s] -- Installing: /root/ros_ws/install/my_interfaces/include/my_interfaces/my_interfaces/srv/doclamp.hpp
[34.085s] -- Up-to-date: /root/ros_ws/install/my_interfaces/include/my_interfaces/my_interfaces/srv/detail
[34.085s] -- Installing: /root/ros_ws/install/my_interfaces/include/my_interfaces/my_interfaces/srv/detail/doclamp__struct.hpp
[34.085s] -- Installing: /root/ros_ws/install/my_interfaces/include/my_interfaces/my_interfaces/srv/detail/armrel__builder.hpp
[34.086s] -- Installing: /root/ros_ws/install/my_interfaces/include/my_interfaces/my_interfaces/srv/detail/allservos__builder.hpp
[34.086s] -- Installing: /root/ros_ws/install/my_interfaces/include/my_interfaces/my_interfaces/srv/detail/armabs__traits.hpp
[34.086s] -- Installing: /root/ros_ws/install/my_interfaces/include/my_interfaces/my_interfaces/srv/detail/armabs__type_support.hpp
[34.086s] -- Installing: /root/ros_ws/install/my_interfaces/include/my_interfaces/my_interfaces/srv/detail/allservos__struct.hpp
[34.086s] -- Installing: /root/ros_ws/install/my_interfaces/include/my_interfaces/my_interfaces/srv/detail/allservos__traits.hpp
[34.086s] -- Installing: /root/ros_ws/install/my_interfaces/include/my_interfaces/my_interfaces/srv/detail/armrel__type_support.hpp
[34.087s] -- Installing: /root/ros_ws/install/my_interfaces/include/my_interfaces/my_interfaces/srv/detail/armrel__traits.hpp
[34.087s] -- Installing: /root/ros_ws/install/my_interfaces/include/my_interfaces/my_interfaces/srv/detail/doclamp__builder.hpp
[34.087s] -- Installing: /root/ros_ws/install/my_interfaces/include/my_interfaces/my_interfaces/srv/detail/armabs__builder.hpp
[34.087s] -- Installing: /root/ros_ws/install/my_interfaces/include/my_interfaces/my_interfaces/srv/detail/allservos__type_support.hpp
[34.088s] -- Installing: /root/ros_ws/install/my_interfaces/include/my_interfaces/my_interfaces/srv/detail/armabs__struct.hpp
[34.088s] -- Installing: /root/ros_ws/install/my_interfaces/include/my_interfaces/my_interfaces/srv/detail/doclamp__traits.hpp
[34.088s] -- Installing: /root/ros_ws/install/my_interfaces/include/my_interfaces/my_interfaces/srv/detail/doclamp__type_support.hpp
[34.088s] -- Installing: /root/ros_ws/install/my_interfaces/include/my_interfaces/my_interfaces/srv/detail/armrel__struct.hpp
[34.089s] -- Installing: /root/ros_ws/install/my_interfaces/include/my_interfaces/my_interfaces/srv/armrel.hpp
[34.089s] -- Installing: /root/ros_ws/install/my_interfaces/include/my_interfaces/my_interfaces/srv/allservos.hpp
[34.089s] -- Up-to-date: /root/ros_ws/install/my_interfaces/include/my_interfaces/my_interfaces
[34.089s] -- Up-to-date: /root/ros_ws/install/my_interfaces/include/my_interfaces/my_interfaces/msg
[34.089s] -- Up-to-date: /root/ros_ws/install/my_interfaces/include/my_interfaces/my_interfaces/msg/rosidl_typesupport_fastrtps_cpp__visibility_control.h
[34.090s] -- Up-to-date: /root/ros_ws/install/my_interfaces/include/my_interfaces/my_interfaces/srv
[34.090s] -- Up-to-date: /root/ros_ws/install/my_interfaces/include/my_interfaces/my_interfaces/srv/detail
[34.090s] -- Up-to-date: /root/ros_ws/install/my_interfaces/include/my_interfaces/my_interfaces/srv/detail/dds_fastrtps
[34.090s] -- Installing: /root/ros_ws/install/my_interfaces/include/my_interfaces/my_interfaces/srv/detail/armabs__rosidl_typesupport_fastrtps_cpp.hpp
[34.090s] -- Installing: /root/ros_ws/install/my_interfaces/include/my_interfaces/my_interfaces/srv/detail/doclamp__rosidl_typesupport_fastrtps_cpp.hpp
[34.090s] -- Installing: /root/ros_ws/install/my_interfaces/include/my_interfaces/my_interfaces/srv/detail/allservos__rosidl_typesupport_fastrtps_cpp.hpp
[34.091s] -- Installing: /root/ros_ws/install/my_interfaces/include/my_interfaces/my_interfaces/srv/detail/armrel__rosidl_typesupport_fastrtps_cpp.hpp
[34.091s] -- Installing: /root/ros_ws/install/my_interfaces/lib/libmy_interfaces__rosidl_typesupport_fastrtps_cpp.so
[34.091s] -- Set runtime path of "/root/ros_ws/install/my_interfaces/lib/libmy_interfaces__rosidl_typesupport_fastrtps_cpp.so" to ""
[34.091s] -- Up-to-date: /root/ros_ws/install/my_interfaces/include/my_interfaces/my_interfaces
[34.092s] -- Up-to-date: /root/ros_ws/install/my_interfaces/include/my_interfaces/my_interfaces/srv
[34.092s] -- Up-to-date: /root/ros_ws/install/my_interfaces/include/my_interfaces/my_interfaces/srv/detail
[34.093s] -- Installing: /root/ros_ws/install/my_interfaces/include/my_interfaces/my_interfaces/srv/detail/allservos__type_support.cpp
[34.093s] -- Installing: /root/ros_ws/install/my_interfaces/include/my_interfaces/my_interfaces/srv/detail/armabs__rosidl_typesupport_introspection_cpp.hpp
[34.093s] -- Installing: /root/ros_ws/install/my_interfaces/include/my_interfaces/my_interfaces/srv/detail/armrel__rosidl_typesupport_introspection_cpp.hpp
[34.093s] -- Installing: /root/ros_ws/install/my_interfaces/include/my_interfaces/my_interfaces/srv/detail/armabs__type_support.cpp
[34.093s] -- Installing: /root/ros_ws/install/my_interfaces/include/my_interfaces/my_interfaces/srv/detail/doclamp__rosidl_typesupport_introspection_cpp.hpp
[34.094s] -- Installing: /root/ros_ws/install/my_interfaces/include/my_interfaces/my_interfaces/srv/detail/allservos__rosidl_typesupport_introspection_cpp.hpp
[34.094s] -- Installing: /root/ros_ws/install/my_interfaces/include/my_interfaces/my_interfaces/srv/detail/doclamp__type_support.cpp
[34.094s] -- Installing: /root/ros_ws/install/my_interfaces/include/my_interfaces/my_interfaces/srv/detail/armrel__type_support.cpp
[34.094s] -- Installing: /root/ros_ws/install/my_interfaces/lib/libmy_interfaces__rosidl_typesupport_introspection_cpp.so
[34.094s] -- Set runtime path of "/root/ros_ws/install/my_interfaces/lib/libmy_interfaces__rosidl_typesupport_introspection_cpp.so" to ""
[34.095s] -- Installing: /root/ros_ws/install/my_interfaces/lib/libmy_interfaces__rosidl_typesupport_cpp.so
[34.095s] -- Set runtime path of "/root/ros_ws/install/my_interfaces/lib/libmy_interfaces__rosidl_typesupport_cpp.so" to ""
[34.095s] -- Up-to-date: /root/ros_ws/install/my_interfaces/share/my_interfaces/environment/pythonpath.sh
[34.095s] -- Installing: /root/ros_ws/install/my_interfaces/share/my_interfaces/environment/pythonpath.dsv
[34.096s] -- Up-to-date: /root/ros_ws/install/my_interfaces/local/lib/python3.10/dist-packages/my_interfaces-0.0.0-py3.10.egg-info
[34.096s] -- Installing: /root/ros_ws/install/my_interfaces/local/lib/python3.10/dist-packages/my_interfaces-0.0.0-py3.10.egg-info/top_level.txt
[34.096s] -- Installing: /root/ros_ws/install/my_interfaces/local/lib/python3.10/dist-packages/my_interfaces-0.0.0-py3.10.egg-info/PKG-INFO
[34.096s] -- Installing: /root/ros_ws/install/my_interfaces/local/lib/python3.10/dist-packages/my_interfaces-0.0.0-py3.10.egg-info/SOURCES.txt
[34.097s] -- Installing: /root/ros_ws/install/my_interfaces/local/lib/python3.10/dist-packages/my_interfaces-0.0.0-py3.10.egg-info/dependency_links.txt
[34.097s] -- Up-to-date: /root/ros_ws/install/my_interfaces/local/lib/python3.10/dist-packages/my_interfaces
[34.097s] -- Installing: /root/ros_ws/install/my_interfaces/local/lib/python3.10/dist-packages/my_interfaces/_my_interfaces_s.ep.rosidl_typesupport_fastrtps_c.c
[34.097s] -- Installing: /root/ros_ws/install/my_interfaces/local/lib/python3.10/dist-packages/my_interfaces/__init__.py
[34.097s] -- Installing: /root/ros_ws/install/my_interfaces/local/lib/python3.10/dist-packages/my_interfaces/_my_interfaces_s.ep.rosidl_typesupport_introspection_c.c
[34.098s] -- Installing: /root/ros_ws/install/my_interfaces/local/lib/python3.10/dist-packages/my_interfaces/my_interfaces_s__rosidl_typesupport_c.cpython-310-aarch64-linux-gnu.so
[34.098s] -- Installing: /root/ros_ws/install/my_interfaces/local/lib/python3.10/dist-packages/my_interfaces/libmy_interfaces__rosidl_generator_py.so
[34.098s] -- Installing: /root/ros_ws/install/my_interfaces/local/lib/python3.10/dist-packages/my_interfaces/_my_interfaces_s.ep.rosidl_typesupport_c.c
[34.098s] -- Up-to-date: /root/ros_ws/install/my_interfaces/local/lib/python3.10/dist-packages/my_interfaces/srv
[34.098s] -- Installing: /root/ros_ws/install/my_interfaces/local/lib/python3.10/dist-packages/my_interfaces/srv/__init__.py
[34.098s] -- Installing: /root/ros_ws/install/my_interfaces/local/lib/python3.10/dist-packages/my_interfaces/srv/_allservos_s.c
[34.099s] -- Installing: /root/ros_ws/install/my_interfaces/local/lib/python3.10/dist-packages/my_interfaces/srv/_armrel.py
[34.099s] -- Installing: /root/ros_ws/install/my_interfaces/local/lib/python3.10/dist-packages/my_interfaces/srv/_doclamp_s.c
[34.099s] -- Installing: /root/ros_ws/install/my_interfaces/local/lib/python3.10/dist-packages/my_interfaces/srv/_allservos.py
[34.099s] -- Installing: /root/ros_ws/install/my_interfaces/local/lib/python3.10/dist-packages/my_interfaces/srv/_doclamp.py
[34.102s] -- Installing: /root/ros_ws/install/my_interfaces/local/lib/python3.10/dist-packages/my_interfaces/srv/_armabs.py
[34.102s] -- Installing: /root/ros_ws/install/my_interfaces/local/lib/python3.10/dist-packages/my_interfaces/srv/_armrel_s.c
[34.102s] -- Installing: /root/ros_ws/install/my_interfaces/local/lib/python3.10/dist-packages/my_interfaces/srv/_armabs_s.c
[34.102s] -- Installing: /root/ros_ws/install/my_interfaces/local/lib/python3.10/dist-packages/my_interfaces/my_interfaces_s__rosidl_typesupport_introspection_c.cpython-310-aarch64-linux-gnu.so
[34.102s] -- Installing: /root/ros_ws/install/my_interfaces/local/lib/python3.10/dist-packages/my_interfaces/my_interfaces_s__rosidl_typesupport_fastrtps_c.cpython-310-aarch64-linux-gnu.so
[34.197s] Listing '/root/ros_ws/install/my_interfaces/local/lib/python3.10/dist-packages/my_interfaces'...
[34.197s] Compiling '/root/ros_ws/install/my_interfaces/local/lib/python3.10/dist-packages/my_interfaces/__init__.py'...
[34.198s] Listing '/root/ros_ws/install/my_interfaces/local/lib/python3.10/dist-packages/my_interfaces/srv'...
[34.198s] Compiling '/root/ros_ws/install/my_interfaces/local/lib/python3.10/dist-packages/my_interfaces/srv/__init__.py'...
[34.198s] Compiling '/root/ros_ws/install/my_interfaces/local/lib/python3.10/dist-packages/my_interfaces/srv/_allservos.py'...
[34.198s] Compiling '/root/ros_ws/install/my_interfaces/local/lib/python3.10/dist-packages/my_interfaces/srv/_armabs.py'...
[34.198s] Compiling '/root/ros_ws/install/my_interfaces/local/lib/python3.10/dist-packages/my_interfaces/srv/_armrel.py'...
[34.198s] Compiling '/root/ros_ws/install/my_interfaces/local/lib/python3.10/dist-packages/my_interfaces/srv/_doclamp.py'...
[34.216s] -- Installing: /root/ros_ws/install/my_interfaces/local/lib/python3.10/dist-packages/my_interfaces/my_interfaces_s__rosidl_typesupport_fastrtps_c.cpython-310-aarch64-linux-gnu.so
[34.217s] -- Set runtime path of "/root/ros_ws/install/my_interfaces/local/lib/python3.10/dist-packages/my_interfaces/my_interfaces_s__rosidl_typesupport_fastrtps_c.cpython-310-aarch64-linux-gnu.so" to ""
[34.217s] -- Installing: /root/ros_ws/install/my_interfaces/local/lib/python3.10/dist-packages/my_interfaces/my_interfaces_s__rosidl_typesupport_introspection_c.cpython-310-aarch64-linux-gnu.so
[34.217s] -- Set runtime path of "/root/ros_ws/install/my_interfaces/local/lib/python3.10/dist-packages/my_interfaces/my_interfaces_s__rosidl_typesupport_introspection_c.cpython-310-aarch64-linux-gnu.so" to ""
[34.217s] -- Installing: /root/ros_ws/install/my_interfaces/local/lib/python3.10/dist-packages/my_interfaces/my_interfaces_s__rosidl_typesupport_c.cpython-310-aarch64-linux-gnu.so
[34.221s] -- Set runtime path of "/root/ros_ws/install/my_interfaces/local/lib/python3.10/dist-packages/my_interfaces/my_interfaces_s__rosidl_typesupport_c.cpython-310-aarch64-linux-gnu.so" to ""
[34.221s] -- Installing: /root/ros_ws/install/my_interfaces/lib/libmy_interfaces__rosidl_generator_py.so
[34.222s] -- Set runtime path of "/root/ros_ws/install/my_interfaces/lib/libmy_interfaces__rosidl_generator_py.so" to ""
[34.222s] -- Up-to-date: /root/ros_ws/install/my_interfaces/share/my_interfaces/srv/Armabs.idl
[34.222s] -- Up-to-date: /root/ros_ws/install/my_interfaces/share/my_interfaces/srv/Armrel.idl
[34.223s] -- Up-to-date: /root/ros_ws/install/my_interfaces/share/my_interfaces/srv/Doclamp.idl
[34.223s] -- Installing: /root/ros_ws/install/my_interfaces/share/my_interfaces/srv/Allservos.idl
[34.223s] -- Up-to-date: /root/ros_ws/install/my_interfaces/share/my_interfaces/srv/Armabs.srv
[34.223s] -- Up-to-date: /root/ros_ws/install/my_interfaces/share/my_interfaces/srv/Armabs_Request.msg
[34.224s] -- Up-to-date: /root/ros_ws/install/my_interfaces/share/my_interfaces/srv/Armabs_Response.msg
[34.224s] -- Up-to-date: /root/ros_ws/install/my_interfaces/share/my_interfaces/srv/Armrel.srv
[34.224s] -- Up-to-date: /root/ros_ws/install/my_interfaces/share/my_interfaces/srv/Armrel_Request.msg
[34.224s] -- Up-to-date: /root/ros_ws/install/my_interfaces/share/my_interfaces/srv/Armrel_Response.msg
[34.225s] -- Up-to-date: /root/ros_ws/install/my_interfaces/share/my_interfaces/srv/Doclamp.srv
[34.225s] -- Up-to-date: /root/ros_ws/install/my_interfaces/share/my_interfaces/srv/Doclamp_Request.msg
[34.225s] -- Up-to-date: /root/ros_ws/install/my_interfaces/share/my_interfaces/srv/Doclamp_Response.msg
[34.225s] -- Installing: /root/ros_ws/install/my_interfaces/share/my_interfaces/srv/Allservos.srv
[34.226s] -- Installing: /root/ros_ws/install/my_interfaces/share/my_interfaces/srv/Allservos_Request.msg
[34.226s] -- Up-to-date: /root/ros_ws/install/my_interfaces/share/my_interfaces/srv/Allservos_Response.msg
[34.226s] -- Up-to-date: /root/ros_ws/install/my_interfaces/share/ament_index/resource_index/package_run_dependencies/my_interfaces
[34.226s] -- Installing: /root/ros_ws/install/my_interfaces/share/ament_index/resource_index/parent_prefix_path/my_interfaces
[34.227s] -- Up-to-date: /root/ros_ws/install/my_interfaces/share/my_interfaces/environment/ament_prefix_path.sh
[34.227s] -- Installing: /root/ros_ws/install/my_interfaces/share/my_interfaces/environment/ament_prefix_path.dsv
[34.227s] -- Up-to-date: /root/ros_ws/install/my_interfaces/share/my_interfaces/environment/path.sh
[34.227s] -- Installing: /root/ros_ws/install/my_interfaces/share/my_interfaces/environment/path.dsv
[34.228s] -- Up-to-date: /root/ros_ws/install/my_interfaces/share/my_interfaces/local_setup.bash
[34.228s] -- Up-to-date: /root/ros_ws/install/my_interfaces/share/my_interfaces/local_setup.sh
[34.228s] -- Up-to-date: /root/ros_ws/install/my_interfaces/share/my_interfaces/local_setup.zsh
[34.229s] -- Installing: /root/ros_ws/install/my_interfaces/share/my_interfaces/local_setup.dsv
[34.229s] -- Installing: /root/ros_ws/install/my_interfaces/share/my_interfaces/package.dsv
[34.229s] -- Up-to-date: /root/ros_ws/install/my_interfaces/share/ament_index/resource_index/packages/my_interfaces
[34.229s] -- Up-to-date: /root/ros_ws/install/my_interfaces/share/my_interfaces/cmake/export_my_interfaces__rosidl_generator_cExport.cmake
[34.230s] -- Up-to-date: /root/ros_ws/install/my_interfaces/share/my_interfaces/cmake/export_my_interfaces__rosidl_generator_cExport-noconfig.cmake
[34.230s] -- Up-to-date: /root/ros_ws/install/my_interfaces/share/my_interfaces/cmake/export_my_interfaces__rosidl_typesupport_fastrtps_cExport.cmake
[34.230s] -- Up-to-date: /root/ros_ws/install/my_interfaces/share/my_interfaces/cmake/export_my_interfaces__rosidl_typesupport_fastrtps_cExport-noconfig.cmake
[34.230s] -- Up-to-date: /root/ros_ws/install/my_interfaces/share/my_interfaces/cmake/my_interfaces__rosidl_typesupport_introspection_cExport.cmake
[34.230s] -- Up-to-date: /root/ros_ws/install/my_interfaces/share/my_interfaces/cmake/my_interfaces__rosidl_typesupport_introspection_cExport-noconfig.cmake
[34.230s] -- Up-to-date: /root/ros_ws/install/my_interfaces/share/my_interfaces/cmake/my_interfaces__rosidl_typesupport_cExport.cmake
[34.231s] -- Up-to-date: /root/ros_ws/install/my_interfaces/share/my_interfaces/cmake/my_interfaces__rosidl_typesupport_cExport-noconfig.cmake
[34.231s] -- Up-to-date: /root/ros_ws/install/my_interfaces/share/my_interfaces/cmake/export_my_interfaces__rosidl_generator_cppExport.cmake
[34.231s] -- Up-to-date: /root/ros_ws/install/my_interfaces/share/my_interfaces/cmake/export_my_interfaces__rosidl_typesupport_fastrtps_cppExport.cmake
[34.231s] -- Up-to-date: /root/ros_ws/install/my_interfaces/share/my_interfaces/cmake/export_my_interfaces__rosidl_typesupport_fastrtps_cppExport-noconfig.cmake
[34.231s] -- Up-to-date: /root/ros_ws/install/my_interfaces/share/my_interfaces/cmake/my_interfaces__rosidl_typesupport_introspection_cppExport.cmake
[34.231s] -- Up-to-date: /root/ros_ws/install/my_interfaces/share/my_interfaces/cmake/my_interfaces__rosidl_typesupport_introspection_cppExport-noconfig.cmake
[34.232s] -- Up-to-date: /root/ros_ws/install/my_interfaces/share/my_interfaces/cmake/my_interfaces__rosidl_typesupport_cppExport.cmake
[34.232s] -- Up-to-date: /root/ros_ws/install/my_interfaces/share/my_interfaces/cmake/my_interfaces__rosidl_typesupport_cppExport-noconfig.cmake
[34.232s] -- Up-to-date: /root/ros_ws/install/my_interfaces/share/my_interfaces/cmake/export_my_interfaces__rosidl_generator_pyExport.cmake
[34.232s] -- Up-to-date: /root/ros_ws/install/my_interfaces/share/my_interfaces/cmake/export_my_interfaces__rosidl_generator_pyExport-noconfig.cmake
[34.232s] -- Up-to-date: /root/ros_ws/install/my_interfaces/share/my_interfaces/cmake/rosidl_cmake-extras.cmake
[34.232s] -- Up-to-date: /root/ros_ws/install/my_interfaces/share/my_interfaces/cmake/ament_cmake_export_include_directories-extras.cmake
[34.233s] -- Up-to-date: /root/ros_ws/install/my_interfaces/share/my_interfaces/cmake/ament_cmake_export_libraries-extras.cmake
[34.233s] -- Up-to-date: /root/ros_ws/install/my_interfaces/share/my_interfaces/cmake/ament_cmake_export_targets-extras.cmake
[34.233s] -- Up-to-date: /root/ros_ws/install/my_interfaces/share/my_interfaces/cmake/rosidl_cmake_export_typesupport_targets-extras.cmake
[34.233s] -- Up-to-date: /root/ros_ws/install/my_interfaces/share/my_interfaces/cmake/ament_cmake_export_dependencies-extras.cmake
[34.233s] -- Up-to-date: /root/ros_ws/install/my_interfaces/share/my_interfaces/cmake/rosidl_cmake_export_typesupport_libraries-extras.cmake
[34.234s] -- Up-to-date: /root/ros_ws/install/my_interfaces/share/my_interfaces/cmake/my_interfacesConfig.cmake
[34.234s] -- Up-to-date: /root/ros_ws/install/my_interfaces/share/my_interfaces/cmake/my_interfacesConfig-version.cmake
[34.234s] -- Up-to-date: /root/ros_ws/install/my_interfaces/share/my_interfaces/package.xml
[34.256s] Invoked command in '/root/ros_ws/build/my_interfaces' returned '0': CMAKE_PREFIX_PATH=/opt/ros/humble _=/usr/bin/env /usr/bin/cmake --install /root/ros_ws/build/my_interfaces
