[1.600s] Invoking command in '/root/ros_ws/build/sensor': PYTHONPATH=/root/ros_ws/build/sensor/prefix_override:/usr/lib/python3/dist-packages/colcon_core/task/python/colcon_distutils_commands:/root/ros_ws/install/sensor/lib/python3.10/site-packages:/root/ros_ws/install/hiwonder_sdk/lib/python3.10/site-packages:/root/ros_ws/build/sensor:/root/ros_ws/install/sensor/lib/python3.10/site-packages:/root/ros_ws/build/decision:/root/ros_ws/install/decision/lib/python3.10/site-packages:/root/ros_ws/install/actuator/lib/python3.10/site-packages:/root/ros_ws/install/my_interfaces/local/lib/python3.10/dist-packages:/usr/local/Ascend/ascend-toolkit/latest/python/site-packages:/usr/local/Ascend/ascend-toolkit/latest/opp/built-in/op_impl/ai_core/tbe:/opt/ros/humble/lib/python3.10/site-packages:/opt/ros/humble/local/lib/python3.10/dist-packages:/usr/local/Ascend/ascend-toolkit/latest/python/site-packages:/usr/local/Ascend/ascend-toolkit/latest/opp/built-in/op_impl/ai_core/tbe:/usr/local/Ascend/ascend-toolkit/laster/python/site-packages:/usr/local/Ascend/ascend-toolkit/laster/opp/built-in/op_impl/ai_core/tbe _=/usr/bin/env /usr/bin/python3 -W ignore:setup.py install is deprecated -W ignore:easy_install command is deprecated setup.py develop --editable --build-directory /root/ros_ws/build/sensor/build --no-deps symlink_data
[2.226s] running develop
[2.616s] running egg_info
[2.616s] writing sensor.egg-info/PKG-INFO
[2.616s] writing dependency_links to sensor.egg-info/dependency_links.txt
[2.617s] writing entry points to sensor.egg-info/entry_points.txt
[2.617s] writing requirements to sensor.egg-info/requires.txt
[2.618s] writing top-level names to sensor.egg-info/top_level.txt
[2.623s] reading manifest file 'sensor.egg-info/SOURCES.txt'
[2.625s] writing manifest file 'sensor.egg-info/SOURCES.txt'
[2.629s] running build_ext
[2.629s] Creating /root/ros_ws/install/sensor/lib/python3.10/site-packages/sensor.egg-link (link to .)
[2.631s] Installing battery script to /root/ros_ws/install/sensor/lib/sensor
[2.632s] Installing camera script to /root/ros_ws/install/sensor/lib/sensor
[2.632s] Installing integrated_sensors script to /root/ros_ws/install/sensor/lib/sensor
[2.632s] Installing ultrasonic script to /root/ros_ws/install/sensor/lib/sensor
[2.633s] 
[2.633s] Installed /root/ros_ws/build/sensor
[2.633s] running symlink_data
[2.743s] Invoked command in '/root/ros_ws/build/sensor' returned '0': PYTHONPATH=/root/ros_ws/build/sensor/prefix_override:/usr/lib/python3/dist-packages/colcon_core/task/python/colcon_distutils_commands:/root/ros_ws/install/sensor/lib/python3.10/site-packages:/root/ros_ws/install/hiwonder_sdk/lib/python3.10/site-packages:/root/ros_ws/build/sensor:/root/ros_ws/install/sensor/lib/python3.10/site-packages:/root/ros_ws/build/decision:/root/ros_ws/install/decision/lib/python3.10/site-packages:/root/ros_ws/install/actuator/lib/python3.10/site-packages:/root/ros_ws/install/my_interfaces/local/lib/python3.10/dist-packages:/usr/local/Ascend/ascend-toolkit/latest/python/site-packages:/usr/local/Ascend/ascend-toolkit/latest/opp/built-in/op_impl/ai_core/tbe:/opt/ros/humble/lib/python3.10/site-packages:/opt/ros/humble/local/lib/python3.10/dist-packages:/usr/local/Ascend/ascend-toolkit/latest/python/site-packages:/usr/local/Ascend/ascend-toolkit/latest/opp/built-in/op_impl/ai_core/tbe:/usr/local/Ascend/ascend-toolkit/laster/python/site-packages:/usr/local/Ascend/ascend-toolkit/laster/opp/built-in/op_impl/ai_core/tbe _=/usr/bin/env /usr/bin/python3 -W ignore:setup.py install is deprecated -W ignore:easy_install command is deprecated setup.py develop --editable --build-directory /root/ros_ws/build/sensor/build --no-deps symlink_data
