/root/ros_ws/install/hiwonder_sdk/lib/python3.10/site-packages/hiwonder_sdk/Board.py
/root/ros_ws/install/hiwonder_sdk/lib/python3.10/site-packages/hiwonder_sdk/yaml_handle.py
/root/ros_ws/install/hiwonder_sdk/lib/python3.10/site-packages/hiwonder_sdk/__init__.py
/root/ros_ws/install/hiwonder_sdk/lib/python3.10/site-packages/hiwonder_sdk/Sonar.py
/root/ros_ws/install/hiwonder_sdk/lib/python3.10/site-packages/hiwonder_sdk/ActionGroupControl.py
/root/ros_ws/install/hiwonder_sdk/lib/python3.10/site-packages/hiwonder_sdk/mecanum.py
/root/ros_ws/install/hiwonder_sdk/lib/python3.10/site-packages/hiwonder_sdk/Misc.py
/root/ros_ws/install/hiwonder_sdk/lib/python3.10/site-packages/hiwonder_sdk/PWMServoControlDemo.py
/root/ros_ws/install/hiwonder_sdk/lib/python3.10/site-packages/hiwonder_sdk/PID.py
/root/ros_ws/install/hiwonder_sdk/lib/python3.10/site-packages/hiwonder_sdk/ai_pro_pin_map.py
/root/ros_ws/install/hiwonder_sdk/lib/python3.10/site-packages/hiwonder_sdk/__pycache__/Board.cpython-310.pyc
/root/ros_ws/install/hiwonder_sdk/lib/python3.10/site-packages/hiwonder_sdk/__pycache__/yaml_handle.cpython-310.pyc
/root/ros_ws/install/hiwonder_sdk/lib/python3.10/site-packages/hiwonder_sdk/__pycache__/__init__.cpython-310.pyc
/root/ros_ws/install/hiwonder_sdk/lib/python3.10/site-packages/hiwonder_sdk/__pycache__/Sonar.cpython-310.pyc
/root/ros_ws/install/hiwonder_sdk/lib/python3.10/site-packages/hiwonder_sdk/__pycache__/ActionGroupControl.cpython-310.pyc
/root/ros_ws/install/hiwonder_sdk/lib/python3.10/site-packages/hiwonder_sdk/__pycache__/mecanum.cpython-310.pyc
/root/ros_ws/install/hiwonder_sdk/lib/python3.10/site-packages/hiwonder_sdk/__pycache__/Misc.cpython-310.pyc
/root/ros_ws/install/hiwonder_sdk/lib/python3.10/site-packages/hiwonder_sdk/__pycache__/PWMServoControlDemo.cpython-310.pyc
/root/ros_ws/install/hiwonder_sdk/lib/python3.10/site-packages/hiwonder_sdk/__pycache__/PID.cpython-310.pyc
/root/ros_ws/install/hiwonder_sdk/lib/python3.10/site-packages/hiwonder_sdk/__pycache__/ai_pro_pin_map.cpython-310.pyc
/root/ros_ws/install/hiwonder_sdk/lib/python3.10/site-packages/hiwonder_sdk-_1-py3.10.egg-info/top_level.txt
/root/ros_ws/install/hiwonder_sdk/lib/python3.10/site-packages/hiwonder_sdk-_1-py3.10.egg-info/PKG-INFO
/root/ros_ws/install/hiwonder_sdk/lib/python3.10/site-packages/hiwonder_sdk-_1-py3.10.egg-info/SOURCES.txt
/root/ros_ws/install/hiwonder_sdk/lib/python3.10/site-packages/hiwonder_sdk-_1-py3.10.egg-info/dependency_links.txt
