/root/ros_ws/install/sensor/lib/python3.10/site-packages/sensor/integrated_sensors.py
/root/ros_ws/install/sensor/lib/python3.10/site-packages/sensor/__init__.py
/root/ros_ws/install/sensor/lib/python3.10/site-packages/sensor/camera.py
/root/ros_ws/install/sensor/lib/python3.10/site-packages/sensor/ultrasonic.py
/root/ros_ws/install/sensor/lib/python3.10/site-packages/sensor/battery.py
/root/ros_ws/install/sensor/lib/python3.10/site-packages/sensor/__pycache__/integrated_sensors.cpython-310.pyc
/root/ros_ws/install/sensor/lib/python3.10/site-packages/sensor/__pycache__/__init__.cpython-310.pyc
/root/ros_ws/install/sensor/lib/python3.10/site-packages/sensor/__pycache__/camera.cpython-310.pyc
/root/ros_ws/install/sensor/lib/python3.10/site-packages/sensor/__pycache__/ultrasonic.cpython-310.pyc
/root/ros_ws/install/sensor/lib/python3.10/site-packages/sensor/__pycache__/battery.cpython-310.pyc
/root/ros_ws/install/sensor/share/ament_index/resource_index/packages/sensor
/root/ros_ws/install/sensor/share/sensor/package.xml
/root/ros_ws/install/sensor/lib/python3.10/site-packages/sensor-0.0.0-py3.10.egg-info/top_level.txt
/root/ros_ws/install/sensor/lib/python3.10/site-packages/sensor-0.0.0-py3.10.egg-info/PKG-INFO
/root/ros_ws/install/sensor/lib/python3.10/site-packages/sensor-0.0.0-py3.10.egg-info/SOURCES.txt
/root/ros_ws/install/sensor/lib/python3.10/site-packages/sensor-0.0.0-py3.10.egg-info/zip-safe
/root/ros_ws/install/sensor/lib/python3.10/site-packages/sensor-0.0.0-py3.10.egg-info/requires.txt
/root/ros_ws/install/sensor/lib/python3.10/site-packages/sensor-0.0.0-py3.10.egg-info/dependency_links.txt
/root/ros_ws/install/sensor/lib/python3.10/site-packages/sensor-0.0.0-py3.10.egg-info/entry_points.txt
/root/ros_ws/install/sensor/lib/sensor/battery
/root/ros_ws/install/sensor/lib/sensor/camera
/root/ros_ws/install/sensor/lib/sensor/integrated_sensors
/root/ros_ws/install/sensor/lib/sensor/ultrasonic
