running egg_info
creating ../../build/sensor/sensor.egg-info
writing ../../build/sensor/sensor.egg-info/PKG-INFO
writing dependency_links to ../../build/sensor/sensor.egg-info/dependency_links.txt
writing entry points to ../../build/sensor/sensor.egg-info/entry_points.txt
writing requirements to ../../build/sensor/sensor.egg-info/requires.txt
writing top-level names to ../../build/sensor/sensor.egg-info/top_level.txt
writing manifest file '../../build/sensor/sensor.egg-info/SOURCES.txt'
reading manifest file '../../build/sensor/sensor.egg-info/SOURCES.txt'
writing manifest file '../../build/sensor/sensor.egg-info/SOURCES.txt'
running build
running build_py
creating /root/ros_ws/build/sensor/build
creating /root/ros_ws/build/sensor/build/lib
creating /root/ros_ws/build/sensor/build/lib/sensor
copying sensor/integrated_sensors.py -> /root/ros_ws/build/sensor/build/lib/sensor
copying sensor/__init__.py -> /root/ros_ws/build/sensor/build/lib/sensor
copying sensor/camera.py -> /root/ros_ws/build/sensor/build/lib/sensor
copying sensor/ultrasonic.py -> /root/ros_ws/build/sensor/build/lib/sensor
copying sensor/battery.py -> /root/ros_ws/build/sensor/build/lib/sensor
running install
running install_lib
creating /root/ros_ws/install/sensor/lib/python3.10/site-packages/sensor
copying /root/ros_ws/build/sensor/build/lib/sensor/integrated_sensors.py -> /root/ros_ws/install/sensor/lib/python3.10/site-packages/sensor
copying /root/ros_ws/build/sensor/build/lib/sensor/__init__.py -> /root/ros_ws/install/sensor/lib/python3.10/site-packages/sensor
copying /root/ros_ws/build/sensor/build/lib/sensor/camera.py -> /root/ros_ws/install/sensor/lib/python3.10/site-packages/sensor
copying /root/ros_ws/build/sensor/build/lib/sensor/ultrasonic.py -> /root/ros_ws/install/sensor/lib/python3.10/site-packages/sensor
copying /root/ros_ws/build/sensor/build/lib/sensor/battery.py -> /root/ros_ws/install/sensor/lib/python3.10/site-packages/sensor
byte-compiling /root/ros_ws/install/sensor/lib/python3.10/site-packages/sensor/integrated_sensors.py to integrated_sensors.cpython-310.pyc
byte-compiling /root/ros_ws/install/sensor/lib/python3.10/site-packages/sensor/__init__.py to __init__.cpython-310.pyc
byte-compiling /root/ros_ws/install/sensor/lib/python3.10/site-packages/sensor/camera.py to camera.cpython-310.pyc
byte-compiling /root/ros_ws/install/sensor/lib/python3.10/site-packages/sensor/ultrasonic.py to ultrasonic.cpython-310.pyc
byte-compiling /root/ros_ws/install/sensor/lib/python3.10/site-packages/sensor/battery.py to battery.cpython-310.pyc
running install_data
creating /root/ros_ws/install/sensor/share/ament_index
creating /root/ros_ws/install/sensor/share/ament_index/resource_index
creating /root/ros_ws/install/sensor/share/ament_index/resource_index/packages
copying resource/sensor -> /root/ros_ws/install/sensor/share/ament_index/resource_index/packages
copying package.xml -> /root/ros_ws/install/sensor/share/sensor
running install_egg_info
Copying ../../build/sensor/sensor.egg-info to /root/ros_ws/install/sensor/lib/python3.10/site-packages/sensor-0.0.0-py3.10.egg-info
running install_scripts
Installing battery script to /root/ros_ws/install/sensor/lib/sensor
Installing camera script to /root/ros_ws/install/sensor/lib/sensor
Installing integrated_sensors script to /root/ros_ws/install/sensor/lib/sensor
Installing ultrasonic script to /root/ros_ws/install/sensor/lib/sensor
writing list of installed files to '/root/ros_ws/build/sensor/install.log'
