[1.545s] Invoking command in '/root/ros_ws/src/sensor': PYTHONPATH=/root/ros_ws/build/sensor/prefix_override:/usr/lib/python3/dist-packages/colcon_core/task/python/colcon_distutils_commands:/root/ros_ws/install/sensor/lib/python3.10/site-packages:/root/ros_ws/install/hiwonder_sdk/lib/python3.10/site-packages:/root/ros_ws/install/sensor/lib/python3.10/site-packages:/root/ros_ws/build/decision:/root/ros_ws/install/decision/lib/python3.10/site-packages:/root/ros_ws/build/actuator:/root/ros_ws/install/actuator/lib/python3.10/site-packages:/root/ros_ws/install/my_interfaces/local/lib/python3.10/dist-packages:/root/ros_ws/build/hiwonder_sdk:/usr/local/Ascend/ascend-toolkit/latest/python/site-packages:/usr/local/Ascend/ascend-toolkit/latest/opp/built-in/op_impl/ai_core/tbe:/opt/ros/humble/lib/python3.10/site-packages:/opt/ros/humble/local/lib/python3.10/dist-packages:/usr/local/Ascend/ascend-toolkit/latest/python/site-packages:/usr/local/Ascend/ascend-toolkit/latest/opp/built-in/op_impl/ai_core/tbe:/usr/local/Ascend/ascend-toolkit/laster/python/site-packages:/usr/local/Ascend/ascend-toolkit/laster/opp/built-in/op_impl/ai_core/tbe _=/usr/bin/env /usr/bin/python3 -W ignore:setup.py install is deprecated -W ignore:easy_install command is deprecated setup.py egg_info --egg-base ../../build/sensor build --build-base /root/ros_ws/build/sensor/build install --record /root/ros_ws/build/sensor/install.log --single-version-externally-managed install_data
[2.129s] running egg_info
[2.131s] creating ../../build/sensor/sensor.egg-info
[2.132s] writing ../../build/sensor/sensor.egg-info/PKG-INFO
[2.133s] writing dependency_links to ../../build/sensor/sensor.egg-info/dependency_links.txt
[2.134s] writing entry points to ../../build/sensor/sensor.egg-info/entry_points.txt
[2.134s] writing requirements to ../../build/sensor/sensor.egg-info/requires.txt
[2.134s] writing top-level names to ../../build/sensor/sensor.egg-info/top_level.txt
[2.134s] writing manifest file '../../build/sensor/sensor.egg-info/SOURCES.txt'
[2.139s] reading manifest file '../../build/sensor/sensor.egg-info/SOURCES.txt'
[2.140s] writing manifest file '../../build/sensor/sensor.egg-info/SOURCES.txt'
[2.141s] running build
[2.141s] running build_py
[2.141s] creating /root/ros_ws/build/sensor/build
[2.142s] creating /root/ros_ws/build/sensor/build/lib
[2.142s] creating /root/ros_ws/build/sensor/build/lib/sensor
[2.142s] copying sensor/integrated_sensors.py -> /root/ros_ws/build/sensor/build/lib/sensor
[2.142s] copying sensor/__init__.py -> /root/ros_ws/build/sensor/build/lib/sensor
[2.142s] copying sensor/camera.py -> /root/ros_ws/build/sensor/build/lib/sensor
[2.143s] copying sensor/ultrasonic.py -> /root/ros_ws/build/sensor/build/lib/sensor
[2.143s] copying sensor/battery.py -> /root/ros_ws/build/sensor/build/lib/sensor
[2.143s] running install
[2.144s] running install_lib
[2.146s] creating /root/ros_ws/install/sensor/lib/python3.10/site-packages/sensor
[2.146s] copying /root/ros_ws/build/sensor/build/lib/sensor/integrated_sensors.py -> /root/ros_ws/install/sensor/lib/python3.10/site-packages/sensor
[2.146s] copying /root/ros_ws/build/sensor/build/lib/sensor/__init__.py -> /root/ros_ws/install/sensor/lib/python3.10/site-packages/sensor
[2.146s] copying /root/ros_ws/build/sensor/build/lib/sensor/camera.py -> /root/ros_ws/install/sensor/lib/python3.10/site-packages/sensor
[2.147s] copying /root/ros_ws/build/sensor/build/lib/sensor/ultrasonic.py -> /root/ros_ws/install/sensor/lib/python3.10/site-packages/sensor
[2.147s] copying /root/ros_ws/build/sensor/build/lib/sensor/battery.py -> /root/ros_ws/install/sensor/lib/python3.10/site-packages/sensor
[2.148s] byte-compiling /root/ros_ws/install/sensor/lib/python3.10/site-packages/sensor/integrated_sensors.py to integrated_sensors.cpython-310.pyc
[2.150s] byte-compiling /root/ros_ws/install/sensor/lib/python3.10/site-packages/sensor/__init__.py to __init__.cpython-310.pyc
[2.150s] byte-compiling /root/ros_ws/install/sensor/lib/python3.10/site-packages/sensor/camera.py to camera.cpython-310.pyc
[2.151s] byte-compiling /root/ros_ws/install/sensor/lib/python3.10/site-packages/sensor/ultrasonic.py to ultrasonic.cpython-310.pyc
[2.152s] byte-compiling /root/ros_ws/install/sensor/lib/python3.10/site-packages/sensor/battery.py to battery.cpython-310.pyc
[2.153s] running install_data
[2.153s] creating /root/ros_ws/install/sensor/share/ament_index
[2.153s] creating /root/ros_ws/install/sensor/share/ament_index/resource_index
[2.153s] creating /root/ros_ws/install/sensor/share/ament_index/resource_index/packages
[2.154s] copying resource/sensor -> /root/ros_ws/install/sensor/share/ament_index/resource_index/packages
[2.154s] copying package.xml -> /root/ros_ws/install/sensor/share/sensor
[2.154s] running install_egg_info
[2.159s] Copying ../../build/sensor/sensor.egg-info to /root/ros_ws/install/sensor/lib/python3.10/site-packages/sensor-0.0.0-py3.10.egg-info
[2.161s] running install_scripts
[2.214s] Installing battery script to /root/ros_ws/install/sensor/lib/sensor
[2.216s] Installing camera script to /root/ros_ws/install/sensor/lib/sensor
[2.216s] Installing integrated_sensors script to /root/ros_ws/install/sensor/lib/sensor
[2.216s] Installing ultrasonic script to /root/ros_ws/install/sensor/lib/sensor
[2.216s] writing list of installed files to '/root/ros_ws/build/sensor/install.log'
[2.333s] Invoked command in '/root/ros_ws/src/sensor' returned '0': PYTHONPATH=/root/ros_ws/build/sensor/prefix_override:/usr/lib/python3/dist-packages/colcon_core/task/python/colcon_distutils_commands:/root/ros_ws/install/sensor/lib/python3.10/site-packages:/root/ros_ws/install/hiwonder_sdk/lib/python3.10/site-packages:/root/ros_ws/install/sensor/lib/python3.10/site-packages:/root/ros_ws/build/decision:/root/ros_ws/install/decision/lib/python3.10/site-packages:/root/ros_ws/build/actuator:/root/ros_ws/install/actuator/lib/python3.10/site-packages:/root/ros_ws/install/my_interfaces/local/lib/python3.10/dist-packages:/root/ros_ws/build/hiwonder_sdk:/usr/local/Ascend/ascend-toolkit/latest/python/site-packages:/usr/local/Ascend/ascend-toolkit/latest/opp/built-in/op_impl/ai_core/tbe:/opt/ros/humble/lib/python3.10/site-packages:/opt/ros/humble/local/lib/python3.10/dist-packages:/usr/local/Ascend/ascend-toolkit/latest/python/site-packages:/usr/local/Ascend/ascend-toolkit/latest/opp/built-in/op_impl/ai_core/tbe:/usr/local/Ascend/ascend-toolkit/laster/python/site-packages:/usr/local/Ascend/ascend-toolkit/laster/opp/built-in/op_impl/ai_core/tbe _=/usr/bin/env /usr/bin/python3 -W ignore:setup.py install is deprecated -W ignore:easy_install command is deprecated setup.py egg_info --egg-base ../../build/sensor build --build-base /root/ros_ws/build/sensor/build install --record /root/ros_ws/build/sensor/install.log --single-version-externally-managed install_data
