[2.279s] Invoking command in '/root/ros_ws/src/actuator': PYTHONPATH=/root/ros_ws/build/actuator/prefix_override:/usr/lib/python3/dist-packages/colcon_core/task/python/colcon_distutils_commands:/root/ros_ws/install/actuator/lib/python3.10/site-packages:${PYTHONPATH} _=/usr/bin/env /usr/bin/python3 -W ignore:setup.py install is deprecated -W ignore:easy_install command is deprecated setup.py egg_info --egg-base ../../build/actuator build --build-base /root/ros_ws/build/actuator/build install --record /root/ros_ws/build/actuator/install.log --single-version-externally-managed install_data
[2.963s] running egg_info
[2.965s] creating ../../build/actuator/actuator.egg-info
[2.965s] writing ../../build/actuator/actuator.egg-info/PKG-INFO
[2.966s] writing dependency_links to ../../build/actuator/actuator.egg-info/dependency_links.txt
[2.966s] writing entry points to ../../build/actuator/actuator.egg-info/entry_points.txt
[2.966s] writing requirements to ../../build/actuator/actuator.egg-info/requires.txt
[2.966s] writing top-level names to ../../build/actuator/actuator.egg-info/top_level.txt
[2.967s] writing manifest file '../../build/actuator/actuator.egg-info/SOURCES.txt'
[2.972s] reading manifest file '../../build/actuator/actuator.egg-info/SOURCES.txt'
[2.973s] writing manifest file '../../build/actuator/actuator.egg-info/SOURCES.txt'
[2.974s] running build
[2.974s] running build_py
[2.974s] creating /root/ros_ws/build/actuator/build
[2.974s] creating /root/ros_ws/build/actuator/build/lib
[2.975s] creating /root/ros_ws/build/actuator/build/lib/actuator
[2.975s] copying actuator/clamp.py -> /root/ros_ws/build/actuator/build/lib/actuator
[2.975s] copying actuator/__init__.py -> /root/ros_ws/build/actuator/build/lib/actuator
[2.975s] copying actuator/wheel.py -> /root/ros_ws/build/actuator/build/lib/actuator
[2.975s] running install
[2.976s] running install_lib
[2.978s] creating /root/ros_ws/install/actuator/lib/python3.10/site-packages/actuator
[2.978s] copying /root/ros_ws/build/actuator/build/lib/actuator/clamp.py -> /root/ros_ws/install/actuator/lib/python3.10/site-packages/actuator
[2.978s] copying /root/ros_ws/build/actuator/build/lib/actuator/__init__.py -> /root/ros_ws/install/actuator/lib/python3.10/site-packages/actuator
[2.979s] copying /root/ros_ws/build/actuator/build/lib/actuator/wheel.py -> /root/ros_ws/install/actuator/lib/python3.10/site-packages/actuator
[2.980s] byte-compiling /root/ros_ws/install/actuator/lib/python3.10/site-packages/actuator/clamp.py to clamp.cpython-310.pyc
[2.983s] byte-compiling /root/ros_ws/install/actuator/lib/python3.10/site-packages/actuator/__init__.py to __init__.cpython-310.pyc
[2.983s] byte-compiling /root/ros_ws/install/actuator/lib/python3.10/site-packages/actuator/wheel.py to wheel.cpython-310.pyc
[2.984s] running install_data
[2.985s] creating /root/ros_ws/install/actuator/share
[2.985s] creating /root/ros_ws/install/actuator/share/ament_index
[2.985s] creating /root/ros_ws/install/actuator/share/ament_index/resource_index
[2.985s] creating /root/ros_ws/install/actuator/share/ament_index/resource_index/packages
[2.985s] copying resource/actuator -> /root/ros_ws/install/actuator/share/ament_index/resource_index/packages
[2.986s] creating /root/ros_ws/install/actuator/share/actuator
[2.986s] copying package.xml -> /root/ros_ws/install/actuator/share/actuator
[2.986s] running install_egg_info
[2.991s] Copying ../../build/actuator/actuator.egg-info to /root/ros_ws/install/actuator/lib/python3.10/site-packages/actuator-0.0.0-py3.10.egg-info
[2.993s] running install_scripts
[3.078s] Installing clamp script to /root/ros_ws/install/actuator/lib/actuator
[3.079s] Installing wheel script to /root/ros_ws/install/actuator/lib/actuator
[3.079s] writing list of installed files to '/root/ros_ws/build/actuator/install.log'
[3.207s] Invoked command in '/root/ros_ws/src/actuator' returned '0': PYTHONPATH=/root/ros_ws/build/actuator/prefix_override:/usr/lib/python3/dist-packages/colcon_core/task/python/colcon_distutils_commands:/root/ros_ws/install/actuator/lib/python3.10/site-packages:${PYTHONPATH} _=/usr/bin/env /usr/bin/python3 -W ignore:setup.py install is deprecated -W ignore:easy_install command is deprecated setup.py egg_info --egg-base ../../build/actuator build --build-base /root/ros_ws/build/actuator/build install --record /root/ros_ws/build/actuator/install.log --single-version-externally-managed install_data
