[0.273s] DEBUG:colcon:Command line arguments: ['/usr/bin/colcon', 'build', '--symlink-install']
[0.273s] DEBUG:colcon:Parsed command line arguments: Namespace(log_base=None, log_level=None, verb_name='build', build_base='build', install_base='install', merge_install=False, symlink_install=True, test_result_base=None, continue_on_error=False, executor='parallel', parallel_workers=3, event_handlers=None, ignore_user_meta=False, metas=['./colcon.meta'], base_paths=['.'], packages_ignore=None, packages_ignore_regex=None, paths=None, packages_up_to=None, packages_up_to_regex=None, packages_above=None, packages_above_and_dependencies=None, packages_above_depth=None, packages_select_by_dep=None, packages_skip_by_dep=None, packages_skip_up_to=None, packages_select_build_failed=False, packages_skip_build_finished=False, packages_select_test_failures=False, packages_skip_test_passed=False, packages_select=None, packages_skip=None, packages_select_regex=None, packages_skip_regex=None, packages_start=None, packages_end=None, allow_overriding=[], cmake_args=None, cmake_target=None, cmake_target_skip_unavailable=False, cmake_clean_cache=False, cmake_clean_first=False, cmake_force_configure=False, ament_cmake_args=None, catkin_cmake_args=None, catkin_skip_building_tests=False, verb_parser=<colcon_defaults.argument_parser.defaults.DefaultArgumentsDecorator object at 0xe7fffa9da5c0>, verb_extension=<colcon_core.verb.build.BuildVerb object at 0xe7fffab67a00>, main=<bound method BuildVerb.main of <colcon_core.verb.build.BuildVerb object at 0xe7fffab67a00>>)
[0.669s] Level 1:colcon.colcon_core.package_discovery:discover_packages(colcon_meta) check parameters
[0.670s] Level 1:colcon.colcon_core.package_discovery:discover_packages(recursive) check parameters
[0.670s] Level 1:colcon.colcon_core.package_discovery:discover_packages(ignore) check parameters
[0.670s] Level 1:colcon.colcon_core.package_discovery:discover_packages(path) check parameters
[0.670s] Level 1:colcon.colcon_core.package_discovery:discover_packages(colcon_meta) discover
[0.670s] Level 1:colcon.colcon_core.package_discovery:discover_packages(recursive) discover
[0.670s] INFO:colcon.colcon_core.package_discovery:Crawling recursively for packages in '/root/ros_ws'
[0.670s] Level 1:colcon.colcon_core.package_identification:_identify(.) by extensions ['ignore', 'ignore_ament_install']
[0.671s] Level 1:colcon.colcon_core.package_identification:_identify(.) by extension 'ignore'
[0.671s] Level 1:colcon.colcon_core.package_identification:_identify(.) by extension 'ignore_ament_install'
[0.671s] Level 1:colcon.colcon_core.package_identification:_identify(.) by extensions ['colcon_pkg']
[0.671s] Level 1:colcon.colcon_core.package_identification:_identify(.) by extension 'colcon_pkg'
[0.671s] Level 1:colcon.colcon_core.package_identification:_identify(.) by extensions ['colcon_meta']
[0.671s] Level 1:colcon.colcon_core.package_identification:_identify(.) by extension 'colcon_meta'
[0.672s] Level 1:colcon.colcon_core.package_identification:_identify(.) by extensions ['ros']
[0.672s] Level 1:colcon.colcon_core.package_identification:_identify(.) by extension 'ros'
[0.734s] Level 1:colcon.colcon_core.package_identification:_identify(.) by extensions ['cmake', 'python']
[0.734s] Level 1:colcon.colcon_core.package_identification:_identify(.) by extension 'cmake'
[0.734s] Level 1:colcon.colcon_core.package_identification:_identify(.) by extension 'python'
[0.734s] Level 1:colcon.colcon_core.package_identification:_identify(.) by extensions ['python_setup_py']
[0.734s] Level 1:colcon.colcon_core.package_identification:_identify(.) by extension 'python_setup_py'
[0.735s] Level 1:colcon.colcon_core.package_identification:_identify(build) by extensions ['ignore', 'ignore_ament_install']
[0.735s] Level 1:colcon.colcon_core.package_identification:_identify(build) by extension 'ignore'
[0.735s] Level 1:colcon.colcon_core.package_identification:_identify(build) ignored
[0.735s] Level 1:colcon.colcon_core.package_identification:_identify(install) by extensions ['ignore', 'ignore_ament_install']
[0.736s] Level 1:colcon.colcon_core.package_identification:_identify(install) by extension 'ignore'
[0.736s] Level 1:colcon.colcon_core.package_identification:_identify(install) ignored
[0.736s] Level 1:colcon.colcon_core.package_identification:_identify(log) by extensions ['ignore', 'ignore_ament_install']
[0.736s] Level 1:colcon.colcon_core.package_identification:_identify(log) by extension 'ignore'
[0.737s] Level 1:colcon.colcon_core.package_identification:_identify(log) ignored
[0.737s] Level 1:colcon.colcon_core.package_identification:_identify(src) by extensions ['ignore', 'ignore_ament_install']
[0.737s] Level 1:colcon.colcon_core.package_identification:_identify(src) by extension 'ignore'
[0.737s] Level 1:colcon.colcon_core.package_identification:_identify(src) by extension 'ignore_ament_install'
[0.737s] Level 1:colcon.colcon_core.package_identification:_identify(src) by extensions ['colcon_pkg']
[0.737s] Level 1:colcon.colcon_core.package_identification:_identify(src) by extension 'colcon_pkg'
[0.737s] Level 1:colcon.colcon_core.package_identification:_identify(src) by extensions ['colcon_meta']
[0.738s] Level 1:colcon.colcon_core.package_identification:_identify(src) by extension 'colcon_meta'
[0.738s] Level 1:colcon.colcon_core.package_identification:_identify(src) by extensions ['ros']
[0.738s] Level 1:colcon.colcon_core.package_identification:_identify(src) by extension 'ros'
[0.738s] Level 1:colcon.colcon_core.package_identification:_identify(src) by extensions ['cmake', 'python']
[0.738s] Level 1:colcon.colcon_core.package_identification:_identify(src) by extension 'cmake'
[0.738s] Level 1:colcon.colcon_core.package_identification:_identify(src) by extension 'python'
[0.738s] Level 1:colcon.colcon_core.package_identification:_identify(src) by extensions ['python_setup_py']
[0.738s] Level 1:colcon.colcon_core.package_identification:_identify(src) by extension 'python_setup_py'
[0.739s] Level 1:colcon.colcon_core.package_identification:_identify(src/control_py) by extensions ['ignore', 'ignore_ament_install']
[0.739s] Level 1:colcon.colcon_core.package_identification:_identify(src/control_py) by extension 'ignore'
[0.739s] Level 1:colcon.colcon_core.package_identification:_identify(src/control_py) by extension 'ignore_ament_install'
[0.739s] Level 1:colcon.colcon_core.package_identification:_identify(src/control_py) by extensions ['colcon_pkg']
[0.739s] Level 1:colcon.colcon_core.package_identification:_identify(src/control_py) by extension 'colcon_pkg'
[0.739s] Level 1:colcon.colcon_core.package_identification:_identify(src/control_py) by extensions ['colcon_meta']
[0.740s] Level 1:colcon.colcon_core.package_identification:_identify(src/control_py) by extension 'colcon_meta'
[0.740s] Level 1:colcon.colcon_core.package_identification:_identify(src/control_py) by extensions ['ros']
[0.740s] Level 1:colcon.colcon_core.package_identification:_identify(src/control_py) by extension 'ros'
[0.750s] DEBUG:colcon.colcon_core.package_identification:Package 'src/control_py' with type 'ros.ament_python' and name 'control_py'
[0.750s] Level 1:colcon.colcon_core.package_identification:_identify(src/decision) by extensions ['ignore', 'ignore_ament_install']
[0.750s] Level 1:colcon.colcon_core.package_identification:_identify(src/decision) by extension 'ignore'
[0.751s] Level 1:colcon.colcon_core.package_identification:_identify(src/decision) by extension 'ignore_ament_install'
[0.751s] Level 1:colcon.colcon_core.package_identification:_identify(src/decision) by extensions ['colcon_pkg']
[0.751s] Level 1:colcon.colcon_core.package_identification:_identify(src/decision) by extension 'colcon_pkg'
[0.751s] Level 1:colcon.colcon_core.package_identification:_identify(src/decision) by extensions ['colcon_meta']
[0.751s] Level 1:colcon.colcon_core.package_identification:_identify(src/decision) by extension 'colcon_meta'
[0.751s] Level 1:colcon.colcon_core.package_identification:_identify(src/decision) by extensions ['ros']
[0.751s] Level 1:colcon.colcon_core.package_identification:_identify(src/decision) by extension 'ros'
[0.754s] DEBUG:colcon.colcon_core.package_identification:Package 'src/decision' with type 'ros.ament_python' and name 'decision'
[0.754s] Level 1:colcon.colcon_core.package_identification:_identify(src/hardware_interface_py) by extensions ['ignore', 'ignore_ament_install']
[0.754s] Level 1:colcon.colcon_core.package_identification:_identify(src/hardware_interface_py) by extension 'ignore'
[0.755s] Level 1:colcon.colcon_core.package_identification:_identify(src/hardware_interface_py) by extension 'ignore_ament_install'
[0.755s] Level 1:colcon.colcon_core.package_identification:_identify(src/hardware_interface_py) by extensions ['colcon_pkg']
[0.755s] Level 1:colcon.colcon_core.package_identification:_identify(src/hardware_interface_py) by extension 'colcon_pkg'
[0.755s] Level 1:colcon.colcon_core.package_identification:_identify(src/hardware_interface_py) by extensions ['colcon_meta']
[0.755s] Level 1:colcon.colcon_core.package_identification:_identify(src/hardware_interface_py) by extension 'colcon_meta'
[0.755s] Level 1:colcon.colcon_core.package_identification:_identify(src/hardware_interface_py) by extensions ['ros']
[0.755s] Level 1:colcon.colcon_core.package_identification:_identify(src/hardware_interface_py) by extension 'ros'
[0.758s] DEBUG:colcon.colcon_core.package_identification:Package 'src/hardware_interface_py' with type 'ros.ament_python' and name 'hardware_interface_py'
[0.759s] Level 1:colcon.colcon_core.package_discovery:discover_packages(recursive) using defaults
[0.759s] Level 1:colcon.colcon_core.package_discovery:discover_packages(ignore) discover
[0.759s] Level 1:colcon.colcon_core.package_discovery:discover_packages(ignore) using defaults
[0.759s] Level 1:colcon.colcon_core.package_discovery:discover_packages(path) discover
[0.759s] Level 1:colcon.colcon_core.package_discovery:discover_packages(path) using defaults
[0.852s] Level 1:colcon.colcon_core.package_discovery:discover_packages(prefix_path) check parameters
[0.852s] Level 1:colcon.colcon_core.package_discovery:discover_packages(prefix_path) discover
[0.857s] DEBUG:colcon.colcon_installed_package_information.package_discovery:Found 7 installed packages in /root/ros_ws/install
[0.860s] DEBUG:colcon.colcon_installed_package_information.package_discovery:Found 272 installed packages in /opt/ros/humble
[0.863s] Level 1:colcon.colcon_core.package_discovery:discover_packages(prefix_path) using defaults
[0.961s] Level 5:colcon.colcon_core.verb:set package 'control_py' build argument 'cmake_args' from command line to 'None'
[0.962s] Level 5:colcon.colcon_core.verb:set package 'control_py' build argument 'cmake_target' from command line to 'None'
[0.962s] Level 5:colcon.colcon_core.verb:set package 'control_py' build argument 'cmake_target_skip_unavailable' from command line to 'False'
[0.962s] Level 5:colcon.colcon_core.verb:set package 'control_py' build argument 'cmake_clean_cache' from command line to 'False'
[0.962s] Level 5:colcon.colcon_core.verb:set package 'control_py' build argument 'cmake_clean_first' from command line to 'False'
[0.962s] Level 5:colcon.colcon_core.verb:set package 'control_py' build argument 'cmake_force_configure' from command line to 'False'
[0.962s] Level 5:colcon.colcon_core.verb:set package 'control_py' build argument 'ament_cmake_args' from command line to 'None'
[0.962s] Level 5:colcon.colcon_core.verb:set package 'control_py' build argument 'catkin_cmake_args' from command line to 'None'
[0.962s] Level 5:colcon.colcon_core.verb:set package 'control_py' build argument 'catkin_skip_building_tests' from command line to 'False'
[0.962s] DEBUG:colcon.colcon_core.verb:Building package 'control_py' with the following arguments: {'ament_cmake_args': None, 'build_base': '/root/ros_ws/build/control_py', 'catkin_cmake_args': None, 'catkin_skip_building_tests': False, 'cmake_args': None, 'cmake_clean_cache': False, 'cmake_clean_first': False, 'cmake_force_configure': False, 'cmake_target': None, 'cmake_target_skip_unavailable': False, 'install_base': '/root/ros_ws/install/control_py', 'merge_install': False, 'path': '/root/ros_ws/src/control_py', 'symlink_install': True, 'test_result_base': None}
[0.963s] Level 5:colcon.colcon_core.verb:set package 'decision' build argument 'cmake_args' from command line to 'None'
[0.964s] Level 5:colcon.colcon_core.verb:set package 'decision' build argument 'cmake_target' from command line to 'None'
[0.964s] Level 5:colcon.colcon_core.verb:set package 'decision' build argument 'cmake_target_skip_unavailable' from command line to 'False'
[0.964s] Level 5:colcon.colcon_core.verb:set package 'decision' build argument 'cmake_clean_cache' from command line to 'False'
[0.964s] Level 5:colcon.colcon_core.verb:set package 'decision' build argument 'cmake_clean_first' from command line to 'False'
[0.964s] Level 5:colcon.colcon_core.verb:set package 'decision' build argument 'cmake_force_configure' from command line to 'False'
[0.964s] Level 5:colcon.colcon_core.verb:set package 'decision' build argument 'ament_cmake_args' from command line to 'None'
[0.964s] Level 5:colcon.colcon_core.verb:set package 'decision' build argument 'catkin_cmake_args' from command line to 'None'
[0.964s] Level 5:colcon.colcon_core.verb:set package 'decision' build argument 'catkin_skip_building_tests' from command line to 'False'
[0.964s] DEBUG:colcon.colcon_core.verb:Building package 'decision' with the following arguments: {'ament_cmake_args': None, 'build_base': '/root/ros_ws/build/decision', 'catkin_cmake_args': None, 'catkin_skip_building_tests': False, 'cmake_args': None, 'cmake_clean_cache': False, 'cmake_clean_first': False, 'cmake_force_configure': False, 'cmake_target': None, 'cmake_target_skip_unavailable': False, 'install_base': '/root/ros_ws/install/decision', 'merge_install': False, 'path': '/root/ros_ws/src/decision', 'symlink_install': True, 'test_result_base': None}
[0.965s] Level 5:colcon.colcon_core.verb:set package 'hardware_interface_py' build argument 'cmake_args' from command line to 'None'
[0.965s] Level 5:colcon.colcon_core.verb:set package 'hardware_interface_py' build argument 'cmake_target' from command line to 'None'
[0.965s] Level 5:colcon.colcon_core.verb:set package 'hardware_interface_py' build argument 'cmake_target_skip_unavailable' from command line to 'False'
[0.965s] Level 5:colcon.colcon_core.verb:set package 'hardware_interface_py' build argument 'cmake_clean_cache' from command line to 'False'
[0.965s] Level 5:colcon.colcon_core.verb:set package 'hardware_interface_py' build argument 'cmake_clean_first' from command line to 'False'
[0.965s] Level 5:colcon.colcon_core.verb:set package 'hardware_interface_py' build argument 'cmake_force_configure' from command line to 'False'
[0.965s] Level 5:colcon.colcon_core.verb:set package 'hardware_interface_py' build argument 'ament_cmake_args' from command line to 'None'
[0.966s] Level 5:colcon.colcon_core.verb:set package 'hardware_interface_py' build argument 'catkin_cmake_args' from command line to 'None'
[0.966s] Level 5:colcon.colcon_core.verb:set package 'hardware_interface_py' build argument 'catkin_skip_building_tests' from command line to 'False'
[0.966s] DEBUG:colcon.colcon_core.verb:Building package 'hardware_interface_py' with the following arguments: {'ament_cmake_args': None, 'build_base': '/root/ros_ws/build/hardware_interface_py', 'catkin_cmake_args': None, 'catkin_skip_building_tests': False, 'cmake_args': None, 'cmake_clean_cache': False, 'cmake_clean_first': False, 'cmake_force_configure': False, 'cmake_target': None, 'cmake_target_skip_unavailable': False, 'install_base': '/root/ros_ws/install/hardware_interface_py', 'merge_install': False, 'path': '/root/ros_ws/src/hardware_interface_py', 'symlink_install': True, 'test_result_base': None}
[0.966s] INFO:colcon.colcon_core.executor:Executing jobs using 'parallel' executor
[0.969s] DEBUG:colcon.colcon_parallel_executor.executor.parallel:run_until_complete
[0.969s] INFO:colcon.colcon_ros.task.ament_python.build:Building ROS package in '/root/ros_ws/src/control_py' with build type 'ament_python'
[0.970s] Level 1:colcon.colcon_core.shell:create_environment_hook('control_py', 'ament_prefix_path')
[0.974s] INFO:colcon.colcon_core.plugin_system:Skipping extension 'colcon_core.shell.bat': Not used on non-Windows systems
[0.975s] INFO:colcon.colcon_core.shell:Creating environment hook '/root/ros_ws/install/control_py/share/control_py/hook/ament_prefix_path.ps1'
[0.977s] INFO:colcon.colcon_core.shell:Creating environment descriptor '/root/ros_ws/install/control_py/share/control_py/hook/ament_prefix_path.dsv'
[0.978s] INFO:colcon.colcon_core.shell:Creating environment hook '/root/ros_ws/install/control_py/share/control_py/hook/ament_prefix_path.sh'
[0.980s] INFO:colcon.colcon_core.shell:Skip shell extension 'powershell' for command environment: Not usable outside of PowerShell
[0.981s] DEBUG:colcon.colcon_core.shell:Skip shell extension 'dsv' for command environment
[0.988s] INFO:colcon.colcon_ros.task.ament_python.build:Building ROS package in '/root/ros_ws/src/decision' with build type 'ament_python'
[0.988s] Level 1:colcon.colcon_core.shell:create_environment_hook('decision', 'ament_prefix_path')
[0.989s] INFO:colcon.colcon_core.shell:Creating environment hook '/root/ros_ws/install/decision/share/decision/hook/ament_prefix_path.ps1'
[0.990s] INFO:colcon.colcon_core.shell:Creating environment descriptor '/root/ros_ws/install/decision/share/decision/hook/ament_prefix_path.dsv'
[0.992s] INFO:colcon.colcon_core.shell:Creating environment hook '/root/ros_ws/install/decision/share/decision/hook/ament_prefix_path.sh'
[0.993s] INFO:colcon.colcon_core.shell:Skip shell extension 'powershell' for command environment: Not usable outside of PowerShell
[0.993s] DEBUG:colcon.colcon_core.shell:Skip shell extension 'dsv' for command environment
[1.001s] INFO:colcon.colcon_ros.task.ament_python.build:Building ROS package in '/root/ros_ws/src/hardware_interface_py' with build type 'ament_python'
[1.001s] Level 1:colcon.colcon_core.shell:create_environment_hook('hardware_interface_py', 'ament_prefix_path')
[1.002s] INFO:colcon.colcon_core.shell:Creating environment hook '/root/ros_ws/install/hardware_interface_py/share/hardware_interface_py/hook/ament_prefix_path.ps1'
[1.003s] INFO:colcon.colcon_core.shell:Creating environment descriptor '/root/ros_ws/install/hardware_interface_py/share/hardware_interface_py/hook/ament_prefix_path.dsv'
[1.004s] INFO:colcon.colcon_core.shell:Creating environment hook '/root/ros_ws/install/hardware_interface_py/share/hardware_interface_py/hook/ament_prefix_path.sh'
[1.006s] INFO:colcon.colcon_core.shell:Skip shell extension 'powershell' for command environment: Not usable outside of PowerShell
[1.006s] DEBUG:colcon.colcon_core.shell:Skip shell extension 'dsv' for command environment
[1.696s] INFO:colcon.colcon_core.task.python.build:Building Python package in '/root/ros_ws/src/control_py'
[1.697s] INFO:colcon.colcon_core.shell:Skip shell extension 'powershell' for command environment: Not usable outside of PowerShell
[1.697s] DEBUG:colcon.colcon_core.shell:Skip shell extension 'dsv' for command environment
[2.364s] INFO:colcon.colcon_core.task.python.build:Building Python package in '/root/ros_ws/src/decision'
[2.365s] INFO:colcon.colcon_core.shell:Skip shell extension 'powershell' for command environment: Not usable outside of PowerShell
[2.366s] DEBUG:colcon.colcon_core.shell:Skip shell extension 'dsv' for command environment
[3.056s] INFO:colcon.colcon_core.task.python.build:Building Python package in '/root/ros_ws/src/hardware_interface_py'
[3.057s] INFO:colcon.colcon_core.shell:Skip shell extension 'powershell' for command environment: Not usable outside of PowerShell
[3.057s] DEBUG:colcon.colcon_core.shell:Skip shell extension 'dsv' for command environment
[4.082s] DEBUG:colcon.colcon_core.event_handler.log_command:Invoking command in '/root/ros_ws/build/control_py': PYTHONPATH=/root/ros_ws/build/control_py/prefix_override:/usr/lib/python3/dist-packages/colcon_core/task/python/colcon_distutils_commands:/root/ros_ws/install/control_py/lib/python3.10/site-packages:${PYTHONPATH} _=/usr/bin/env /usr/bin/python3 -W ignore:setup.py install is deprecated -W ignore:easy_install command is deprecated setup.py develop --editable --build-directory /root/ros_ws/build/control_py/build --no-deps symlink_data
[4.099s] DEBUG:colcon.colcon_core.event_handler.log_command:Invoking command in '/root/ros_ws/build/decision': PYTHONPATH=/root/ros_ws/build/decision/prefix_override:/usr/lib/python3/dist-packages/colcon_core/task/python/colcon_distutils_commands:/root/ros_ws/install/decision/lib/python3.10/site-packages:${PYTHONPATH} _=/usr/bin/env /usr/bin/python3 -W ignore:setup.py install is deprecated -W ignore:easy_install command is deprecated setup.py develop --editable --build-directory /root/ros_ws/build/decision/build --no-deps symlink_data
[4.129s] DEBUG:colcon.colcon_core.event_handler.log_command:Invoking command in '/root/ros_ws/build/hardware_interface_py': PYTHONPATH=/root/ros_ws/build/hardware_interface_py/prefix_override:/usr/lib/python3/dist-packages/colcon_core/task/python/colcon_distutils_commands:/root/ros_ws/install/hardware_interface_py/lib/python3.10/site-packages:${PYTHONPATH} _=/usr/bin/env /usr/bin/python3 -W ignore:setup.py install is deprecated -W ignore:easy_install command is deprecated setup.py develop --editable --build-directory /root/ros_ws/build/hardware_interface_py/build --no-deps symlink_data
[5.341s] Level 1:colcon.colcon_core.shell:create_environment_hook('control_py', 'pythonpath_develop')
[5.342s] INFO:colcon.colcon_core.shell:Creating environment hook '/root/ros_ws/build/control_py/share/control_py/hook/pythonpath_develop.ps1'
[5.344s] DEBUG:colcon.colcon_core.event_handler.log_command:Invoked command in '/root/ros_ws/build/control_py' returned '0': PYTHONPATH=/root/ros_ws/build/control_py/prefix_override:/usr/lib/python3/dist-packages/colcon_core/task/python/colcon_distutils_commands:/root/ros_ws/install/control_py/lib/python3.10/site-packages:${PYTHONPATH} _=/usr/bin/env /usr/bin/python3 -W ignore:setup.py install is deprecated -W ignore:easy_install command is deprecated setup.py develop --editable --build-directory /root/ros_ws/build/control_py/build --no-deps symlink_data
[5.344s] INFO:colcon.colcon_core.shell:Creating environment descriptor '/root/ros_ws/build/control_py/share/control_py/hook/pythonpath_develop.dsv'
[5.345s] INFO:colcon.colcon_core.shell:Creating environment hook '/root/ros_ws/build/control_py/share/control_py/hook/pythonpath_develop.sh'
[5.353s] Level 1:colcon.colcon_core.environment:checking '/root/ros_ws/install/control_py' for CMake module files
[5.354s] Level 1:colcon.colcon_core.environment:checking '/root/ros_ws/install/control_py' for CMake config files
[5.355s] Level 1:colcon.colcon_core.environment:checking '/root/ros_ws/install/control_py/lib'
[5.356s] Level 1:colcon.colcon_core.environment:checking '/root/ros_ws/install/control_py/bin'
[5.356s] Level 1:colcon.colcon_core.environment:checking '/root/ros_ws/install/control_py/lib/pkgconfig/control_py.pc'
[5.357s] Level 1:colcon.colcon_core.environment:checking '/root/ros_ws/install/control_py/lib/python3.10/site-packages'
[5.357s] Level 1:colcon.colcon_core.shell:create_environment_hook('control_py', 'pythonpath')
[5.358s] INFO:colcon.colcon_core.shell:Creating environment hook '/root/ros_ws/install/control_py/share/control_py/hook/pythonpath.ps1'
[5.359s] INFO:colcon.colcon_core.shell:Creating environment descriptor '/root/ros_ws/install/control_py/share/control_py/hook/pythonpath.dsv'
[5.360s] INFO:colcon.colcon_core.shell:Creating environment hook '/root/ros_ws/install/control_py/share/control_py/hook/pythonpath.sh'
[5.362s] Level 1:colcon.colcon_core.environment:checking '/root/ros_ws/install/control_py/bin'
[5.362s] Level 1:colcon.colcon_core.environment:create_environment_scripts_only(control_py)
[5.364s] INFO:colcon.colcon_core.shell:Creating package script '/root/ros_ws/install/control_py/share/control_py/package.ps1'
[5.367s] INFO:colcon.colcon_core.shell:Creating package descriptor '/root/ros_ws/install/control_py/share/control_py/package.dsv'
[5.369s] INFO:colcon.colcon_core.shell:Creating package script '/root/ros_ws/install/control_py/share/control_py/package.sh'
[5.371s] INFO:colcon.colcon_core.shell:Creating package script '/root/ros_ws/install/control_py/share/control_py/package.bash'
[5.373s] INFO:colcon.colcon_core.shell:Creating package script '/root/ros_ws/install/control_py/share/control_py/package.zsh'
[5.375s] Level 1:colcon.colcon_core.environment:create_file_with_runtime_dependencies(/root/ros_ws/install/control_py/share/colcon-core/packages/control_py)
[5.448s] Level 1:colcon.colcon_core.shell:create_environment_hook('decision', 'pythonpath_develop')
[5.450s] INFO:colcon.colcon_core.shell:Creating environment hook '/root/ros_ws/build/decision/share/decision/hook/pythonpath_develop.ps1'
[5.450s] DEBUG:colcon.colcon_core.event_handler.log_command:Invoked command in '/root/ros_ws/build/decision' returned '0': PYTHONPATH=/root/ros_ws/build/decision/prefix_override:/usr/lib/python3/dist-packages/colcon_core/task/python/colcon_distutils_commands:/root/ros_ws/install/decision/lib/python3.10/site-packages:${PYTHONPATH} _=/usr/bin/env /usr/bin/python3 -W ignore:setup.py install is deprecated -W ignore:easy_install command is deprecated setup.py develop --editable --build-directory /root/ros_ws/build/decision/build --no-deps symlink_data
[5.452s] INFO:colcon.colcon_core.shell:Creating environment descriptor '/root/ros_ws/build/decision/share/decision/hook/pythonpath_develop.dsv'
[5.453s] INFO:colcon.colcon_core.shell:Creating environment hook '/root/ros_ws/build/decision/share/decision/hook/pythonpath_develop.sh'
[5.454s] Level 1:colcon.colcon_core.environment:checking '/root/ros_ws/install/decision' for CMake module files
[5.455s] Level 1:colcon.colcon_core.environment:checking '/root/ros_ws/install/decision' for CMake config files
[5.456s] Level 1:colcon.colcon_core.environment:checking '/root/ros_ws/install/decision/lib'
[5.456s] Level 1:colcon.colcon_core.environment:checking '/root/ros_ws/install/decision/bin'
[5.457s] Level 1:colcon.colcon_core.environment:checking '/root/ros_ws/install/decision/lib/pkgconfig/decision.pc'
[5.457s] Level 1:colcon.colcon_core.environment:checking '/root/ros_ws/install/decision/lib/python3.10/site-packages'
[5.458s] Level 1:colcon.colcon_core.shell:create_environment_hook('decision', 'pythonpath')
[5.458s] INFO:colcon.colcon_core.shell:Creating environment hook '/root/ros_ws/install/decision/share/decision/hook/pythonpath.ps1'
[5.460s] INFO:colcon.colcon_core.shell:Creating environment descriptor '/root/ros_ws/install/decision/share/decision/hook/pythonpath.dsv'
[5.461s] INFO:colcon.colcon_core.shell:Creating environment hook '/root/ros_ws/install/decision/share/decision/hook/pythonpath.sh'
[5.462s] Level 1:colcon.colcon_core.environment:checking '/root/ros_ws/install/decision/bin'
[5.462s] Level 1:colcon.colcon_core.environment:create_environment_scripts_only(decision)
[5.463s] INFO:colcon.colcon_core.shell:Creating package script '/root/ros_ws/install/decision/share/decision/package.ps1'
[5.465s] INFO:colcon.colcon_core.shell:Creating package descriptor '/root/ros_ws/install/decision/share/decision/package.dsv'
[5.466s] INFO:colcon.colcon_core.shell:Creating package script '/root/ros_ws/install/decision/share/decision/package.sh'
[5.468s] INFO:colcon.colcon_core.shell:Creating package script '/root/ros_ws/install/decision/share/decision/package.bash'
[5.469s] INFO:colcon.colcon_core.shell:Creating package script '/root/ros_ws/install/decision/share/decision/package.zsh'
[5.470s] Level 1:colcon.colcon_core.environment:create_file_with_runtime_dependencies(/root/ros_ws/install/decision/share/colcon-core/packages/decision)
[5.541s] Level 1:colcon.colcon_core.shell:create_environment_hook('hardware_interface_py', 'pythonpath_develop')
[5.542s] INFO:colcon.colcon_core.shell:Creating environment hook '/root/ros_ws/build/hardware_interface_py/share/hardware_interface_py/hook/pythonpath_develop.ps1'
[5.543s] DEBUG:colcon.colcon_core.event_handler.log_command:Invoked command in '/root/ros_ws/build/hardware_interface_py' returned '0': PYTHONPATH=/root/ros_ws/build/hardware_interface_py/prefix_override:/usr/lib/python3/dist-packages/colcon_core/task/python/colcon_distutils_commands:/root/ros_ws/install/hardware_interface_py/lib/python3.10/site-packages:${PYTHONPATH} _=/usr/bin/env /usr/bin/python3 -W ignore:setup.py install is deprecated -W ignore:easy_install command is deprecated setup.py develop --editable --build-directory /root/ros_ws/build/hardware_interface_py/build --no-deps symlink_data
[5.544s] INFO:colcon.colcon_core.shell:Creating environment descriptor '/root/ros_ws/build/hardware_interface_py/share/hardware_interface_py/hook/pythonpath_develop.dsv'
[5.545s] INFO:colcon.colcon_core.shell:Creating environment hook '/root/ros_ws/build/hardware_interface_py/share/hardware_interface_py/hook/pythonpath_develop.sh'
[5.547s] Level 1:colcon.colcon_core.environment:checking '/root/ros_ws/install/hardware_interface_py' for CMake module files
[5.548s] Level 1:colcon.colcon_core.environment:checking '/root/ros_ws/install/hardware_interface_py' for CMake config files
[5.549s] Level 1:colcon.colcon_core.environment:checking '/root/ros_ws/install/hardware_interface_py/lib'
[5.549s] Level 1:colcon.colcon_core.environment:checking '/root/ros_ws/install/hardware_interface_py/bin'
[5.549s] Level 1:colcon.colcon_core.environment:checking '/root/ros_ws/install/hardware_interface_py/lib/pkgconfig/hardware_interface_py.pc'
[5.550s] Level 1:colcon.colcon_core.environment:checking '/root/ros_ws/install/hardware_interface_py/lib/python3.10/site-packages'
[5.550s] Level 1:colcon.colcon_core.shell:create_environment_hook('hardware_interface_py', 'pythonpath')
[5.550s] INFO:colcon.colcon_core.shell:Creating environment hook '/root/ros_ws/install/hardware_interface_py/share/hardware_interface_py/hook/pythonpath.ps1'
[5.552s] INFO:colcon.colcon_core.shell:Creating environment descriptor '/root/ros_ws/install/hardware_interface_py/share/hardware_interface_py/hook/pythonpath.dsv'
[5.553s] INFO:colcon.colcon_core.shell:Creating environment hook '/root/ros_ws/install/hardware_interface_py/share/hardware_interface_py/hook/pythonpath.sh'
[5.554s] Level 1:colcon.colcon_core.environment:checking '/root/ros_ws/install/hardware_interface_py/bin'
[5.555s] Level 1:colcon.colcon_core.environment:create_environment_scripts_only(hardware_interface_py)
[5.556s] INFO:colcon.colcon_core.shell:Creating package script '/root/ros_ws/install/hardware_interface_py/share/hardware_interface_py/package.ps1'
[5.557s] INFO:colcon.colcon_core.shell:Creating package descriptor '/root/ros_ws/install/hardware_interface_py/share/hardware_interface_py/package.dsv'
[5.558s] INFO:colcon.colcon_core.shell:Creating package script '/root/ros_ws/install/hardware_interface_py/share/hardware_interface_py/package.sh'
[5.560s] INFO:colcon.colcon_core.shell:Creating package script '/root/ros_ws/install/hardware_interface_py/share/hardware_interface_py/package.bash'
[5.561s] INFO:colcon.colcon_core.shell:Creating package script '/root/ros_ws/install/hardware_interface_py/share/hardware_interface_py/package.zsh'
[5.561s] Level 1:colcon.colcon_core.environment:create_file_with_runtime_dependencies(/root/ros_ws/install/hardware_interface_py/share/colcon-core/packages/hardware_interface_py)
[5.562s] DEBUG:colcon.colcon_parallel_executor.executor.parallel:closing loop
[5.563s] DEBUG:colcon.colcon_parallel_executor.executor.parallel:loop closed
[5.563s] DEBUG:colcon.colcon_parallel_executor.executor.parallel:run_until_complete finished with '0'
[5.563s] DEBUG:colcon.colcon_core.event_reactor:joining thread
[5.577s] INFO:colcon.colcon_core.plugin_system:Skipping extension 'colcon_notification.desktop_notification.terminal_notifier': Not used on non-Darwin systems
[5.577s] INFO:colcon.colcon_core.plugin_system:Skipping extension 'colcon_notification.desktop_notification.win32': Not used on non-Windows systems
[5.577s] INFO:colcon.colcon_notification.desktop_notification:Sending desktop notification using 'notify2'
[5.586s] DEBUG:colcon.colcon_core.event_reactor:joined thread
[5.587s] INFO:colcon.colcon_core.shell:Creating prefix script '/root/ros_ws/install/local_setup.ps1'
[5.590s] INFO:colcon.colcon_core.shell:Creating prefix util module '/root/ros_ws/install/_local_setup_util_ps1.py'
[5.594s] INFO:colcon.colcon_core.shell:Creating prefix chain script '/root/ros_ws/install/setup.ps1'
[5.597s] INFO:colcon.colcon_core.shell:Creating prefix script '/root/ros_ws/install/local_setup.sh'
[5.599s] INFO:colcon.colcon_core.shell:Creating prefix util module '/root/ros_ws/install/_local_setup_util_sh.py'
[5.601s] INFO:colcon.colcon_core.shell:Creating prefix chain script '/root/ros_ws/install/setup.sh'
[5.604s] INFO:colcon.colcon_core.shell:Creating prefix script '/root/ros_ws/install/local_setup.bash'
[5.606s] INFO:colcon.colcon_core.shell:Creating prefix chain script '/root/ros_ws/install/setup.bash'
[5.609s] INFO:colcon.colcon_core.shell:Creating prefix script '/root/ros_ws/install/local_setup.zsh'
[5.610s] INFO:colcon.colcon_core.shell:Creating prefix chain script '/root/ros_ws/install/setup.zsh'
