[3.027s] Invoking command in '/root/ros_ws/build/control_py': PYTHONPATH=/root/ros_ws/build/control_py/prefix_override:/usr/lib/python3/dist-packages/colcon_core/task/python/colcon_distutils_commands:/root/ros_ws/install/control_py/lib/python3.10/site-packages:${PYTHONPATH} _=/usr/bin/env /usr/bin/python3 -W ignore:setup.py install is deprecated -W ignore:easy_install command is deprecated setup.py develop --editable --build-directory /root/ros_ws/build/control_py/build --no-deps symlink_data --force
[3.726s] running develop
[4.184s] running egg_info
[4.185s] writing control_py.egg-info/PKG-INFO
[4.186s] writing dependency_links to control_py.egg-info/dependency_links.txt
[4.187s] writing entry points to control_py.egg-info/entry_points.txt
[4.188s] writing requirements to control_py.egg-info/requires.txt
[4.189s] writing top-level names to control_py.egg-info/top_level.txt
[4.195s] reading manifest file 'control_py.egg-info/SOURCES.txt'
[4.197s] writing manifest file 'control_py.egg-info/SOURCES.txt'
[4.201s] running build_ext
[4.202s] Creating /root/ros_ws/install/control_py/lib/python3.10/site-packages/control-py.egg-link (link to .)
[4.205s] Installing combat script to /root/ros_ws/install/control_py/lib/control_py
[4.207s] Installing track_line script to /root/ros_ws/install/control_py/lib/control_py
[4.208s] 
[4.208s] Installed /root/ros_ws/build/control_py
[4.208s] running symlink_data
[4.210s] symbolically linking /root/ros_ws/build/control_py/resource/control_py -> /root/ros_ws/install/control_py/share/ament_index/resource_index/packages
[4.211s] symbolically linking /root/ros_ws/build/control_py/package.xml -> /root/ros_ws/install/control_py/share/control_py
[4.212s] symbolically linking /root/ros_ws/build/control_py/config/color_lim_lab.yaml -> /root/ros_ws/install/control_py/share/control_py/config
[4.212s] symbolically linking /root/ros_ws/build/control_py/launch/track_line_launch.yaml -> /root/ros_ws/install/control_py/share/control_py/launch
[4.372s] Invoked command in '/root/ros_ws/build/control_py' returned '0': PYTHONPATH=/root/ros_ws/build/control_py/prefix_override:/usr/lib/python3/dist-packages/colcon_core/task/python/colcon_distutils_commands:/root/ros_ws/install/control_py/lib/python3.10/site-packages:${PYTHONPATH} _=/usr/bin/env /usr/bin/python3 -W ignore:setup.py install is deprecated -W ignore:easy_install command is deprecated setup.py develop --editable --build-directory /root/ros_ws/build/control_py/build --no-deps symlink_data --force
