[2.977s] Invoking command in '/root/ros_ws/build/decision': PYTHONPATH=/root/ros_ws/build/decision/prefix_override:/usr/lib/python3/dist-packages/colcon_core/task/python/colcon_distutils_commands:/root/ros_ws/install/decision/lib/python3.10/site-packages:${PYTHONPATH} _=/usr/bin/env /usr/bin/python3 -W ignore:setup.py install is deprecated -W ignore:easy_install command is deprecated setup.py develop --editable --build-directory /root/ros_ws/build/decision/build --no-deps symlink_data
[3.653s] running develop
[4.058s] running egg_info
[4.058s] writing decision.egg-info/PKG-INFO
[4.059s] writing dependency_links to decision.egg-info/dependency_links.txt
[4.059s] writing entry points to decision.egg-info/entry_points.txt
[4.060s] writing requirements to decision.egg-info/requires.txt
[4.060s] writing top-level names to decision.egg-info/top_level.txt
[4.065s] reading manifest file 'decision.egg-info/SOURCES.txt'
[4.067s] writing manifest file 'decision.egg-info/SOURCES.txt'
[4.071s] running build_ext
[4.072s] Creating /root/ros_ws/install/decision/lib/python3.10/site-packages/decision.egg-link (link to .)
[4.074s] Installing arm_grab_open_loop script to /root/ros_ws/install/decision/lib/decision
[4.075s] Installing aruco_detect script to /root/ros_ws/install/decision/lib/decision
[4.075s] Installing color_detect script to /root/ros_ws/install/decision/lib/decision
[4.075s] Installing sonar_park script to /root/ros_ws/install/decision/lib/decision
[4.076s] Installing track_line script to /root/ros_ws/install/decision/lib/decision
[4.076s] 
[4.076s] Installed /root/ros_ws/build/decision
[4.076s] running symlink_data
[4.225s] Invoked command in '/root/ros_ws/build/decision' returned '0': PYTHONPATH=/root/ros_ws/build/decision/prefix_override:/usr/lib/python3/dist-packages/colcon_core/task/python/colcon_distutils_commands:/root/ros_ws/install/decision/lib/python3.10/site-packages:${PYTHONPATH} _=/usr/bin/env /usr/bin/python3 -W ignore:setup.py install is deprecated -W ignore:easy_install command is deprecated setup.py develop --editable --build-directory /root/ros_ws/build/decision/build --no-deps symlink_data
