running develop
running egg_info
creating hardware_interface_py.egg-info
writing hardware_interface_py.egg-info/PKG-INFO
writing dependency_links to hardware_interface_py.egg-info/dependency_links.txt
writing entry points to hardware_interface_py.egg-info/entry_points.txt
writing requirements to hardware_interface_py.egg-info/requires.txt
writing top-level names to hardware_interface_py.egg-info/top_level.txt
writing manifest file 'hardware_interface_py.egg-info/SOURCES.txt'
reading manifest file 'hardware_interface_py.egg-info/SOURCES.txt'
writing manifest file 'hardware_interface_py.egg-info/SOURCES.txt'
running build_ext
Creating /root/ros_ws/install/hardware_interface_py/lib/python3.10/site-packages/hardware-interface-py.egg-link (link to .)
Installing i2c script to /root/ros_ws/install/hardware_interface_py/lib/hardware_interface_py
Installing usb_camera script to /root/ros_ws/install/hardware_interface_py/lib/hardware_interface_py

Installed /root/ros_ws/build/hardware_interface_py
running symlink_data
creating /root/ros_ws/install/hardware_interface_py/share/ament_index
creating /root/ros_ws/install/hardware_interface_py/share/ament_index/resource_index
creating /root/ros_ws/install/hardware_interface_py/share/ament_index/resource_index/packages
symbolically linking /root/ros_ws/build/hardware_interface_py/resource/hardware_interface_py -> /root/ros_ws/install/hardware_interface_py/share/ament_index/resource_index/packages
symbolically linking /root/ros_ws/build/hardware_interface_py/package.xml -> /root/ros_ws/install/hardware_interface_py/share/hardware_interface_py
