[0.257s] DEBUG:colcon:Command line arguments: ['/usr/bin/colcon', 'build', '--packages-select', 'my_interfaces']
[0.257s] DEBUG:colcon:Parsed command line arguments: Namespace(log_base=None, log_level=None, verb_name='build', build_base='build', install_base='install', merge_install=False, symlink_install=False, test_result_base=None, continue_on_error=False, executor='parallel', parallel_workers=3, event_handlers=None, ignore_user_meta=False, metas=['./colcon.meta'], base_paths=['.'], packages_ignore=None, packages_ignore_regex=None, paths=None, packages_up_to=None, packages_up_to_regex=None, packages_above=None, packages_above_and_dependencies=None, packages_above_depth=None, packages_select_by_dep=None, packages_skip_by_dep=None, packages_skip_up_to=None, packages_select_build_failed=False, packages_skip_build_finished=False, packages_select_test_failures=False, packages_skip_test_passed=False, packages_select=['my_interfaces'], packages_skip=None, packages_select_regex=None, packages_skip_regex=None, packages_start=None, packages_end=None, allow_overriding=[], cmake_args=None, cmake_target=None, cmake_target_skip_unavailable=False, cmake_clean_cache=False, cmake_clean_first=False, cmake_force_configure=False, ament_cmake_args=None, catkin_cmake_args=None, catkin_skip_building_tests=False, verb_parser=<colcon_defaults.argument_parser.defaults.DefaultArgumentsDecorator object at 0xe7ffcd8e0280>, verb_extension=<colcon_core.verb.build.BuildVerb object at 0xe7ffcda91630>, main=<bound method BuildVerb.main of <colcon_core.verb.build.BuildVerb object at 0xe7ffcda91630>>)
[0.641s] Level 1:colcon.colcon_core.package_discovery:discover_packages(colcon_meta) check parameters
[0.642s] Level 1:colcon.colcon_core.package_discovery:discover_packages(recursive) check parameters
[0.642s] Level 1:colcon.colcon_core.package_discovery:discover_packages(ignore) check parameters
[0.642s] Level 1:colcon.colcon_core.package_discovery:discover_packages(path) check parameters
[0.642s] Level 1:colcon.colcon_core.package_discovery:discover_packages(colcon_meta) discover
[0.642s] Level 1:colcon.colcon_core.package_discovery:discover_packages(recursive) discover
[0.642s] INFO:colcon.colcon_core.package_discovery:Crawling recursively for packages in '/root/ros_ws'
[0.643s] Level 1:colcon.colcon_core.package_identification:_identify(.) by extensions ['ignore', 'ignore_ament_install']
[0.643s] Level 1:colcon.colcon_core.package_identification:_identify(.) by extension 'ignore'
[0.643s] Level 1:colcon.colcon_core.package_identification:_identify(.) by extension 'ignore_ament_install'
[0.643s] Level 1:colcon.colcon_core.package_identification:_identify(.) by extensions ['colcon_pkg']
[0.643s] Level 1:colcon.colcon_core.package_identification:_identify(.) by extension 'colcon_pkg'
[0.643s] Level 1:colcon.colcon_core.package_identification:_identify(.) by extensions ['colcon_meta']
[0.643s] Level 1:colcon.colcon_core.package_identification:_identify(.) by extension 'colcon_meta'
[0.644s] Level 1:colcon.colcon_core.package_identification:_identify(.) by extensions ['ros']
[0.644s] Level 1:colcon.colcon_core.package_identification:_identify(.) by extension 'ros'
[0.706s] Level 1:colcon.colcon_core.package_identification:_identify(.) by extensions ['cmake', 'python']
[0.706s] Level 1:colcon.colcon_core.package_identification:_identify(.) by extension 'cmake'
[0.706s] Level 1:colcon.colcon_core.package_identification:_identify(.) by extension 'python'
[0.706s] Level 1:colcon.colcon_core.package_identification:_identify(.) by extensions ['python_setup_py']
[0.706s] Level 1:colcon.colcon_core.package_identification:_identify(.) by extension 'python_setup_py'
[0.707s] Level 1:colcon.colcon_core.package_identification:_identify(build) by extensions ['ignore', 'ignore_ament_install']
[0.707s] Level 1:colcon.colcon_core.package_identification:_identify(build) by extension 'ignore'
[0.707s] Level 1:colcon.colcon_core.package_identification:_identify(build) ignored
[0.707s] Level 1:colcon.colcon_core.package_identification:_identify(hiwonder_sdk) by extensions ['ignore', 'ignore_ament_install']
[0.708s] Level 1:colcon.colcon_core.package_identification:_identify(hiwonder_sdk) by extension 'ignore'
[0.708s] Level 1:colcon.colcon_core.package_identification:_identify(hiwonder_sdk) by extension 'ignore_ament_install'
[0.708s] Level 1:colcon.colcon_core.package_identification:_identify(hiwonder_sdk) by extensions ['colcon_pkg']
[0.708s] Level 1:colcon.colcon_core.package_identification:_identify(hiwonder_sdk) by extension 'colcon_pkg'
[0.708s] Level 1:colcon.colcon_core.package_identification:_identify(hiwonder_sdk) by extensions ['colcon_meta']
[0.708s] Level 1:colcon.colcon_core.package_identification:_identify(hiwonder_sdk) by extension 'colcon_meta'
[0.708s] Level 1:colcon.colcon_core.package_identification:_identify(hiwonder_sdk) by extensions ['ros']
[0.708s] Level 1:colcon.colcon_core.package_identification:_identify(hiwonder_sdk) by extension 'ros'
[0.709s] Level 1:colcon.colcon_core.package_identification:_identify(hiwonder_sdk) by extensions ['cmake', 'python']
[0.709s] Level 1:colcon.colcon_core.package_identification:_identify(hiwonder_sdk) by extension 'cmake'
[0.709s] Level 1:colcon.colcon_core.package_identification:_identify(hiwonder_sdk) by extension 'python'
[0.709s] Level 1:colcon.colcon_core.package_identification:_identify(hiwonder_sdk) by extensions ['python_setup_py']
[0.709s] Level 1:colcon.colcon_core.package_identification:_identify(hiwonder_sdk) by extension 'python_setup_py'
[1.335s] DEBUG:colcon.colcon_core.package_identification:Package 'hiwonder_sdk' with type 'python' and name 'hiwonder_sdk'
[1.335s] Level 1:colcon.colcon_core.package_identification:_identify(install) by extensions ['ignore', 'ignore_ament_install']
[1.336s] Level 1:colcon.colcon_core.package_identification:_identify(install) by extension 'ignore'
[1.336s] Level 1:colcon.colcon_core.package_identification:_identify(install) ignored
[1.336s] Level 1:colcon.colcon_core.package_identification:_identify(launch) by extensions ['ignore', 'ignore_ament_install']
[1.336s] Level 1:colcon.colcon_core.package_identification:_identify(launch) by extension 'ignore'
[1.336s] Level 1:colcon.colcon_core.package_identification:_identify(launch) by extension 'ignore_ament_install'
[1.337s] Level 1:colcon.colcon_core.package_identification:_identify(launch) by extensions ['colcon_pkg']
[1.337s] Level 1:colcon.colcon_core.package_identification:_identify(launch) by extension 'colcon_pkg'
[1.337s] Level 1:colcon.colcon_core.package_identification:_identify(launch) by extensions ['colcon_meta']
[1.337s] Level 1:colcon.colcon_core.package_identification:_identify(launch) by extension 'colcon_meta'
[1.337s] Level 1:colcon.colcon_core.package_identification:_identify(launch) by extensions ['ros']
[1.337s] Level 1:colcon.colcon_core.package_identification:_identify(launch) by extension 'ros'
[1.337s] Level 1:colcon.colcon_core.package_identification:_identify(launch) by extensions ['cmake', 'python']
[1.337s] Level 1:colcon.colcon_core.package_identification:_identify(launch) by extension 'cmake'
[1.338s] Level 1:colcon.colcon_core.package_identification:_identify(launch) by extension 'python'
[1.338s] Level 1:colcon.colcon_core.package_identification:_identify(launch) by extensions ['python_setup_py']
[1.338s] Level 1:colcon.colcon_core.package_identification:_identify(launch) by extension 'python_setup_py'
[1.338s] Level 1:colcon.colcon_core.package_identification:_identify(launch/__pycache__) by extensions ['ignore', 'ignore_ament_install']
[1.338s] Level 1:colcon.colcon_core.package_identification:_identify(launch/__pycache__) by extension 'ignore'
[1.338s] Level 1:colcon.colcon_core.package_identification:_identify(launch/__pycache__) by extension 'ignore_ament_install'
[1.338s] Level 1:colcon.colcon_core.package_identification:_identify(launch/__pycache__) by extensions ['colcon_pkg']
[1.339s] Level 1:colcon.colcon_core.package_identification:_identify(launch/__pycache__) by extension 'colcon_pkg'
[1.339s] Level 1:colcon.colcon_core.package_identification:_identify(launch/__pycache__) by extensions ['colcon_meta']
[1.339s] Level 1:colcon.colcon_core.package_identification:_identify(launch/__pycache__) by extension 'colcon_meta'
[1.339s] Level 1:colcon.colcon_core.package_identification:_identify(launch/__pycache__) by extensions ['ros']
[1.339s] Level 1:colcon.colcon_core.package_identification:_identify(launch/__pycache__) by extension 'ros'
[1.339s] Level 1:colcon.colcon_core.package_identification:_identify(launch/__pycache__) by extensions ['cmake', 'python']
[1.339s] Level 1:colcon.colcon_core.package_identification:_identify(launch/__pycache__) by extension 'cmake'
[1.339s] Level 1:colcon.colcon_core.package_identification:_identify(launch/__pycache__) by extension 'python'
[1.340s] Level 1:colcon.colcon_core.package_identification:_identify(launch/__pycache__) by extensions ['python_setup_py']
[1.340s] Level 1:colcon.colcon_core.package_identification:_identify(launch/__pycache__) by extension 'python_setup_py'
[1.340s] Level 1:colcon.colcon_core.package_identification:_identify(log) by extensions ['ignore', 'ignore_ament_install']
[1.340s] Level 1:colcon.colcon_core.package_identification:_identify(log) by extension 'ignore'
[1.340s] Level 1:colcon.colcon_core.package_identification:_identify(log) ignored
[1.340s] Level 1:colcon.colcon_core.package_identification:_identify(src) by extensions ['ignore', 'ignore_ament_install']
[1.341s] Level 1:colcon.colcon_core.package_identification:_identify(src) by extension 'ignore'
[1.341s] Level 1:colcon.colcon_core.package_identification:_identify(src) by extension 'ignore_ament_install'
[1.341s] Level 1:colcon.colcon_core.package_identification:_identify(src) by extensions ['colcon_pkg']
[1.341s] Level 1:colcon.colcon_core.package_identification:_identify(src) by extension 'colcon_pkg'
[1.341s] Level 1:colcon.colcon_core.package_identification:_identify(src) by extensions ['colcon_meta']
[1.341s] Level 1:colcon.colcon_core.package_identification:_identify(src) by extension 'colcon_meta'
[1.341s] Level 1:colcon.colcon_core.package_identification:_identify(src) by extensions ['ros']
[1.341s] Level 1:colcon.colcon_core.package_identification:_identify(src) by extension 'ros'
[1.342s] Level 1:colcon.colcon_core.package_identification:_identify(src) by extensions ['cmake', 'python']
[1.342s] Level 1:colcon.colcon_core.package_identification:_identify(src) by extension 'cmake'
[1.342s] Level 1:colcon.colcon_core.package_identification:_identify(src) by extension 'python'
[1.342s] Level 1:colcon.colcon_core.package_identification:_identify(src) by extensions ['python_setup_py']
[1.342s] Level 1:colcon.colcon_core.package_identification:_identify(src) by extension 'python_setup_py'
[1.342s] Level 1:colcon.colcon_core.package_identification:_identify(src/actuator) by extensions ['ignore', 'ignore_ament_install']
[1.343s] Level 1:colcon.colcon_core.package_identification:_identify(src/actuator) by extension 'ignore'
[1.343s] Level 1:colcon.colcon_core.package_identification:_identify(src/actuator) by extension 'ignore_ament_install'
[1.343s] Level 1:colcon.colcon_core.package_identification:_identify(src/actuator) by extensions ['colcon_pkg']
[1.343s] Level 1:colcon.colcon_core.package_identification:_identify(src/actuator) by extension 'colcon_pkg'
[1.343s] Level 1:colcon.colcon_core.package_identification:_identify(src/actuator) by extensions ['colcon_meta']
[1.343s] Level 1:colcon.colcon_core.package_identification:_identify(src/actuator) by extension 'colcon_meta'
[1.343s] Level 1:colcon.colcon_core.package_identification:_identify(src/actuator) by extensions ['ros']
[1.343s] Level 1:colcon.colcon_core.package_identification:_identify(src/actuator) by extension 'ros'
[1.350s] DEBUG:colcon.colcon_core.package_identification:Package 'src/actuator' with type 'ros.ament_python' and name 'actuator'
[1.350s] Level 1:colcon.colcon_core.package_identification:_identify(src/decision) by extensions ['ignore', 'ignore_ament_install']
[1.351s] Level 1:colcon.colcon_core.package_identification:_identify(src/decision) by extension 'ignore'
[1.351s] Level 1:colcon.colcon_core.package_identification:_identify(src/decision) by extension 'ignore_ament_install'
[1.351s] Level 1:colcon.colcon_core.package_identification:_identify(src/decision) by extensions ['colcon_pkg']
[1.351s] Level 1:colcon.colcon_core.package_identification:_identify(src/decision) by extension 'colcon_pkg'
[1.351s] Level 1:colcon.colcon_core.package_identification:_identify(src/decision) by extensions ['colcon_meta']
[1.351s] Level 1:colcon.colcon_core.package_identification:_identify(src/decision) by extension 'colcon_meta'
[1.351s] Level 1:colcon.colcon_core.package_identification:_identify(src/decision) by extensions ['ros']
[1.352s] Level 1:colcon.colcon_core.package_identification:_identify(src/decision) by extension 'ros'
[1.354s] DEBUG:colcon.colcon_core.package_identification:Package 'src/decision' with type 'ros.ament_python' and name 'decision'
[1.354s] Level 1:colcon.colcon_core.package_identification:_identify(src/my_interfaces) by extensions ['ignore', 'ignore_ament_install']
[1.355s] Level 1:colcon.colcon_core.package_identification:_identify(src/my_interfaces) by extension 'ignore'
[1.355s] Level 1:colcon.colcon_core.package_identification:_identify(src/my_interfaces) by extension 'ignore_ament_install'
[1.355s] Level 1:colcon.colcon_core.package_identification:_identify(src/my_interfaces) by extensions ['colcon_pkg']
[1.355s] Level 1:colcon.colcon_core.package_identification:_identify(src/my_interfaces) by extension 'colcon_pkg'
[1.355s] Level 1:colcon.colcon_core.package_identification:_identify(src/my_interfaces) by extensions ['colcon_meta']
[1.355s] Level 1:colcon.colcon_core.package_identification:_identify(src/my_interfaces) by extension 'colcon_meta'
[1.355s] Level 1:colcon.colcon_core.package_identification:_identify(src/my_interfaces) by extensions ['ros']
[1.355s] Level 1:colcon.colcon_core.package_identification:_identify(src/my_interfaces) by extension 'ros'
[1.357s] DEBUG:colcon.colcon_core.package_identification:Package 'src/my_interfaces' with type 'ros.ament_cmake' and name 'my_interfaces'
[1.357s] Level 1:colcon.colcon_core.package_identification:_identify(src/sensor) by extensions ['ignore', 'ignore_ament_install']
[1.357s] Level 1:colcon.colcon_core.package_identification:_identify(src/sensor) by extension 'ignore'
[1.357s] Level 1:colcon.colcon_core.package_identification:_identify(src/sensor) by extension 'ignore_ament_install'
[1.357s] Level 1:colcon.colcon_core.package_identification:_identify(src/sensor) by extensions ['colcon_pkg']
[1.358s] Level 1:colcon.colcon_core.package_identification:_identify(src/sensor) by extension 'colcon_pkg'
[1.358s] Level 1:colcon.colcon_core.package_identification:_identify(src/sensor) by extensions ['colcon_meta']
[1.358s] Level 1:colcon.colcon_core.package_identification:_identify(src/sensor) by extension 'colcon_meta'
[1.358s] Level 1:colcon.colcon_core.package_identification:_identify(src/sensor) by extensions ['ros']
[1.358s] Level 1:colcon.colcon_core.package_identification:_identify(src/sensor) by extension 'ros'
[1.360s] DEBUG:colcon.colcon_core.package_identification:Package 'src/sensor' with type 'ros.ament_python' and name 'sensor'
[1.360s] Level 1:colcon.colcon_core.package_discovery:discover_packages(recursive) using defaults
[1.360s] Level 1:colcon.colcon_core.package_discovery:discover_packages(ignore) discover
[1.361s] Level 1:colcon.colcon_core.package_discovery:discover_packages(ignore) using defaults
[1.361s] Level 1:colcon.colcon_core.package_discovery:discover_packages(path) discover
[1.361s] Level 1:colcon.colcon_core.package_discovery:discover_packages(path) using defaults
[1.452s] INFO:colcon.colcon_core.package_selection:Skipping not selected package 'hiwonder_sdk' in 'hiwonder_sdk'
[1.452s] INFO:colcon.colcon_core.package_selection:Skipping not selected package 'actuator' in 'src/actuator'
[1.452s] INFO:colcon.colcon_core.package_selection:Skipping not selected package 'decision' in 'src/decision'
[1.452s] INFO:colcon.colcon_core.package_selection:Skipping not selected package 'sensor' in 'src/sensor'
[1.453s] Level 1:colcon.colcon_core.package_discovery:discover_packages(prefix_path) check parameters
[1.454s] Level 1:colcon.colcon_core.package_discovery:discover_packages(prefix_path) discover
[1.459s] DEBUG:colcon.colcon_installed_package_information.package_discovery:Found 271 installed packages in /opt/ros/humble
[1.463s] Level 1:colcon.colcon_core.package_discovery:discover_packages(prefix_path) using defaults
[1.556s] Level 5:colcon.colcon_core.verb:set package 'my_interfaces' build argument 'cmake_args' from command line to 'None'
[1.556s] Level 5:colcon.colcon_core.verb:set package 'my_interfaces' build argument 'cmake_target' from command line to 'None'
[1.556s] Level 5:colcon.colcon_core.verb:set package 'my_interfaces' build argument 'cmake_target_skip_unavailable' from command line to 'False'
[1.556s] Level 5:colcon.colcon_core.verb:set package 'my_interfaces' build argument 'cmake_clean_cache' from command line to 'False'
[1.556s] Level 5:colcon.colcon_core.verb:set package 'my_interfaces' build argument 'cmake_clean_first' from command line to 'False'
[1.556s] Level 5:colcon.colcon_core.verb:set package 'my_interfaces' build argument 'cmake_force_configure' from command line to 'False'
[1.556s] Level 5:colcon.colcon_core.verb:set package 'my_interfaces' build argument 'ament_cmake_args' from command line to 'None'
[1.556s] Level 5:colcon.colcon_core.verb:set package 'my_interfaces' build argument 'catkin_cmake_args' from command line to 'None'
[1.556s] Level 5:colcon.colcon_core.verb:set package 'my_interfaces' build argument 'catkin_skip_building_tests' from command line to 'False'
[1.556s] DEBUG:colcon.colcon_core.verb:Building package 'my_interfaces' with the following arguments: {'ament_cmake_args': None, 'build_base': '/root/ros_ws/build/my_interfaces', 'catkin_cmake_args': None, 'catkin_skip_building_tests': False, 'cmake_args': None, 'cmake_clean_cache': False, 'cmake_clean_first': False, 'cmake_force_configure': False, 'cmake_target': None, 'cmake_target_skip_unavailable': False, 'install_base': '/root/ros_ws/install/my_interfaces', 'merge_install': False, 'path': '/root/ros_ws/src/my_interfaces', 'symlink_install': False, 'test_result_base': None}
[1.557s] INFO:colcon.colcon_core.executor:Executing jobs using 'parallel' executor
[1.559s] DEBUG:colcon.colcon_parallel_executor.executor.parallel:run_until_complete
[1.560s] INFO:colcon.colcon_ros.task.ament_cmake.build:Building ROS package in '/root/ros_ws/src/my_interfaces' with build type 'ament_cmake'
[1.560s] INFO:colcon.colcon_cmake.task.cmake.build:Building CMake package in '/root/ros_ws/src/my_interfaces'
[1.565s] INFO:colcon.colcon_core.plugin_system:Skipping extension 'colcon_core.shell.bat': Not used on non-Windows systems
[1.566s] INFO:colcon.colcon_core.shell:Skip shell extension 'powershell' for command environment: Not usable outside of PowerShell
[1.566s] DEBUG:colcon.colcon_core.shell:Skip shell extension 'dsv' for command environment
[1.583s] DEBUG:colcon.colcon_core.event_handler.log_command:Invoking command in '/root/ros_ws/build/my_interfaces': CMAKE_PREFIX_PATH=/opt/ros/humble _=/usr/bin/env /usr/bin/cmake --build /root/ros_ws/build/my_interfaces -- -j3 -l3
[35.588s] DEBUG:colcon.colcon_core.event_handler.log_command:Invoked command in '/root/ros_ws/build/my_interfaces' returned '0': CMAKE_PREFIX_PATH=/opt/ros/humble _=/usr/bin/env /usr/bin/cmake --build /root/ros_ws/build/my_interfaces -- -j3 -l3
[35.610s] DEBUG:colcon.colcon_core.event_handler.log_command:Invoking command in '/root/ros_ws/build/my_interfaces': CMAKE_PREFIX_PATH=/opt/ros/humble _=/usr/bin/env /usr/bin/cmake --install /root/ros_ws/build/my_interfaces
[35.809s] Level 1:colcon.colcon_core.environment:create_environment_scripts_only(my_interfaces)
[35.814s] Level 1:colcon.colcon_core.environment:checking '/root/ros_ws/install/my_interfaces' for CMake module files
[35.815s] Level 1:colcon.colcon_core.environment:checking '/root/ros_ws/install/my_interfaces' for CMake config files
[35.816s] Level 1:colcon.colcon_core.shell:create_environment_hook('my_interfaces', 'cmake_prefix_path')
[35.817s] INFO:colcon.colcon_core.shell:Creating environment hook '/root/ros_ws/install/my_interfaces/share/my_interfaces/hook/cmake_prefix_path.ps1'
[35.818s] DEBUG:colcon.colcon_core.event_handler.log_command:Invoked command in '/root/ros_ws/build/my_interfaces' returned '0': CMAKE_PREFIX_PATH=/opt/ros/humble _=/usr/bin/env /usr/bin/cmake --install /root/ros_ws/build/my_interfaces
[35.820s] INFO:colcon.colcon_core.shell:Creating environment descriptor '/root/ros_ws/install/my_interfaces/share/my_interfaces/hook/cmake_prefix_path.dsv'
[35.821s] INFO:colcon.colcon_core.shell:Creating environment hook '/root/ros_ws/install/my_interfaces/share/my_interfaces/hook/cmake_prefix_path.sh'
[35.823s] Level 1:colcon.colcon_core.environment:checking '/root/ros_ws/install/my_interfaces/lib'
[35.824s] Level 1:colcon.colcon_core.shell:create_environment_hook('my_interfaces', 'ld_library_path_lib')
[35.824s] INFO:colcon.colcon_core.shell:Creating environment hook '/root/ros_ws/install/my_interfaces/share/my_interfaces/hook/ld_library_path_lib.ps1'
[35.825s] INFO:colcon.colcon_core.shell:Creating environment descriptor '/root/ros_ws/install/my_interfaces/share/my_interfaces/hook/ld_library_path_lib.dsv'
[35.826s] INFO:colcon.colcon_core.shell:Creating environment hook '/root/ros_ws/install/my_interfaces/share/my_interfaces/hook/ld_library_path_lib.sh'
[35.828s] Level 1:colcon.colcon_core.environment:checking '/root/ros_ws/install/my_interfaces/bin'
[35.828s] Level 1:colcon.colcon_core.environment:checking '/root/ros_ws/install/my_interfaces/lib/pkgconfig/my_interfaces.pc'
[35.828s] Level 1:colcon.colcon_core.environment:checking '/root/ros_ws/install/my_interfaces/lib/python3.10/site-packages'
[35.829s] Level 1:colcon.colcon_core.environment:checking '/root/ros_ws/install/my_interfaces/bin'
[35.830s] INFO:colcon.colcon_core.shell:Creating package script '/root/ros_ws/install/my_interfaces/share/my_interfaces/package.ps1'
[35.832s] INFO:colcon.colcon_core.shell:Creating package descriptor '/root/ros_ws/install/my_interfaces/share/my_interfaces/package.dsv'
[35.834s] INFO:colcon.colcon_core.shell:Creating package script '/root/ros_ws/install/my_interfaces/share/my_interfaces/package.sh'
[35.836s] INFO:colcon.colcon_core.shell:Creating package script '/root/ros_ws/install/my_interfaces/share/my_interfaces/package.bash'
[35.838s] INFO:colcon.colcon_core.shell:Creating package script '/root/ros_ws/install/my_interfaces/share/my_interfaces/package.zsh'
[35.840s] Level 1:colcon.colcon_core.environment:create_file_with_runtime_dependencies(/root/ros_ws/install/my_interfaces/share/colcon-core/packages/my_interfaces)
[35.841s] Level 1:colcon.colcon_core.environment:create_environment_scripts_only(my_interfaces)
[35.842s] Level 1:colcon.colcon_core.environment:checking '/root/ros_ws/install/my_interfaces' for CMake module files
[35.843s] Level 1:colcon.colcon_core.environment:checking '/root/ros_ws/install/my_interfaces' for CMake config files
[35.844s] Level 1:colcon.colcon_core.shell:create_environment_hook('my_interfaces', 'cmake_prefix_path')
[35.845s] INFO:colcon.colcon_core.shell:Creating environment hook '/root/ros_ws/install/my_interfaces/share/my_interfaces/hook/cmake_prefix_path.ps1'
[35.846s] INFO:colcon.colcon_core.shell:Creating environment descriptor '/root/ros_ws/install/my_interfaces/share/my_interfaces/hook/cmake_prefix_path.dsv'
[35.847s] INFO:colcon.colcon_core.shell:Creating environment hook '/root/ros_ws/install/my_interfaces/share/my_interfaces/hook/cmake_prefix_path.sh'
[35.848s] Level 1:colcon.colcon_core.environment:checking '/root/ros_ws/install/my_interfaces/lib'
[35.848s] Level 1:colcon.colcon_core.shell:create_environment_hook('my_interfaces', 'ld_library_path_lib')
[35.849s] INFO:colcon.colcon_core.shell:Creating environment hook '/root/ros_ws/install/my_interfaces/share/my_interfaces/hook/ld_library_path_lib.ps1'
[35.850s] INFO:colcon.colcon_core.shell:Creating environment descriptor '/root/ros_ws/install/my_interfaces/share/my_interfaces/hook/ld_library_path_lib.dsv'
[35.851s] INFO:colcon.colcon_core.shell:Creating environment hook '/root/ros_ws/install/my_interfaces/share/my_interfaces/hook/ld_library_path_lib.sh'
[35.852s] Level 1:colcon.colcon_core.environment:checking '/root/ros_ws/install/my_interfaces/bin'
[35.852s] Level 1:colcon.colcon_core.environment:checking '/root/ros_ws/install/my_interfaces/lib/pkgconfig/my_interfaces.pc'
[35.853s] Level 1:colcon.colcon_core.environment:checking '/root/ros_ws/install/my_interfaces/lib/python3.10/site-packages'
[35.853s] Level 1:colcon.colcon_core.environment:checking '/root/ros_ws/install/my_interfaces/bin'
[35.854s] INFO:colcon.colcon_core.shell:Creating package script '/root/ros_ws/install/my_interfaces/share/my_interfaces/package.ps1'
[35.856s] INFO:colcon.colcon_core.shell:Creating package descriptor '/root/ros_ws/install/my_interfaces/share/my_interfaces/package.dsv'
[35.857s] INFO:colcon.colcon_core.shell:Creating package script '/root/ros_ws/install/my_interfaces/share/my_interfaces/package.sh'
[35.859s] INFO:colcon.colcon_core.shell:Creating package script '/root/ros_ws/install/my_interfaces/share/my_interfaces/package.bash'
[35.860s] INFO:colcon.colcon_core.shell:Creating package script '/root/ros_ws/install/my_interfaces/share/my_interfaces/package.zsh'
[35.861s] Level 1:colcon.colcon_core.environment:create_file_with_runtime_dependencies(/root/ros_ws/install/my_interfaces/share/colcon-core/packages/my_interfaces)
[35.862s] DEBUG:colcon.colcon_parallel_executor.executor.parallel:closing loop
[35.863s] DEBUG:colcon.colcon_parallel_executor.executor.parallel:loop closed
[35.863s] DEBUG:colcon.colcon_parallel_executor.executor.parallel:run_until_complete finished with '0'
[35.863s] DEBUG:colcon.colcon_core.event_reactor:joining thread
[35.875s] INFO:colcon.colcon_core.plugin_system:Skipping extension 'colcon_notification.desktop_notification.terminal_notifier': Not used on non-Darwin systems
[35.875s] INFO:colcon.colcon_core.plugin_system:Skipping extension 'colcon_notification.desktop_notification.win32': Not used on non-Windows systems
[35.875s] INFO:colcon.colcon_notification.desktop_notification:Sending desktop notification using 'notify2'
[35.884s] DEBUG:colcon.colcon_core.event_reactor:joined thread
[35.885s] INFO:colcon.colcon_core.shell:Creating prefix script '/root/ros_ws/install/local_setup.ps1'
[35.887s] INFO:colcon.colcon_core.shell:Creating prefix util module '/root/ros_ws/install/_local_setup_util_ps1.py'
[35.891s] INFO:colcon.colcon_core.shell:Creating prefix chain script '/root/ros_ws/install/setup.ps1'
[35.894s] INFO:colcon.colcon_core.shell:Creating prefix script '/root/ros_ws/install/local_setup.sh'
[35.896s] INFO:colcon.colcon_core.shell:Creating prefix util module '/root/ros_ws/install/_local_setup_util_sh.py'
[35.897s] INFO:colcon.colcon_core.shell:Creating prefix chain script '/root/ros_ws/install/setup.sh'
[35.900s] INFO:colcon.colcon_core.shell:Creating prefix script '/root/ros_ws/install/local_setup.bash'
[35.901s] INFO:colcon.colcon_core.shell:Creating prefix chain script '/root/ros_ws/install/setup.bash'
[35.903s] INFO:colcon.colcon_core.shell:Creating prefix script '/root/ros_ws/install/local_setup.zsh'
[35.904s] INFO:colcon.colcon_core.shell:Creating prefix chain script '/root/ros_ws/install/setup.zsh'
