running egg_info
creating ../../build/actuator/actuator.egg-info
writing ../../build/actuator/actuator.egg-info/PKG-INFO
writing dependency_links to ../../build/actuator/actuator.egg-info/dependency_links.txt
writing entry points to ../../build/actuator/actuator.egg-info/entry_points.txt
writing requirements to ../../build/actuator/actuator.egg-info/requires.txt
writing top-level names to ../../build/actuator/actuator.egg-info/top_level.txt
writing manifest file '../../build/actuator/actuator.egg-info/SOURCES.txt'
reading manifest file '../../build/actuator/actuator.egg-info/SOURCES.txt'
writing manifest file '../../build/actuator/actuator.egg-info/SOURCES.txt'
running build
running build_py
creating /root/ros_ws/build/actuator/build
creating /root/ros_ws/build/actuator/build/lib
creating /root/ros_ws/build/actuator/build/lib/actuator
copying actuator/clamp.py -> /root/ros_ws/build/actuator/build/lib/actuator
copying actuator/__init__.py -> /root/ros_ws/build/actuator/build/lib/actuator
copying actuator/arm.py -> /root/ros_ws/build/actuator/build/lib/actuator
copying actuator/wheel.py -> /root/ros_ws/build/actuator/build/lib/actuator
running install
running install_lib
creating /root/ros_ws/install/actuator/lib/python3.10/site-packages/actuator
copying /root/ros_ws/build/actuator/build/lib/actuator/clamp.py -> /root/ros_ws/install/actuator/lib/python3.10/site-packages/actuator
copying /root/ros_ws/build/actuator/build/lib/actuator/__init__.py -> /root/ros_ws/install/actuator/lib/python3.10/site-packages/actuator
copying /root/ros_ws/build/actuator/build/lib/actuator/arm.py -> /root/ros_ws/install/actuator/lib/python3.10/site-packages/actuator
copying /root/ros_ws/build/actuator/build/lib/actuator/wheel.py -> /root/ros_ws/install/actuator/lib/python3.10/site-packages/actuator
byte-compiling /root/ros_ws/install/actuator/lib/python3.10/site-packages/actuator/clamp.py to clamp.cpython-310.pyc
byte-compiling /root/ros_ws/install/actuator/lib/python3.10/site-packages/actuator/__init__.py to __init__.cpython-310.pyc
byte-compiling /root/ros_ws/install/actuator/lib/python3.10/site-packages/actuator/arm.py to arm.cpython-310.pyc
byte-compiling /root/ros_ws/install/actuator/lib/python3.10/site-packages/actuator/wheel.py to wheel.cpython-310.pyc
running install_data
creating /root/ros_ws/install/actuator/share/ament_index
creating /root/ros_ws/install/actuator/share/ament_index/resource_index
creating /root/ros_ws/install/actuator/share/ament_index/resource_index/packages
copying resource/actuator -> /root/ros_ws/install/actuator/share/ament_index/resource_index/packages
copying package.xml -> /root/ros_ws/install/actuator/share/actuator
running install_egg_info
Copying ../../build/actuator/actuator.egg-info to /root/ros_ws/install/actuator/lib/python3.10/site-packages/actuator-0.0.0-py3.10.egg-info
running install_scripts
Installing arm script to /root/ros_ws/install/actuator/lib/actuator
Installing clamp script to /root/ros_ws/install/actuator/lib/actuator
Installing wheel script to /root/ros_ws/install/actuator/lib/actuator
writing list of installed files to '/root/ros_ws/build/actuator/install.log'
