[2.223s] Invoking command in '/root/ros_ws/src/actuator': LD_LIBRARY_PATH=/root/ros_ws/install/my_interfaces/lib:/usr/local/Ascend/ascend-toolkit/latest/tools/aml/lib64:/usr/local/Ascend/ascend-toolkit/latest/tools/aml/lib64/plugin:/usr/local/Ascend/ascend-toolkit/latest/lib64:/usr/local/Ascend/ascend-toolkit/latest/lib64/plugin/opskernel:/usr/local/Ascend/ascend-toolkit/latest/lib64/plugin/nnengine:/usr/local/Ascend/ascend-toolkit/latest/opp/built-in/op_impl/ai_core/tbe/op_tiling/lib/linux/aarch64:/var/davinci/driver/lib64:/var/davinci/driver/lib64/common:/var/davinci/driver/lib64/driver:/opt/ros/humble/opt/rviz_ogre_vendor/lib:/opt/ros/humble/lib/aarch64-linux-gnu:/opt/ros/humble/lib:/usr/local/Ascend/ascend-toolkit/latest/tools/aml/lib64:/usr/local/Ascend/ascend-toolkit/latest/tools/aml/lib64/plugin:/usr/local/Ascend/ascend-toolkit/latest/lib64:/usr/local/Ascend/ascend-toolkit/latest/lib64/plugin/opskernel:/usr/local/Ascend/ascend-toolkit/latest/lib64/plugin/nnengine:/usr/local/Ascend/ascend-toolkit/latest/opp/built-in/op_impl/ai_core/tbe/op_tiling/lib/linux/aarch64:/var/davinci/driver/lib64:/var/davinci/driver/lib64/common:/var/davinci/driver/lib64/driver:/usr/local/Ascend/ascend-toolkit/laster/runtime/lib64/stub/aarch64:/usr/local/Ascend/ascend-toolkit/laster/lib64:/usr/local/Ascend/ascend-toolkit/laster/lib64/plugin/opskernel:/usr/local/Ascend/ascend-toolkit/laster/lib64/plugin/nnengine:/usr/local/Ascend/ascend-toolkit/laster/opp/built-in/op_impl/ai_core/tbe/op_tiling:/usr/local/Ascend/driver/lib64:/var/davinci/driver/lib64:/var/davinci/driver/lib64/common:/var/davinci/driver/lib64/driver PYTHONPATH=/root/ros_ws/build/actuator/prefix_override:/usr/lib/python3/dist-packages/colcon_core/task/python/colcon_distutils_commands:/root/ros_ws/install/actuator/lib/python3.10/site-packages:/root/ros_ws/install/hiwonder_sdk/lib/python3.10/site-packages:/root/ros_ws/install/sensor/lib/python3.10/site-packages:/root/ros_ws/build/decision:/root/ros_ws/install/decision/lib/python3.10/site-packages:/root/ros_ws/build/actuator:/root/ros_ws/install/actuator/lib/python3.10/site-packages:/root/ros_ws/install/my_interfaces/local/lib/python3.10/dist-packages:/root/ros_ws/build/hiwonder_sdk:/usr/local/Ascend/ascend-toolkit/latest/python/site-packages:/usr/local/Ascend/ascend-toolkit/latest/opp/built-in/op_impl/ai_core/tbe:/opt/ros/humble/lib/python3.10/site-packages:/opt/ros/humble/local/lib/python3.10/dist-packages:/usr/local/Ascend/ascend-toolkit/latest/python/site-packages:/usr/local/Ascend/ascend-toolkit/latest/opp/built-in/op_impl/ai_core/tbe:/usr/local/Ascend/ascend-toolkit/laster/python/site-packages:/usr/local/Ascend/ascend-toolkit/laster/opp/built-in/op_impl/ai_core/tbe _=/usr/bin/env /usr/bin/python3 -W ignore:setup.py install is deprecated -W ignore:easy_install command is deprecated setup.py egg_info --egg-base ../../build/actuator build --build-base /root/ros_ws/build/actuator/build install --record /root/ros_ws/build/actuator/install.log --single-version-externally-managed install_data
[2.799s] running egg_info
[2.800s] creating ../../build/actuator/actuator.egg-info
[2.801s] writing ../../build/actuator/actuator.egg-info/PKG-INFO
[2.802s] writing dependency_links to ../../build/actuator/actuator.egg-info/dependency_links.txt
[2.802s] writing entry points to ../../build/actuator/actuator.egg-info/entry_points.txt
[2.803s] writing requirements to ../../build/actuator/actuator.egg-info/requires.txt
[2.803s] writing top-level names to ../../build/actuator/actuator.egg-info/top_level.txt
[2.803s] writing manifest file '../../build/actuator/actuator.egg-info/SOURCES.txt'
[2.807s] reading manifest file '../../build/actuator/actuator.egg-info/SOURCES.txt'
[2.808s] writing manifest file '../../build/actuator/actuator.egg-info/SOURCES.txt'
[2.809s] running build
[2.809s] running build_py
[2.810s] creating /root/ros_ws/build/actuator/build
[2.810s] creating /root/ros_ws/build/actuator/build/lib
[2.810s] creating /root/ros_ws/build/actuator/build/lib/actuator
[2.811s] copying actuator/clamp.py -> /root/ros_ws/build/actuator/build/lib/actuator
[2.811s] copying actuator/__init__.py -> /root/ros_ws/build/actuator/build/lib/actuator
[2.811s] copying actuator/arm.py -> /root/ros_ws/build/actuator/build/lib/actuator
[2.811s] copying actuator/wheel.py -> /root/ros_ws/build/actuator/build/lib/actuator
[2.811s] running install
[2.811s] running install_lib
[2.813s] creating /root/ros_ws/install/actuator/lib/python3.10/site-packages/actuator
[2.813s] copying /root/ros_ws/build/actuator/build/lib/actuator/clamp.py -> /root/ros_ws/install/actuator/lib/python3.10/site-packages/actuator
[2.814s] copying /root/ros_ws/build/actuator/build/lib/actuator/__init__.py -> /root/ros_ws/install/actuator/lib/python3.10/site-packages/actuator
[2.814s] copying /root/ros_ws/build/actuator/build/lib/actuator/arm.py -> /root/ros_ws/install/actuator/lib/python3.10/site-packages/actuator
[2.814s] copying /root/ros_ws/build/actuator/build/lib/actuator/wheel.py -> /root/ros_ws/install/actuator/lib/python3.10/site-packages/actuator
[2.815s] byte-compiling /root/ros_ws/install/actuator/lib/python3.10/site-packages/actuator/clamp.py to clamp.cpython-310.pyc
[2.816s] byte-compiling /root/ros_ws/install/actuator/lib/python3.10/site-packages/actuator/__init__.py to __init__.cpython-310.pyc
[2.817s] byte-compiling /root/ros_ws/install/actuator/lib/python3.10/site-packages/actuator/arm.py to arm.cpython-310.pyc
[2.817s] byte-compiling /root/ros_ws/install/actuator/lib/python3.10/site-packages/actuator/wheel.py to wheel.cpython-310.pyc
[2.818s] running install_data
[2.819s] creating /root/ros_ws/install/actuator/share/ament_index
[2.819s] creating /root/ros_ws/install/actuator/share/ament_index/resource_index
[2.819s] creating /root/ros_ws/install/actuator/share/ament_index/resource_index/packages
[2.819s] copying resource/actuator -> /root/ros_ws/install/actuator/share/ament_index/resource_index/packages
[2.819s] copying package.xml -> /root/ros_ws/install/actuator/share/actuator
[2.820s] running install_egg_info
[2.824s] Copying ../../build/actuator/actuator.egg-info to /root/ros_ws/install/actuator/lib/python3.10/site-packages/actuator-0.0.0-py3.10.egg-info
[2.826s] running install_scripts
[2.886s] Installing arm script to /root/ros_ws/install/actuator/lib/actuator
[2.886s] Installing clamp script to /root/ros_ws/install/actuator/lib/actuator
[2.886s] Installing wheel script to /root/ros_ws/install/actuator/lib/actuator
[2.886s] writing list of installed files to '/root/ros_ws/build/actuator/install.log'
[3.002s] Invoked command in '/root/ros_ws/src/actuator' returned '0': LD_LIBRARY_PATH=/root/ros_ws/install/my_interfaces/lib:/usr/local/Ascend/ascend-toolkit/latest/tools/aml/lib64:/usr/local/Ascend/ascend-toolkit/latest/tools/aml/lib64/plugin:/usr/local/Ascend/ascend-toolkit/latest/lib64:/usr/local/Ascend/ascend-toolkit/latest/lib64/plugin/opskernel:/usr/local/Ascend/ascend-toolkit/latest/lib64/plugin/nnengine:/usr/local/Ascend/ascend-toolkit/latest/opp/built-in/op_impl/ai_core/tbe/op_tiling/lib/linux/aarch64:/var/davinci/driver/lib64:/var/davinci/driver/lib64/common:/var/davinci/driver/lib64/driver:/opt/ros/humble/opt/rviz_ogre_vendor/lib:/opt/ros/humble/lib/aarch64-linux-gnu:/opt/ros/humble/lib:/usr/local/Ascend/ascend-toolkit/latest/tools/aml/lib64:/usr/local/Ascend/ascend-toolkit/latest/tools/aml/lib64/plugin:/usr/local/Ascend/ascend-toolkit/latest/lib64:/usr/local/Ascend/ascend-toolkit/latest/lib64/plugin/opskernel:/usr/local/Ascend/ascend-toolkit/latest/lib64/plugin/nnengine:/usr/local/Ascend/ascend-toolkit/latest/opp/built-in/op_impl/ai_core/tbe/op_tiling/lib/linux/aarch64:/var/davinci/driver/lib64:/var/davinci/driver/lib64/common:/var/davinci/driver/lib64/driver:/usr/local/Ascend/ascend-toolkit/laster/runtime/lib64/stub/aarch64:/usr/local/Ascend/ascend-toolkit/laster/lib64:/usr/local/Ascend/ascend-toolkit/laster/lib64/plugin/opskernel:/usr/local/Ascend/ascend-toolkit/laster/lib64/plugin/nnengine:/usr/local/Ascend/ascend-toolkit/laster/opp/built-in/op_impl/ai_core/tbe/op_tiling:/usr/local/Ascend/driver/lib64:/var/davinci/driver/lib64:/var/davinci/driver/lib64/common:/var/davinci/driver/lib64/driver PYTHONPATH=/root/ros_ws/build/actuator/prefix_override:/usr/lib/python3/dist-packages/colcon_core/task/python/colcon_distutils_commands:/root/ros_ws/install/actuator/lib/python3.10/site-packages:/root/ros_ws/install/hiwonder_sdk/lib/python3.10/site-packages:/root/ros_ws/install/sensor/lib/python3.10/site-packages:/root/ros_ws/build/decision:/root/ros_ws/install/decision/lib/python3.10/site-packages:/root/ros_ws/build/actuator:/root/ros_ws/install/actuator/lib/python3.10/site-packages:/root/ros_ws/install/my_interfaces/local/lib/python3.10/dist-packages:/root/ros_ws/build/hiwonder_sdk:/usr/local/Ascend/ascend-toolkit/latest/python/site-packages:/usr/local/Ascend/ascend-toolkit/latest/opp/built-in/op_impl/ai_core/tbe:/opt/ros/humble/lib/python3.10/site-packages:/opt/ros/humble/local/lib/python3.10/dist-packages:/usr/local/Ascend/ascend-toolkit/latest/python/site-packages:/usr/local/Ascend/ascend-toolkit/latest/opp/built-in/op_impl/ai_core/tbe:/usr/local/Ascend/ascend-toolkit/laster/python/site-packages:/usr/local/Ascend/ascend-toolkit/laster/opp/built-in/op_impl/ai_core/tbe _=/usr/bin/env /usr/bin/python3 -W ignore:setup.py install is deprecated -W ignore:easy_install command is deprecated setup.py egg_info --egg-base ../../build/actuator build --build-base /root/ros_ws/build/actuator/build install --record /root/ros_ws/build/actuator/install.log --single-version-externally-managed install_data
